Component: ARM Compiler 5.06 update 4 (build 422) Tool: armlink [4d35d2]

==============================================================================

Section Cross References

    startup_stm32f10x_md.o(STACK) refers (Special) to heapauxi.o(.text) for __use_two_region_memory
    startup_stm32f10x_md.o(HEAP) refers (Special) to heapauxi.o(.text) for __use_two_region_memory
    startup_stm32f10x_md.o(RESET) refers (Special) to heapauxi.o(.text) for __use_two_region_memory
    startup_stm32f10x_md.o(RESET) refers to startup_stm32f10x_md.o(STACK) for __initial_sp
    startup_stm32f10x_md.o(RESET) refers to startup_stm32f10x_md.o(.text) for Reset_Handler
    startup_stm32f10x_md.o(RESET) refers to stm32f10x_it.o(i.NMI_Handler) for NMI_Handler
    startup_stm32f10x_md.o(RESET) refers to stm32f10x_it.o(i.HardFault_Handler) for HardFault_Handler
    startup_stm32f10x_md.o(RESET) refers to stm32f10x_it.o(i.MemManage_Handler) for MemManage_Handler
    startup_stm32f10x_md.o(RESET) refers to stm32f10x_it.o(i.BusFault_Handler) for BusFault_Handler
    startup_stm32f10x_md.o(RESET) refers to stm32f10x_it.o(i.UsageFault_Handler) for UsageFault_Handler
    startup_stm32f10x_md.o(RESET) refers to stm32f10x_it.o(i.SVC_Handler) for SVC_Handler
    startup_stm32f10x_md.o(RESET) refers to stm32f10x_it.o(i.DebugMon_Handler) for DebugMon_Handler
    startup_stm32f10x_md.o(RESET) refers to stm32f10x_it.o(i.PendSV_Handler) for PendSV_Handler
    startup_stm32f10x_md.o(RESET) refers to stm32f10x_it.o(i.SysTick_Handler) for SysTick_Handler
    startup_stm32f10x_md.o(RESET) refers to usart.o(i.USART1_IRQHandler) for USART1_IRQHandler
    startup_stm32f10x_md.o(RESET) refers to usart2.o(i.USART2_IRQHandler) for USART2_IRQHandler
    startup_stm32f10x_md.o(.text) refers (Special) to heapauxi.o(.text) for __use_two_region_memory
    startup_stm32f10x_md.o(.text) refers to __main.o(!!!main) for __main
    startup_stm32f10x_md.o(.text) refers to startup_stm32f10x_md.o(HEAP) for Heap_Mem
    startup_stm32f10x_md.o(.text) refers to startup_stm32f10x_md.o(STACK) for Stack_Mem
    test.o(i.main) refers to sys.o(i.Stm32_Clock_Init) for Stm32_Clock_Init
    test.o(i.main) refers to delay.o(i.delay_init) for delay_init
    test.o(i.main) refers to usart.o(i.uart_init) for uart_init
    test.o(i.main) refers to usart2.o(i.uart2_init) for uart2_init
    test.o(i.main) refers to dwm1000.o(i.DWM1000_Init) for DWM1000_Init
    test.o(i.main) refers to delay.o(i.delay_ms) for delay_ms
    test.o(i.main) refers to usart.o(i.UART1_Putchar) for UART1_Putchar
    test.o(i.main) refers to dflt_clz.o(x$fpl$dflt) for __aeabi_i2d
    test.o(i.main) refers to ddiv.o(x$fpl$ddiv) for __aeabi_ddiv
    test.o(i.main) refers to dwm1000.o(i.Dwm1000_Respond) for Dwm1000_Respond
    test.o(i.main) refers to dleqf.o(x$fpl$dleqf) for __aeabi_cdcmple
    test.o(i.main) refers to d2f.o(x$fpl$d2f) for __aeabi_d2f
    test.o(i.main) refers to kalman.o(i.KalMan_Update) for KalMan_Update
    test.o(i.main) refers to fmul.o(x$fpl$fmul) for __aeabi_fmul
    test.o(i.main) refers to fdiv.o(x$fpl$fdiv) for __aeabi_fdiv
    test.o(i.main) refers to ffix.o(x$fpl$ffix) for __aeabi_f2iz
    test.o(i.main) refers to fflt_clz.o(x$fpl$fflt) for __aeabi_i2f
    test.o(i.main) refers to faddsub_clz.o(x$fpl$frsb) for __aeabi_frsub
    test.o(i.main) refers to fleqf.o(x$fpl$fleqf) for __aeabi_cfcmple
    test.o(i.main) refers to faddsub_clz.o(x$fpl$fadd) for __aeabi_fadd
    test.o(i.main) refers to f2d.o(x$fpl$f2d) for __aeabi_f2d
    test.o(i.main) refers to frleqf.o(x$fpl$frleqf) for __aeabi_cfrcmple
    test.o(i.main) refers to dmul.o(x$fpl$dmul) for __aeabi_dmul
    test.o(i.main) refers to daddsub_clz.o(x$fpl$dadd) for __aeabi_dadd
    test.o(i.main) refers to daddsub_clz.o(x$fpl$dsub) for __aeabi_dsub
    test.o(i.main) refers to test.o(.data) for UWB_ID
    test.o(i.main) refers to test.o(.bss) for U1_RX_BUF
    kalman.o(i.KalMan_PramInit) refers to kalman.o(.data) for Temp1
    kalman.o(i.KalMan_Update) refers to matrix.o(i.MatrixMul) for MatrixMul
    kalman.o(i.KalMan_Update) refers to matrix.o(i.MatrixCal) for MatrixCal
    kalman.o(i.KalMan_Update) refers to matrix.o(i.MatrixAdd) for MatrixAdd
    kalman.o(i.KalMan_Update) refers to matrix.o(i.Gauss_Jordan) for Gauss_Jordan
    kalman.o(i.KalMan_Update) refers to matrix.o(i.MatrixTrans) for MatrixTrans
    kalman.o(i.KalMan_Update) refers to matrix.o(i.MatrixMinus) for MatrixMinus
    kalman.o(i.KalMan_Update) refers to kalman.o(.data) for X
    kalman.o(i.KalMan_Update) refers to test.o(.data) for WJY11
    matrix.o(i.Gauss_Jordan) refers to f2d.o(x$fpl$f2d) for __aeabi_f2d
    matrix.o(i.Gauss_Jordan) refers to d2f.o(x$fpl$d2f) for __aeabi_d2f
    matrix.o(i.Gauss_Jordan) refers to frleqf.o(x$fpl$frleqf) for __aeabi_cfrcmple
    matrix.o(i.Gauss_Jordan) refers to daddsub_clz.o(x$fpl$dadd) for __aeabi_dadd
    matrix.o(i.Gauss_Jordan) refers to deqf.o(x$fpl$deqf) for __aeabi_cdcmpeq
[...]
    ../clib/armsys.c                         0x00000000   Number         0  argv_veneer.o ABSOLUTE
    ../clib/heapalloc.c                      0x00000000   Number         0  hrguard.o ABSOLUTE
    ../clib/heapaux.c                        0x00000000   Number         0  heapauxi.o ABSOLUTE
    ../clib/libinit.s                        0x00000000   Number         0  libshutdown.o ABSOLUTE
    ../clib/libinit.s                        0x00000000   Number         0  libinit2.o ABSOLUTE
    ../clib/libinit.s                        0x00000000   Number         0  libshutdown2.o ABSOLUTE
    ../clib/libinit.s                        0x00000000   Number         0  libinit.o ABSOLUTE
    ../clib/memcpset.s                       0x00000000   Number         0  rt_memcpy_w.o ABSOLUTE
    ../clib/signal.c                         0x00000000   Number         0  defsig_rtmem_outer.o ABSOLUTE
    ../clib/signal.c                         0x00000000   Number         0  defsig_abrt_inner.o ABSOLUTE
    ../clib/signal.c                         0x00000000   Number         0  defsig_other.o ABSOLUTE
    ../clib/signal.c                         0x00000000   Number         0  defsig_segv_inner.o ABSOLUTE
    ../clib/signal.c                         0x00000000   Number         0  defsig_cppl_inner.o ABSOLUTE
    ../clib/signal.c                         0x00000000   Number         0  defsig_stak_inner.o ABSOLUTE
    ../clib/signal.c                         0x00000000   Number         0  defsig_rtred_inner.o ABSOLUTE
    ../clib/signal.c                         0x00000000   Number         0  defsig_fpe_inner.o ABSOLUTE
    ../clib/signal.c                         0x00000000   Number         0  defsig_pvfn_inner.o ABSOLUTE
    ../clib/signal.c                         0x00000000   Number         0  defsig_general.o ABSOLUTE
    ../clib/signal.c                         0x00000000   Number         0  __raise.o ABSOLUTE
    ../clib/signal.c                         0x00000000   Number         0  defsig_rtmem_inner.o ABSOLUTE
    ../clib/signal.c                         0x00000000   Number         0  defsig_exit.o ABSOLUTE
    ../clib/signal.c                         0x00000000   Number         0  defsig_rtmem_formal.o ABSOLUTE
    ../clib/signal.s                         0x00000000   Number         0  defsig.o ABSOLUTE
    ../clib/stdlib.c                         0x00000000   Number         0  exit.o ABSOLUTE
    ../clib/string.c                         0x00000000   Number         0  memcmp.o ABSOLUTE
    ../fplib/d2f.s                           0x00000000   Number         0  d2f.o ABSOLUTE
    ../fplib/daddsub.s                       0x00000000   Number         0  daddsub_clz.o ABSOLUTE
    ../fplib/dcmpi.s                         0x00000000   Number         0  dcmpi.o ABSOLUTE
    ../fplib/ddiv.s                          0x00000000   Number         0  ddiv.o ABSOLUTE
    ../fplib/deqf.s                          0x00000000   Number         0  deqf.o ABSOLUTE
    ../fplib/dfix.s                          0x00000000   Number         0  dfix.o ABSOLUTE
    ../fplib/dfixll.s                        0x00000000   Number         0  dfixll.o ABSOLUTE
    ../fplib/dflt.s                          0x00000000   Number         0  dflt_clz.o ABSOLUTE
    ../fplib/dfltll.s                        0x00000000   Number         0  dfltll_clz.o ABSOLUTE
    ../fplib/dleqf.s                         0x00000000   Number         0  dleqf.o ABSOLUTE
    ../fplib/dmul.s                          0x00000000   Number         0  dmul.o ABSOLUTE
    ../fplib/dnaninf.s                       0x00000000   Number         0  dnaninf.o ABSOLUTE
    ../fplib/dretinf.s                       0x00000000   Number         0  dretinf.o ABSOLUTE
    ../fplib/f2d.s                           0x00000000   Number         0  f2d.o ABSOLUTE
    ../fplib/faddsub.s                       0x00000000   Number         0  faddsub_clz.o ABSOLUTE
    ../fplib/fcmpi.s                         0x00000000   Number         0  fcmpi.o ABSOLUTE
    ../fplib/fdiv.s                          0x00000000   Number         0  fdiv.o ABSOLUTE
    ../fplib/ffix.s                          0x00000000   Number         0  ffix.o ABSOLUTE
    ../fplib/ffixu.s                         0x00000000   Number         0  ffixu.o ABSOLUTE
    ../fplib/fflt.s                          0x00000000   Number         0  fflt_clz.o ABSOLUTE
    ../fplib/fleqf.s                         0x00000000   Number         0  fleqf.o ABSOLUTE
    ../fplib/fmul.s                          0x00000000   Number         0  fmul.o ABSOLUTE
    ../fplib/fnaninf.s                       0x00000000   Number         0  fnaninf.o ABSOLUTE
    ../fplib/fpinit.s                        0x00000000   Number         0  fpinit.o ABSOLUTE
    ../fplib/fretinf.s                       0x00000000   Number         0  fretinf.o ABSOLUTE
    ../fplib/frleqf.s                        0x00000000   Number         0  frleqf.o ABSOLUTE
    ../fplib/usenofp.s                       0x00000000   Number         0  usenofp.o ABSOLUTE
    ..\Library\DWM1000\STM32F10x_StdPeriph_Driver\misc.c 0x00000000   Number         0  misc.o ABSOLUTE
    ..\Library\DWM1000\STM32F10x_StdPeriph_Driver\stm32f10x_bkp.c 0x00000000   Number         0  stm32f10x_bkp.o ABSOLUTE
    ..\Library\DWM1000\STM32F10x_StdPeriph_Driver\stm32f10x_exti.c 0x00000000   Number         0  stm32f10x_exti.o ABSOLUTE
    ..\Library\DWM1000\STM32F10x_StdPeriph_Driver\stm32f10x_gpio.c 0x00000000   Number         0  stm32f10x_gpio.o ABSOLUTE
    ..\Library\DWM1000\STM32F10x_StdPeriph_Driver\stm32f10x_it.c 0x00000000   Number         0  stm32f10x_it.o ABSOLUTE
    ..\Library\DWM1000\STM32F10x_StdPeriph_Driver\stm32f10x_pwr.c 0x00000000   Number         0  stm32f10x_pwr.o ABSOLUTE
    ..\Library\DWM1000\STM32F10x_StdPeriph_Driver\stm32f10x_rcc.c 0x00000000   Number         0  stm32f10x_rcc.o ABSOLUTE
    ..\Library\DWM1000\STM32F10x_StdPeriph_Driver\stm32f10x_rtc.c 0x00000000   Number         0  stm32f10x_rtc.o ABSOLUTE
    ..\Library\DWM1000\STM32F10x_StdPeriph_Driver\stm32f10x_spi.c 0x00000000   Number         0  stm32f10x_spi.o ABSOLUTE
    ..\Library\DWM1000\STM32F10x_StdPeriph_Driver\system_stm32f10x.c 0x00000000   Number         0  system_stm32f10x.o ABSOLUTE
    ..\Library\DWM1000\decadriver\deca_device.c 0x00000000   Number         0  deca_device.o ABSOLUTE
    ..\Library\DWM1000\decadriver\deca_params_init.c 0x00000000   Number         0  deca_params_init.o ABSOLUTE
    ..\Library\DWM1000\decadriver\deca_range_tables.c 0x00000000   Number         0  deca_range_tables.o ABSOLUTE
    ..\Library\DWM1000\dwm1000.c             0x00000000   Number         0  dwm1000.o ABSOLUTE
    ..\Library\DWM1000\platform\deca_mutex.c 0x00000000   Number         0  deca_mutex.o ABSOLUTE
    ..\Library\DWM1000\platform\deca_sleep.c 0x00000000   Number         0  deca_sleep.o ABSOLUTE
    ..\Library\DWM1000\platform\deca_spi.c   0x00000000   Number         0  deca_spi.o ABSOLUTE
    ..\Library\DWM1000\platform\port.c       0x00000000   Number         0  port.o ABSOLUTE
    ..\Library\KEY\key.c                     0x00000000   Number         0  key.o ABSOLUTE
    ..\Library\LED\led.c                     0x00000000   Number         0  led.o ABSOLUTE
    ..\Library\OLED\oled.c                   0x00000000   Number         0  oled.o ABSOLUTE
    ..\Library\UART2\usart2.c                0x00000000   Number         0  usart2.o ABSOLUTE
    ..\SYSTEM\delay\delay.c                  0x00000000   Number         0  delay.o ABSOLUTE
    ..\SYSTEM\sys\sys.c                      0x00000000   Number         0  sys.o ABSOLUTE
    ..\SYSTEM\usart\usart.c                  0x00000000   Number         0  usart.o ABSOLUTE
    ..\\SYSTEM\\sys\\sys.c                   0x00000000   Number         0  sys.o ABSOLUTE
    dc.s                                     0x00000000   Number         0  dc.o ABSOLUTE
    kalman.c                                 0x00000000   Number         0  kalman.o ABSOLUTE
    matrix.c                                 0x00000000   Number         0  matrix.o ABSOLUTE
    startup_stm32f10x_md.s                   0x00000000   Number         0  startup_stm32f10x_md.o ABSOLUTE
    test.c                                   0x00000000   Number         0  test.o ABSOLUTE
    RESET                                    0x08000000   Section      236  startup_stm32f10x_md.o(RESET)
    !!!main                                  0x080000ec   Section        8  __main.o(!!!main)
    !!!scatter                               0x080000f4   Section       52  __scatter.o(!!!scatter)
    !!dczerorl2                              0x08000128   Section       90  __dczerorl2.o(!!dczerorl2)
    !!handler_zi                             0x08000184   Section       28  __scatter_zi.o(!!handler_zi)
    .ARM.Collect$$libinit$$00000000          0x080001a0   Section        2  libinit.o(.ARM.Collect$$libinit$$00000000)
    .ARM.Collect$$libinit$$00000002          0x080001a2   Section        0  libinit2.o(.ARM.Collect$$libinit$$00000002)
    .ARM.Collect$$libinit$$00000004          0x080001a2   Section        0  libinit2.o(.ARM.Collect$$libinit$$00000004)
    .ARM.Collect$$libinit$$0000000A          0x080001a2   Section        0  libinit2.o(.ARM.Collect$$libinit$$0000000A)
    .ARM.Collect$$libinit$$0000000C          0x080001a2   Section        0  libinit2.o(.ARM.Collect$$libinit$$0000000C)
    .ARM.Collect$$libinit$$0000000E          0x080001a2   Section        0  libinit2.o(.ARM.Collect$$libinit$$0000000E)
    .ARM.Collect$$libinit$$00000011          0x080001a2   Section        0  libinit2.o(.ARM.Collect$$libinit$$00000011)
    .ARM.Collect$$libinit$$00000013          0x080001a2   Section        0  libinit2.o(.ARM.Collect$$libinit$$00000013)
    .ARM.Collect$$libinit$$00000015          0x080001a2   Section        0  libinit2.o(.ARM.Collect$$libinit$$00000015)
    .ARM.Collect$$libinit$$00000017          0x080001a2   Section        0  libinit2.o(.ARM.Collect$$libinit$$00000017)
    .ARM.Collect$$libinit$$00000019          0x080001a2   Section        0  libinit2.o(.ARM.Collect$$libinit$$00000019)
    .ARM.Collect$$libinit$$0000001B          0x080001a2   Section        0  libinit2.o(.ARM.Collect$$libinit$$0000001B)
    .ARM.Collect$$libinit$$0000001D          0x080001a2   Section        0  libinit2.o(.ARM.Collect$$libinit$$0000001D)
    .ARM.Collect$$libinit$$0000001F          0x080001a2   Section        0  libinit2.o(.ARM.Collect$$libinit$$0000001F)
    .ARM.Collect$$libinit$$00000021          0x080001a2   Section        0  libinit2.o(.ARM.Collect$$libinit$$00000021)
    .ARM.Collect$$libinit$$00000023          0x080001a2   Section        0  libinit2.o(.ARM.Collect$$libinit$$00000023)
    .ARM.Collect$$libinit$$00000025          0x080001a2   Section        0  libinit2.o(.ARM.Collect$$libinit$$00000025)
    .ARM.Collect$$libinit$$0000002C          0x080001a2   Section        0  libinit2.o(.ARM.Collect$$libinit$$0000002C)
    .ARM.Collect$$libinit$$0000002E          0x080001a2   Section        0  libinit2.o(.ARM.Collect$$libinit$$0000002E)
    .ARM.Collect$$libinit$$00000030          0x080001a2   Section        0  libinit2.o(.ARM.Collect$$libinit$$00000030)
    .ARM.Collect$$libinit$$00000032          0x080001a2   Section        0  libinit2.o(.ARM.Collect$$libinit$$00000032)
    .ARM.Collect$$libinit$$00000033          0x080001a2   Section        2  libinit2.o(.ARM.Collect$$libinit$$00000033)
    .ARM.Collect$$libshutdown$$00000000      0x080001a4   Section        2  libshutdown.o(.ARM.Collect$$libshutdown$$00000000)
    .ARM.Collect$$libshutdown$$00000002      0x080001a6   Section        0  libshutdown2.o(.ARM.Collect$$libshutdown$$00000002)
    .ARM.Collect$$libshutdown$$00000004      0x080001a6   Section        0  libshutdown2.o(.ARM.Collect$$libshutdown$$00000004)
    .ARM.Collect$$libshutdown$$00000007      0x080001a6   Section        0  libshutdown2.o(.ARM.Collect$$libshutdown$$00000007)
    .ARM.Collect$$libshutdown$$0000000A      0x080001a6   Section        0  libshutdown2.o(.ARM.Collect$$libshutdown$$0000000A)
    .ARM.Collect$$libshutdown$$0000000C      0x080001a6   Section        0  libshutdown2.o(.ARM.Collect$$libshutdown$$0000000C)
    .ARM.Collect$$libshutdown$$0000000F      0x080001a6   Section        0  libshutdown2.o(.ARM.Collect$$libshutdown$$0000000F)
    .ARM.Collect$$libshutdown$$00000010      0x080001a6   Section        2  libshutdown2.o(.ARM.Collect$$libshutdown$$00000010)
    .ARM.Collect$$rtentry$$00000000          0x080001a8   Section        0  __rtentry.o(.ARM.Collect$$rtentry$$00000000)
    .ARM.Collect$$rtentry$$00000002          0x080001a8   Section        0  __rtentry2.o(.ARM.Collect$$rtentry$$00000002)
    .ARM.Collect$$rtentry$$00000004          0x080001a8   Section        6  __rtentry4.o(.ARM.Collect$$rtentry$$00000004)
    .ARM.Collect$$rtentry$$00000009          0x080001ae   Section        0  __rtentry2.o(.ARM.Collect$$rtentry$$00000009)
    .ARM.Collect$$rtentry$$0000000A          0x080001ae   Section        4  __rtentry2.o(.ARM.Collect$$rtentry$$0000000A)
    .ARM.Collect$$rtentry$$0000000C          0x080001b2   Section        0  __rtentry2.o(.ARM.Collect$$rtentry$$0000000C)
    .ARM.Collect$$rtentry$$0000000D          0x080001b2   Section        8  __rtentry2.o(.ARM.Collect$$rtentry$$0000000D)
    .ARM.Collect$$rtexit$$00000000           0x080001ba   Section        2  rtexit.o(.ARM.Collect$$rtexit$$00000000)
    .ARM.Collect$$rtexit$$00000002           0x080001bc   Section        0  rtexit2.o(.ARM.Collect$$rtexit$$00000002)
    .ARM.Collect$$rtexit$$00000003           0x080001bc   Section        4  rtexit2.o(.ARM.Collect$$rtexit$$00000003)
    .ARM.Collect$$rtexit$$00000004           0x080001c0   Section        6  rtexit2.o(.ARM.Collect$$rtexit$$00000004)
    .text                                    0x080001c8   Section       56  startup_stm32f10x_md.o(.text)
    .text                                    0x08000200   Section        2  use_no_semi_2.o(.text)
    .text                                    0x08000202   Section        0  memcmp.o(.text)
    .text                                    0x0800025a   Section        0  heapauxi.o(.text)
    .text                                    0x08000260   Section        2  use_no_semi.o(.text)
    .text                                    0x08000262   Section       74  sys_stackheap_outer.o(.text)
    .text                                    0x080002ac   Section        0  exit.o(.text)
    .text                                    0x080002c0   Section        8  libspace.o(.text)
    i.BusFault_Handler                       0x080002c8   Section        0  stm32f10x_it.o(i.BusFault_Handler)
    i.DWM1000_Init                           0x080002cc   Section        0  dwm1000.o(i.DWM1000_Init)
    i.DebugMon_Handler                       0x08000318   Section        0  stm32f10x_it.o(i.DebugMon_Handler)
    i.Dwm1000_Respond                        0x0800031c   Section        0  dwm1000.o(i.Dwm1000_Respond)
    i.EXTI_GetITEnStatus                     0x08000614   Section        0  port.o(i.EXTI_GetITEnStatus)
    i.GPIO_Init                              0x08000630   Section        0  stm32f10x_gpio.o(i.GPIO_Init)
    i.GPIO_ResetBits                         0x08000746   Section        0  stm32f10x_gpio.o(i.GPIO_ResetBits)
    i.GPIO_SetBits                           0x0800074a   Section        0  stm32f10x_gpio.o(i.GPIO_SetBits)
    i.Gauss_Jordan                           0x08000750   Section        0  matrix.o(i.Gauss_Jordan)
    i.HardFault_Handler                      0x080009e0   Section        0  stm32f10x_it.o(i.HardFault_Handler)
    i.KalMan_Update                          0x080009e4   Section        0  kalman.o(i.KalMan_Update)
    i.MYRCC_DeInit                           0x08000b58   Section        0  sys.o(i.MYRCC_DeInit)
    i.MY_NVIC_Init                           0x08000bc0   Section        0  sys.o(i.MY_NVIC_Init)
    i.MY_NVIC_PriorityGroupConfig            0x08000c38   Section        0  sys.o(i.MY_NVIC_PriorityGroupConfig)
    i.MY_NVIC_SetVectorTable                 0x08000c60   Section        0  sys.o(i.MY_NVIC_SetVectorTable)
    i.MatrixAdd                              0x08000c74   Section        0  matrix.o(i.MatrixAdd)
    i.MatrixCal                              0x08000ca8   Section        0  matrix.o(i.MatrixCal)
    i.MatrixMinus                            0x08000cea   Section        0  matrix.o(i.MatrixMinus)
    i.MatrixMul                              0x08000d1e   Section        0  matrix.o(i.MatrixMul)
    i.MatrixTrans                            0x08000d94   Section        0  matrix.o(i.MatrixTrans)
    i.MemManage_Handler                      0x08000dc4   Section        0  stm32f10x_it.o(i.MemManage_Handler)
    i.NMI_Handler                            0x08000dc8   Section        0  stm32f10x_it.o(i.NMI_Handler)
    i.NVIC_SetPriority                       0x08000dcc   Section        0  port.o(i.NVIC_SetPriority)
    NVIC_SetPriority                         0x08000dcd   Thumb Code    32  port.o(i.NVIC_SetPriority)
    i.PendSV_Handler                         0x08000df4   Section        0  stm32f10x_it.o(i.PendSV_Handler)
    i.RCC_APB1PeriphResetCmd                 0x08000df8   Section        0  stm32f10x_rcc.o(i.RCC_APB1PeriphResetCmd)
    i.RCC_APB2PeriphClockCmd                 0x08000e18   Section        0  stm32f10x_rcc.o(i.RCC_APB2PeriphClockCmd)
    i.RCC_APB2PeriphResetCmd                 0x08000e38   Section        0  stm32f10x_rcc.o(i.RCC_APB2PeriphResetCmd)
    i.SPI_ChangeRate                         0x08000e58   Section        0  port.o(i.SPI_ChangeRate)
    i.SPI_Cmd                                0x08000e74   Section        0  stm32f10x_spi.o(i.SPI_Cmd)
    i.SPI_Configuration                      0x08000e8c   Section        0  port.o(i.SPI_Configuration)
    i.SPI_I2S_DeInit                         0x08000f40   Section        0  stm32f10x_spi.o(i.SPI_I2S_DeInit)
    i.SPI_I2S_GetFlagStatus                  0x08000f98   Section        0  stm32f10x_spi.o(i.SPI_I2S_GetFlagStatus)
    i.SPI_Init                               0x08000faa   Section        0  stm32f10x_spi.o(i.SPI_Init)
    i.SPI_SSOutputCmd                        0x08000fe6   Section        0  stm32f10x_spi.o(i.SPI_SSOutputCmd)
    i.SVC_Handler                            0x08000ffe   Section        0  stm32f10x_it.o(i.SVC_Handler)
    i.Stm32_Clock_Init                       0x08001000   Section        0  sys.o(i.Stm32_Clock_Init)
    i.SysTick_Configuration                  0x08001090   Section        0  port.o(i.SysTick_Configuration)
    i.SysTick_Handler                        0x080010e4   Section        0  stm32f10x_it.o(i.SysTick_Handler)
    i.UART1_Putchar                          0x080010f4   Section        0  usart.o(i.UART1_Putchar)
    i.USART1_IRQHandler                      0x08001110   Section        0  usart.o(i.USART1_IRQHandler)
    i.USART2_IRQHandler                      0x080011c4   Section        0  usart2.o(i.USART2_IRQHandler)
    i.UsageFault_Handler                     0x080011d0   Section        0  stm32f10x_it.o(i.UsageFault_Handler)
    i._dwt_configlde                         0x080011d4   Section        0  deca_device.o(i._dwt_configlde)
    i._dwt_enableclocks                      0x0800120c   Section        0  deca_device.o(i._dwt_enableclocks)
    i._dwt_loaducodefromrom                  0x080012f0   Section        0  deca_device.o(i._dwt_loaducodefromrom)
    i._dwt_otpread                           0x08001324   Section        0  deca_device.o(i._dwt_otpread)
    i._sys_exit                              0x08001372   Section        0  usart.o(i._sys_exit)
    i.deca_sleep                             0x08001376   Section        0  deca_sleep.o(i.deca_sleep)
    i.decamutexoff                           0x0800138e   Section        0  deca_mutex.o(i.decamutexoff)
    i.decamutexon                            0x080013ac   Section        0  deca_mutex.o(i.decamutexon)
    i.delay_init                             0x080013d4   Section        0  delay.o(i.delay_init)
    i.delay_ms                               0x08001414   Section        0  delay.o(i.delay_ms)
    i.dwt_configure                          0x08001450   Section        0  deca_device.o(i.dwt_configure)
    i.dwt_entersleepaftertx                  0x08001698   Section        0  deca_device.o(i.dwt_entersleepaftertx)
    i.dwt_forcetrxoff                        0x080016c0   Section        0  deca_device.o(i.dwt_forcetrxoff)
    i.dwt_initialise                         0x0800171c   Section        0  deca_device.o(i.dwt_initialise)
    i.dwt_read16bitoffsetreg                 0x0800185c   Section        0  deca_device.o(i.dwt_read16bitoffsetreg)
    i.dwt_read32bitoffsetreg                 0x08001888   Section        0  deca_device.o(i.dwt_read32bitoffsetreg)
    i.dwt_readdevid                          0x080018c0   Section        0  deca_device.o(i.dwt_readdevid)
    i.dwt_readfromdevice                     0x080018cc   Section        0  deca_device.o(i.dwt_readfromdevice)
    i.dwt_readrxdata                         0x08001930   Section        0  deca_device.o(i.dwt_readrxdata)
    i.dwt_readrxtimestamp                    0x08001946   Section        0  deca_device.o(i.dwt_readrxtimestamp)
    i.dwt_readtxtimestamp                    0x08001958   Section        0  deca_device.o(i.dwt_readtxtimestamp)
    i.dwt_rxenable                           0x0800196a   Section        0  deca_device.o(i.dwt_rxenable)
    i.dwt_setdelayedtrxtime                  0x080019be   Section        0  deca_device.o(i.dwt_setdelayedtrxtime)
    i.dwt_setrxaftertxdelay                  0x080019ce   Section        0  deca_device.o(i.dwt_setrxaftertxdelay)
    i.dwt_setrxantennadelay                  0x080019f2   Section        0  deca_device.o(i.dwt_setrxantennadelay)
    i.dwt_setrxtimeout                       0x08001a04   Section        0  deca_device.o(i.dwt_setrxtimeout)
    i.dwt_settxantennadelay                  0x08001a70   Section        0  deca_device.o(i.dwt_settxantennadelay)
    i.dwt_starttx                            0x08001a80   Section        0  deca_device.o(i.dwt_starttx)
    i.dwt_syncrxbufptrs                      0x08001b1c   Section        0  deca_device.o(i.dwt_syncrxbufptrs)
    i.dwt_write16bitoffsetreg                0x08001b54   Section        0  deca_device.o(i.dwt_write16bitoffsetreg)
    i.dwt_write32bitoffsetreg                0x08001b7a   Section        0  deca_device.o(i.dwt_write32bitoffsetreg)
    i.dwt_writetodevice                      0x08001baa   Section        0  deca_device.o(i.dwt_writetodevice)
    i.dwt_writetxdata                        0x08001c12   Section        0  deca_device.o(i.dwt_writetxdata)
    i.dwt_writetxfctrl                       0x08001c38   Section        0  deca_device.o(i.dwt_writetxfctrl)
    i.dwt_xtaltrim                           0x08001c5c   Section        0  deca_device.o(i.dwt_xtaltrim)
    i.final_msg_get_ts                       0x08001c90   Section        0  dwm1000.o(i.final_msg_get_ts)
    final_msg_get_ts                         0x08001c91   Thumb Code    32  dwm1000.o(i.final_msg_get_ts)
    i.get_rx_timestamp_u64                   0x08001cb0   Section        0  dwm1000.o(i.get_rx_timestamp_u64)
    get_rx_timestamp_u64                     0x08001cb1   Thumb Code    44  dwm1000.o(i.get_rx_timestamp_u64)
    i.get_tx_timestamp_u64                   0x08001cdc   Section        0  dwm1000.o(i.get_tx_timestamp_u64)
    get_tx_timestamp_u64                     0x08001cdd   Thumb Code    44  dwm1000.o(i.get_tx_timestamp_u64)
    i.main                                   0x08001d08   Section        0  test.o(i.main)
    i.peripherals_init                       0x08002408   Section        0  port.o(i.peripherals_init)
    i.portGetTickCnt                         0x08002424   Section        0  port.o(i.portGetTickCnt)
    i.readfromspi_serial                     0x08002430   Section        0  deca_spi.o(i.readfromspi_serial)
    i.reset_DW1000                           0x080024b0   Section        0  port.o(i.reset_DW1000)
    i.spi_set_rate_high                      0x080024fc   Section        0  port.o(i.spi_set_rate_high)
    i.spi_set_rate_low                       0x08002506   Section        0  port.o(i.spi_set_rate_low)
    i.uart2_init                             0x08002510   Section        0  usart2.o(i.uart2_init)
    i.uart_init                              0x080025fc   Section        0  usart.o(i.uart_init)
    i.writetospi_serial                      0x080026d8   Section        0  deca_spi.o(i.writetospi_serial)
    x$fpl$d2f                                0x08002754   Section       98  d2f.o(x$fpl$d2f)
    x$fpl$dadd                               0x080027b8   Section      336  daddsub_clz.o(x$fpl$dadd)
    _dadd1                                   0x080027c9   Thumb Code     0  daddsub_clz.o(x$fpl$dadd)
    x$fpl$dcmpinf                            0x08002908   Section       24  dcmpi.o(x$fpl$dcmpinf)
    x$fpl$ddiv                               0x08002920   Section      688  ddiv.o(x$fpl$ddiv)
    ddiv_entry                               0x08002927   Thumb Code     0  ddiv.o(x$fpl$ddiv)
    x$fpl$deqf                               0x08002bd0   Section      120  deqf.o(x$fpl$deqf)
    x$fpl$dflt                               0x08002c48   Section       46  dflt_clz.o(x$fpl$dflt)
    x$fpl$dfltll                             0x08002c78   Section      162  dfltll_clz.o(x$fpl$dfltll)
    x$fpl$dfltu                              0x08002d1a   Section       38  dflt_clz.o(x$fpl$dfltu)
    x$fpl$dleqf                              0x08002d40   Section      120  dleqf.o(x$fpl$dleqf)
    x$fpl$dmul                               0x08002db8   Section      340  dmul.o(x$fpl$dmul)
    x$fpl$dnaninf                            0x08002f0c   Section      156  dnaninf.o(x$fpl$dnaninf)
    x$fpl$dretinf                            0x08002fa8   Section       12  dretinf.o(x$fpl$dretinf)
    x$fpl$dsub                               0x08002fb4   Section      468  daddsub_clz.o(x$fpl$dsub)
    _dsub1                                   0x08002fc5   Thumb Code     0  daddsub_clz.o(x$fpl$dsub)
    x$fpl$f2d                                0x08003188   Section       86  f2d.o(x$fpl$f2d)
    x$fpl$fadd                               0x080031e0   Section      196  faddsub_clz.o(x$fpl$fadd)
    _fadd1                                   0x080031ef   Thumb Code     0  faddsub_clz.o(x$fpl$fadd)
    x$fpl$fcmpinf                            0x080032a4   Section       24  fcmpi.o(x$fpl$fcmpinf)
    x$fpl$fdiv                               0x080032bc   Section      388  fdiv.o(x$fpl$fdiv)
    _fdiv1                                   0x080032bd   Thumb Code     0  fdiv.o(x$fpl$fdiv)
    x$fpl$ffix                               0x08003440   Section       54  ffix.o(x$fpl$ffix)
    x$fpl$ffixu                              0x08003478   Section       62  ffixu.o(x$fpl$ffixu)
    x$fpl$fflt                               0x080034b8   Section       48  fflt_clz.o(x$fpl$fflt)
    x$fpl$ffltu                              0x080034e8   Section       38  fflt_clz.o(x$fpl$ffltu)
    x$fpl$fleqf                              0x08003510   Section      104  fleqf.o(x$fpl$fleqf)
    x$fpl$fmul                               0x08003578   Section      258  fmul.o(x$fpl$fmul)
    x$fpl$fnaninf                            0x0800367a   Section      140  fnaninf.o(x$fpl$fnaninf)
    x$fpl$fretinf                            0x08003706   Section       10  fretinf.o(x$fpl$fretinf)
    x$fpl$frleqf                             0x08003710   Section       98  frleqf.o(x$fpl$frleqf)
    x$fpl$frsb                               0x08003772   Section       20  faddsub_clz.o(x$fpl$frsb)
    x$fpl$fsub                               0x08003788   Section      234  faddsub_clz.o(x$fpl$fsub)
    _fsub1                                   0x08003797   Thumb Code     0  faddsub_clz.o(x$fpl$fsub)
    x$fpl$llsfromd                           0x08003874   Section      194  dfixll.o(x$fpl$llsfromd)
    x$fpl$usenofp                            0x08003936   Section        0  usenofp.o(x$fpl$usenofp)
    .constdata                               0x08003938   Section      174  deca_params_init.o(.constdata)
    .data                                    0x20000000   Section      248  test.o(.data)
    .data                                    0x200000f8   Section       60  kalman.o(.data)
    tOpt                                     0x200000f8   Data           8  kalman.o(.data)
    tCov                                     0x20000100   Data           8  kalman.o(.data)
    I                                        0x20000108   Data           4  kalman.o(.data)
    X                                        0x2000010c   Data           4  kalman.o(.data)
    P                                        0x20000110   Data           4  kalman.o(.data)
    K                                        0x20000114   Data           4  kalman.o(.data)
    Temp3                                    0x20000118   Data           4  kalman.o(.data)
    F                                        0x2000011c   Data           4  kalman.o(.data)
    Q                                        0x20000120   Data           4  kalman.o(.data)
    R                                        0x20000124   Data           4  kalman.o(.data)
    H                                        0x20000128   Data           4  kalman.o(.data)
    Temp1                                    0x2000012c   Data           4  kalman.o(.data)
    Temp2                                    0x20000130   Data           4  kalman.o(.data)
    .data                                    0x20000134   Section        4  delay.o(.data)
    fac_us                                   0x20000134   Data           1  delay.o(.data)
    fac_ms                                   0x20000136   Data           2  delay.o(.data)
    .data                                    0x20000138   Section       12  usart.o(.data)
    count1                                   0x20000140   Data           1  usart.o(.data)
    last_data1                               0x20000141   Data           1  usart.o(.data)
    last_last_data1                          0x20000142   Data           1  usart.o(.data)
    Usart_ON_Count1                          0x20000143   Data           1  usart.o(.data)
    .data                                    0x20000148   Section      132  dwm1000.o(.data)
    config                                   0x20000148   Data          11  dwm1000.o(.data)
    status_reg                               0x20000158   Data           4  dwm1000.o(.data)
    rx_poll_msg                              0x2000015c   Data          12  dwm1000.o(.data)
    tx_resp_msg                              0x20000168   Data          15  dwm1000.o(.data)
    rx_final_msg                             0x20000177   Data          24  dwm1000.o(.data)
    poll_rx_ts                               0x20000190   Data           8  dwm1000.o(.data)
    resp_tx_ts                               0x20000198   Data           8  dwm1000.o(.data)
    final_rx_ts                              0x200001a0   Data           8  dwm1000.o(.data)
    frame_seq_nb                             0x200001a8   Data           1  dwm1000.o(.data)
    tof                                      0x200001b0   Data           8  dwm1000.o(.data)
    frame_len                                0x200001c8   Data           4  dwm1000.o(.data)
    .data                                    0x200001cc   Section       20  system_stm32f10x.o(.data)
    .data                                    0x200001e0   Section        4  stm32f10x_it.o(.data)
    .bss                                     0x200001e4   Section       50  test.o(.bss)
    .bss                                     0x20000216   Section       24  dwm1000.o(.bss)
    rx_buffer                                0x20000216   Data          24  dwm1000.o(.bss)
    .bss                                     0x20000230   Section       60  deca_device.o(.bss)
    dw1000local                              0x20000230   Data          60  deca_device.o(.bss)
    .bss                                     0x2000026c   Section       96  libspace.o(.bss)
    HEAP                                     0x200002d0   Section      512  startup_stm32f10x_md.o(HEAP)
    Heap_Mem                                 0x200002d0   Data         512  startup_stm32f10x_md.o(HEAP)
    STACK                                    0x200004d0   Section     1024  startup_stm32f10x_md.o(STACK)
    Stack_Mem                                0x200004d0   Data        1024  startup_stm32f10x_md.o(STACK)
    __initial_sp                             0x200008d0   Data           0  startup_stm32f10x_md.o(STACK)

    Global Symbols

    Symbol Name                              Value     Ov Type        Size  Object(Section)

    BuildAttributes$$THM_ISAv4$P$D$K$B$S$PE$A:L22UL41UL21$X:L11$S22US41US21$IEEE1$IW$USESV6$~STKCKD$USESV7$~SHL$OSPACE$ROPI$EBA8$UX$STANDARDLIB$REQ8$PRES8$EABIv2 0x00000000   Number         0  anon$$obj.o ABSOLUTE
    __ARM_use_no_argv                        0x00000000   Number         0  test.o ABSOLUTE
    __ARM_exceptions_init                     - Undefined Weak Reference
    __alloca_initialize                       - Undefined Weak Reference
    __arm_preinit_                            - Undefined Weak Reference
    __cpp_initialize__aeabi_                  - Undefined Weak Reference
    __cxa_finalize                            - Undefined Weak Reference
    __rt_locale                               - Undefined Weak Reference
    __sigvec_lookup                           - Undefined Weak Reference
    _atexit_init                              - Undefined Weak Reference
    _call_atexit_fns                          - Undefined Weak Reference
    _clock_init                               - Undefined Weak Reference
    _fp_trap_init                             - Undefined Weak Reference
    _fp_trap_shutdown                         - Undefined Weak Reference
    _get_lc_collate                           - Undefined Weak Reference
    _get_lc_ctype                             - Undefined Weak Reference
    _get_lc_monetary                          - Undefined Weak Reference
    _get_lc_numeric                           - Undefined Weak Reference
    _get_lc_time                              - Undefined Weak Reference
    _getenv_init                              - Undefined Weak Reference
    _handle_redirection                       - Undefined Weak Reference
    _init_alloc                               - Undefined Weak Reference
    _init_user_alloc                          - Undefined Weak Reference
    _initio                                   - Undefined Weak Reference
    _rand_init                                - Undefined Weak Reference
    _signal_finish                            - Undefined Weak Reference
    _signal_init                              - Undefined Weak Reference
    _terminate_alloc                          - Undefined Weak Reference
    _terminate_user_alloc                     - Undefined Weak Reference
    _terminateio                              - Undefined Weak Reference
    __Vectors_Size                           0x000000ec   Number         0  startup_stm32f10x_md.o ABSOLUTE
    __Vectors                                0x08000000   Data           4  startup_stm32f10x_md.o(RESET)
    __Vectors_End                            0x080000ec   Data           0  startup_stm32f10x_md.o(RESET)
    __main                                   0x080000ed   Thumb Code     8  __main.o(!!!main)
    __scatterload                            0x080000f5   Thumb Code     0  __scatter.o(!!!scatter)
    __scatterload_rt2                        0x080000f5   Thumb Code    44  __scatter.o(!!!scatter)
    __scatterload_rt2_thumb_only             0x080000f5   Thumb Code     0  __scatter.o(!!!scatter)
    __scatterload_null                       0x08000103   Thumb Code     0  __scatter.o(!!!scatter)
    __decompress                             0x08000129   Thumb Code    90  __dczerorl2.o(!!dczerorl2)
    __decompress1                            0x08000129   Thumb Code     0  __dczerorl2.o(!!dczerorl2)
    __scatterload_zeroinit                   0x08000185   Thumb Code    28  __scatter_zi.o(!!handler_zi)
    __rt_lib_init                            0x080001a1   Thumb Code     0  libinit.o(.ARM.Collect$$libinit$$00000000)
    __rt_lib_init_alloca_1                   0x080001a3   Thumb Code     0  libinit2.o(.ARM.Collect$$libinit$$0000002E)
    __rt_lib_init_argv_1                     0x080001a3   Thumb Code     0  libinit2.o(.ARM.Collect$$libinit$$0000002C)
    __rt_lib_init_atexit_1                   0x080001a3   Thumb Code     0  libinit2.o(.ARM.Collect$$libinit$$0000001B)
    __rt_lib_init_clock_1                    0x080001a3   Thumb Code     0  libinit2.o(.ARM.Collect$$libinit$$00000021)
    __rt_lib_init_cpp_1                      0x080001a3   Thumb Code     0  libinit2.o(.ARM.Collect$$libinit$$00000032)
    __rt_lib_init_exceptions_1               0x080001a3   Thumb Code     0  libinit2.o(.ARM.Collect$$libinit$$00000030)
    __rt_lib_init_fp_1                       0x080001a3   Thumb Code     0  libinit2.o(.ARM.Collect$$libinit$$00000002)
    __rt_lib_init_fp_trap_1                  0x080001a3   Thumb Code     0  libinit2.o(.ARM.Collect$$libinit$$0000001F)
    __rt_lib_init_getenv_1                   0x080001a3   Thumb Code     0  libinit2.o(.ARM.Collect$$libinit$$00000023)
    __rt_lib_init_heap_1                     0x080001a3   Thumb Code     0  libinit2.o(.ARM.Collect$$libinit$$0000000A)
    __rt_lib_init_lc_collate_1               0x080001a3   Thumb Code     0  libinit2.o(.ARM.Collect$$libinit$$00000011)
    __rt_lib_init_lc_ctype_1                 0x080001a3   Thumb Code     0  libinit2.o(.ARM.Collect$$libinit$$00000013)
    __rt_lib_init_lc_monetary_1              0x080001a3   Thumb Code     0  libinit2.o(.ARM.Collect$$libinit$$00000015)
    __rt_lib_init_lc_numeric_1               0x080001a3   Thumb Code     0  libinit2.o(.ARM.Collect$$libinit$$00000017)
    __rt_lib_init_lc_time_1                  0x080001a3   Thumb Code     0  libinit2.o(.ARM.Collect$$libinit$$00000019)
    __rt_lib_init_preinit_1                  0x080001a3   Thumb Code     0  libinit2.o(.ARM.Collect$$libinit$$00000004)
    __rt_lib_init_rand_1                     0x080001a3   Thumb Code     0  libinit2.o(.ARM.Collect$$libinit$$0000000E)
    __rt_lib_init_return                     0x080001a3   Thumb Code     0  libinit2.o(.ARM.Collect$$libinit$$00000033)
    __rt_lib_init_signal_1                   0x080001a3   Thumb Code     0  libinit2.o(.ARM.Collect$$libinit$$0000001D)
    __rt_lib_init_stdio_1                    0x080001a3   Thumb Code     0  libinit2.o(.ARM.Collect$$libinit$$00000025)
    __rt_lib_init_user_alloc_1               0x080001a3   Thumb Code     0  libinit2.o(.ARM.Collect$$libinit$$0000000C)
    __rt_lib_shutdown                        0x080001a5   Thumb Code     0  libshutdown.o(.ARM.Collect$$libshutdown$$00000000)
    __rt_lib_shutdown_cpp_1                  0x080001a7   Thumb Code     0  libshutdown2.o(.ARM.Collect$$libshutdown$$00000002)
    __rt_lib_shutdown_fp_trap_1              0x080001a7   Thumb Code     0  libshutdown2.o(.ARM.Collect$$libshutdown$$00000007)
    __rt_lib_shutdown_heap_1                 0x080001a7   Thumb Code     0  libshutdown2.o(.ARM.Collect$$libshutdown$$0000000F)
    __rt_lib_shutdown_return                 0x080001a7   Thumb Code     0  libshutdown2.o(.ARM.Collect$$libshutdown$$00000010)
    __rt_lib_shutdown_signal_1               0x080001a7   Thumb Code     0  libshutdown2.o(.ARM.Collect$$libshutdown$$0000000A)
    __rt_lib_shutdown_stdio_1                0x080001a7   Thumb Code     0  libshutdown2.o(.ARM.Collect$$libshutdown$$00000004)
    __rt_lib_shutdown_user_alloc_1           0x080001a7   Thumb Code     0  libshutdown2.o(.ARM.Collect$$libshutdown$$0000000C)
    __rt_entry                               0x080001a9   Thumb Code     0  __rtentry.o(.ARM.Collect$$rtentry$$00000000)
    __rt_entry_presh_1                       0x080001a9   Thumb Code     0  __rtentry2.o(.ARM.Collect$$rtentry$$00000002)
    __rt_entry_sh                            0x080001a9   Thumb Code     0  __rtentry4.o(.ARM.Collect$$rtentry$$00000004)
    __rt_entry_li                            0x080001af   Thumb Code     0  __rtentry2.o(.ARM.Collect$$rtentry$$0000000A)
    __rt_entry_postsh_1                      0x080001af   Thumb Code     0  __rtentry2.o(.ARM.Collect$$rtentry$$00000009)
    __rt_entry_main                          0x080001b3   Thumb Code     0  __rtentry2.o(.ARM.Collect$$rtentry$$0000000D)
    __rt_entry_postli_1                      0x080001b3   Thumb Code     0  __rtentry2.o(.ARM.Collect$$rtentry$$0000000C)
    __rt_exit                                0x080001bb   Thumb Code     0  rtexit.o(.ARM.Collect$$rtexit$$00000000)
    __rt_exit_ls                             0x080001bd   Thumb Code     0  rtexit2.o(.ARM.Collect$$rtexit$$00000003)
    __rt_exit_prels_1                        0x080001bd   Thumb Code     0  rtexit2.o(.ARM.Collect$$rtexit$$00000002)
    __rt_exit_exit                           0x080001c1   Thumb Code     0  rtexit2.o(.ARM.Collect$$rtexit$$00000004)
    Reset_Handler                            0x080001c9   Thumb Code     4  startup_stm32f10x_md.o(.text)
    ADC1_2_IRQHandler                        0x080001df   Thumb Code     0  startup_stm32f10x_md.o(.text)
    CAN1_RX1_IRQHandler                      0x080001df   Thumb Code     0  startup_stm32f10x_md.o(.text)
    CAN1_SCE_IRQHandler                      0x080001df   Thumb Code     0  startup_stm32f10x_md.o(.text)
    DMA1_Channel1_IRQHandler                 0x080001df   Thumb Code     0  startup_stm32f10x_md.o(.text)
    DMA1_Channel2_IRQHandler                 0x080001df   Thumb Code     0  startup_stm32f10x_md.o(.text)
    DMA1_Channel3_IRQHandler                 0x080001df   Thumb Code     0  startup_stm32f10x_md.o(.text)
    DMA1_Channel4_IRQHandler                 0x080001df   Thumb Code     0  startup_stm32f10x_md.o(.text)
    DMA1_Channel5_IRQHandler                 0x080001df   Thumb Code     0  startup_stm32f10x_md.o(.text)
    DMA1_Channel6_IRQHandler                 0x080001df   Thumb Code     0  startup_stm32f10x_md.o(.text)
    DMA1_Channel7_IRQHandler                 0x080001df   Thumb Code     0  startup_stm32f10x_md.o(.text)
    EXTI0_IRQHandler                         0x080001df   Thumb Code     0  startup_stm32f10x_md.o(.text)
    EXTI15_10_IRQHandler                     0x080001df   Thumb Code     0  startup_stm32f10x_md.o(.text)
    EXTI1_IRQHandler                         0x080001df   Thumb Code     0  startup_stm32f10x_md.o(.text)
    EXTI2_IRQHandler                         0x080001df   Thumb Code     0  startup_stm32f10x_md.o(.text)
    EXTI3_IRQHandler                         0x080001df   Thumb Code     0  startup_stm32f10x_md.o(.text)
    EXTI4_IRQHandler                         0x080001df   Thumb Code     0  startup_stm32f10x_md.o(.text)
    EXTI9_5_IRQHandler                       0x080001df   Thumb Code     0  startup_stm32f10x_md.o(.text)
    FLASH_IRQHandler                         0x080001df   Thumb Code     0  startup_stm32f10x_md.o(.text)
    I2C1_ER_IRQHandler                       0x080001df   Thumb Code     0  startup_stm32f10x_md.o(.text)
    I2C1_EV_IRQHandler                       0x080001df   Thumb Code     0  startup_stm32f10x_md.o(.text)
    I2C2_ER_IRQHandler                       0x080001df   Thumb Code     0  startup_stm32f10x_md.o(.text)
    I2C2_EV_IRQHandler                       0x080001df   Thumb Code     0  startup_stm32f10x_md.o(.text)
    PVD_IRQHandler                           0x080001df   Thumb Code     0  startup_stm32f10x_md.o(.text)
    RCC_IRQHandler                           0x080001df   Thumb Code     0  startup_stm32f10x_md.o(.text)
    RTCAlarm_IRQHandler                      0x080001df   Thumb Code     0  startup_stm32f10x_md.o(.text)
    RTC_IRQHandler                           0x080001df   Thumb Code     0  startup_stm32f10x_md.o(.text)
    SPI1_IRQHandler                          0x080001df   Thumb Code     0  startup_stm32f10x_md.o(.text)
    SPI2_IRQHandler                          0x080001df   Thumb Code     0  startup_stm32f10x_md.o(.text)
    TAMPER_IRQHandler                        0x080001df   Thumb Code     0  startup_stm32f10x_md.o(.text)
    TIM1_BRK_IRQHandler                      0x080001df   Thumb Code     0  startup_stm32f10x_md.o(.text)
    TIM1_CC_IRQHandler                       0x080001df   Thumb Code     0  startup_stm32f10x_md.o(.text)
    TIM1_TRG_COM_IRQHandler                  0x080001df   Thumb Code     0  startup_stm32f10x_md.o(.text)
    TIM1_UP_IRQHandler                       0x080001df   Thumb Code     0  startup_stm32f10x_md.o(.text)
    TIM2_IRQHandler                          0x080001df   Thumb Code     0  startup_stm32f10x_md.o(.text)
    TIM3_IRQHandler                          0x080001df   Thumb Code     0  startup_stm32f10x_md.o(.text)
    TIM4_IRQHandler                          0x080001df   Thumb Code     0  startup_stm32f10x_md.o(.text)
    USART3_IRQHandler                        0x080001df   Thumb Code     0  startup_stm32f10x_md.o(.text)
    USBWakeUp_IRQHandler                     0x080001df   Thumb Code     0  startup_stm32f10x_md.o(.text)
    USB_HP_CAN1_TX_IRQHandler                0x080001df   Thumb Code     0  startup_stm32f10x_md.o(.text)
    USB_LP_CAN1_RX0_IRQHandler               0x080001df   Thumb Code     0  startup_stm32f10x_md.o(.text)
    WWDG_IRQHandler                          0x080001df   Thumb Code     0  startup_stm32f10x_md.o(.text)
    __user_initial_stackheap                 0x080001e1   Thumb Code     0  startup_stm32f10x_md.o(.text)
    __use_no_semihosting                     0x08000201   Thumb Code     2  use_no_semi_2.o(.text)
    memcmp                                   0x08000203   Thumb Code    88  memcmp.o(.text)
    __use_two_region_memory                  0x0800025b   Thumb Code     2  heapauxi.o(.text)
    __rt_heap_escrow$2region                 0x0800025d   Thumb Code     2  heapauxi.o(.text)
    __rt_heap_expand$2region                 0x0800025f   Thumb Code     2  heapauxi.o(.text)
    __I$use$semihosting                      0x08000261   Thumb Code     0  use_no_semi.o(.text)
    __use_no_semihosting_swi                 0x08000261   Thumb Code     2  use_no_semi.o(.text)
    __user_setup_stackheap                   0x08000263   Thumb Code    74  sys_stackheap_outer.o(.text)
    exit                                     0x080002ad   Thumb Code    18  exit.o(.text)
    __user_libspace                          0x080002c1   Thumb Code     8  libspace.o(.text)
    __user_perproc_libspace                  0x080002c1   Thumb Code     0  libspace.o(.text)
    __user_perthread_libspace                0x080002c1   Thumb Code     0  libspace.o(.text)
    BusFault_Handler                         0x080002c9   Thumb Code     4  stm32f10x_it.o(i.BusFault_Handler)
    DWM1000_Init                             0x080002cd   Thumb Code    70  dwm1000.o(i.DWM1000_Init)
    DebugMon_Handler                         0x08000319   Thumb Code     2  stm32f10x_it.o(i.DebugMon_Handler)
    Dwm1000_Respond                          0x0800031d   Thumb Code   682  dwm1000.o(i.Dwm1000_Respond)
    EXTI_GetITEnStatus                       0x08000615   Thumb Code    24  port.o(i.EXTI_GetITEnStatus)
    GPIO_Init                                0x08000631   Thumb Code   278  stm32f10x_gpio.o(i.GPIO_Init)
    GPIO_ResetBits                           0x08000747   Thumb Code     4  stm32f10x_gpio.o(i.GPIO_ResetBits)
    GPIO_SetBits                             0x0800074b   Thumb Code     4  stm32f10x_gpio.o(i.GPIO_SetBits)
    Gauss_Jordan                             0x08000751   Thumb Code   652  matrix.o(i.Gauss_Jordan)
    HardFault_Handler                        0x080009e1   Thumb Code     4  stm32f10x_it.o(i.HardFault_Handler)
    KalMan_Update                            0x080009e5   Thumb Code   314  kalman.o(i.KalMan_Update)
    MYRCC_DeInit                             0x08000b59   Thumb Code    90  sys.o(i.MYRCC_DeInit)
    MY_NVIC_Init                             0x08000bc1   Thumb Code   116  sys.o(i.MY_NVIC_Init)
    MY_NVIC_PriorityGroupConfig              0x08000c39   Thumb Code    32  sys.o(i.MY_NVIC_PriorityGroupConfig)
    MY_NVIC_SetVectorTable                   0x08000c61   Thumb Code    12  sys.o(i.MY_NVIC_SetVectorTable)
    MatrixAdd                                0x08000c75   Thumb Code    52  matrix.o(i.MatrixAdd)
    MatrixCal                                0x08000ca9   Thumb Code    66  matrix.o(i.MatrixCal)
    MatrixMinus                              0x08000ceb   Thumb Code    52  matrix.o(i.MatrixMinus)
    MatrixMul                                0x08000d1f   Thumb Code   118  matrix.o(i.MatrixMul)
    MatrixTrans                              0x08000d95   Thumb Code    48  matrix.o(i.MatrixTrans)
    MemManage_Handler                        0x08000dc5   Thumb Code     4  stm32f10x_it.o(i.MemManage_Handler)
    NMI_Handler                              0x08000dc9   Thumb Code     2  stm32f10x_it.o(i.NMI_Handler)
    PendSV_Handler                           0x08000df5   Thumb Code     2  stm32f10x_it.o(i.PendSV_Handler)
    RCC_APB1PeriphResetCmd                   0x08000df9   Thumb Code    26  stm32f10x_rcc.o(i.RCC_APB1PeriphResetCmd)
    RCC_APB2PeriphClockCmd                   0x08000e19   Thumb Code    26  stm32f10x_rcc.o(i.RCC_APB2PeriphClockCmd)
    RCC_APB2PeriphResetCmd                   0x08000e39   Thumb Code    26  stm32f10x_rcc.o(i.RCC_APB2PeriphResetCmd)
    SPI_ChangeRate                           0x08000e59   Thumb Code    22  port.o(i.SPI_ChangeRate)
    SPI_Cmd                                  0x08000e75   Thumb Code    24  stm32f10x_spi.o(i.SPI_Cmd)
    SPI_Configuration                        0x08000e8d   Thumb Code   172  port.o(i.SPI_Configuration)
    SPI_I2S_DeInit                           0x08000f41   Thumb Code    76  stm32f10x_spi.o(i.SPI_I2S_DeInit)
    SPI_I2S_GetFlagStatus                    0x08000f99   Thumb Code    18  stm32f10x_spi.o(i.SPI_I2S_GetFlagStatus)
    SPI_Init                                 0x08000fab   Thumb Code    60  stm32f10x_spi.o(i.SPI_Init)
    SPI_SSOutputCmd                          0x08000fe7   Thumb Code    24  stm32f10x_spi.o(i.SPI_SSOutputCmd)
    SVC_Handler                              0x08000fff   Thumb Code     2  stm32f10x_it.o(i.SVC_Handler)
    Stm32_Clock_Init                         0x08001001   Thumb Code   134  sys.o(i.Stm32_Clock_Init)
    SysTick_Configuration                    0x08001091   Thumb Code    78  port.o(i.SysTick_Configuration)
    SysTick_Handler                          0x080010e5   Thumb Code    12  stm32f10x_it.o(i.SysTick_Handler)
    UART1_Putchar                            0x080010f5   Thumb Code    22  usart.o(i.UART1_Putchar)
    USART1_IRQHandler                        0x08001111   Thumb Code   144  usart.o(i.USART1_IRQHandler)
    USART2_IRQHandler                        0x080011c5   Thumb Code     6  usart2.o(i.USART2_IRQHandler)
    UsageFault_Handler                       0x080011d1   Thumb Code     4  stm32f10x_it.o(i.UsageFault_Handler)
    _dwt_configlde                           0x080011d5   Thumb Code    56  deca_device.o(i._dwt_configlde)
    _dwt_enableclocks                        0x0800120d   Thumb Code   228  deca_device.o(i._dwt_enableclocks)
    _dwt_loaducodefromrom                    0x080012f1   Thumb Code    52  deca_device.o(i._dwt_loaducodefromrom)
    _dwt_otpread                             0x08001325   Thumb Code    78  deca_device.o(i._dwt_otpread)
    _sys_exit                                0x08001373   Thumb Code     4  usart.o(i._sys_exit)
    deca_sleep                               0x08001377   Thumb Code    24  deca_sleep.o(i.deca_sleep)
    decamutexoff                             0x0800138f   Thumb Code    28  deca_mutex.o(i.decamutexoff)
    decamutexon                              0x080013ad   Thumb Code    34  deca_mutex.o(i.decamutexon)
    delay_init                               0x080013d5   Thumb Code    56  delay.o(i.delay_init)
    delay_ms                                 0x08001415   Thumb Code    56  delay.o(i.delay_ms)
    dwt_configure                            0x08001451   Thumb Code   540  deca_device.o(i.dwt_configure)
    dwt_entersleepaftertx                    0x08001699   Thumb Code    38  deca_device.o(i.dwt_entersleepaftertx)
    dwt_forcetrxoff                          0x080016c1   Thumb Code    84  deca_device.o(i.dwt_forcetrxoff)
    dwt_initialise                           0x0800171d   Thumb Code   310  deca_device.o(i.dwt_initialise)
    dwt_read16bitoffsetreg                   0x0800185d   Thumb Code    44  deca_device.o(i.dwt_read16bitoffsetreg)
    dwt_read32bitoffsetreg                   0x08001889   Thumb Code    56  deca_device.o(i.dwt_read32bitoffsetreg)
    dwt_readdevid                            0x080018c1   Thumb Code    12  deca_device.o(i.dwt_readdevid)
    dwt_readfromdevice                       0x080018cd   Thumb Code   100  deca_device.o(i.dwt_readfromdevice)
    dwt_readrxdata                           0x08001931   Thumb Code    22  deca_device.o(i.dwt_readrxdata)
    dwt_readrxtimestamp                      0x08001947   Thumb Code    18  deca_device.o(i.dwt_readrxtimestamp)
    dwt_readtxtimestamp                      0x08001959   Thumb Code    18  deca_device.o(i.dwt_readtxtimestamp)
    dwt_rxenable                             0x0800196b   Thumb Code    84  deca_device.o(i.dwt_rxenable)
    dwt_setdelayedtrxtime                    0x080019bf   Thumb Code    16  deca_device.o(i.dwt_setdelayedtrxtime)
    dwt_setrxaftertxdelay                    0x080019cf   Thumb Code    36  deca_device.o(i.dwt_setrxaftertxdelay)
    dwt_setrxantennadelay                    0x080019f3   Thumb Code    18  deca_device.o(i.dwt_setrxantennadelay)
    dwt_setrxtimeout                         0x08001a05   Thumb Code   102  deca_device.o(i.dwt_setrxtimeout)
    dwt_settxantennadelay                    0x08001a71   Thumb Code    16  deca_device.o(i.dwt_settxantennadelay)
    dwt_starttx                              0x08001a81   Thumb Code   150  deca_device.o(i.dwt_starttx)
    dwt_syncrxbufptrs                        0x08001b1d   Thumb Code    56  deca_device.o(i.dwt_syncrxbufptrs)
    dwt_write16bitoffsetreg                  0x08001b55   Thumb Code    38  deca_device.o(i.dwt_write16bitoffsetreg)
    dwt_write32bitoffsetreg                  0x08001b7b   Thumb Code    48  deca_device.o(i.dwt_write32bitoffsetreg)
    dwt_writetodevice                        0x08001bab   Thumb Code   104  deca_device.o(i.dwt_writetodevice)
    dwt_writetxdata                          0x08001c13   Thumb Code    38  deca_device.o(i.dwt_writetxdata)
    dwt_writetxfctrl                         0x08001c39   Thumb Code    30  deca_device.o(i.dwt_writetxfctrl)
    dwt_xtaltrim                             0x08001c5d   Thumb Code    52  deca_device.o(i.dwt_xtaltrim)
    main                                     0x08001d09   Thumb Code  1674  test.o(i.main)
    peripherals_init                         0x08002409   Thumb Code    26  port.o(i.peripherals_init)
    portGetTickCnt                           0x08002425   Thumb Code     6  port.o(i.portGetTickCnt)
    readfromspi_serial                       0x08002431   Thumb Code   118  deca_spi.o(i.readfromspi_serial)
    reset_DW1000                             0x080024b1   Thumb Code    70  port.o(i.reset_DW1000)
    spi_set_rate_high                        0x080024fd   Thumb Code    10  port.o(i.spi_set_rate_high)
    spi_set_rate_low                         0x08002507   Thumb Code    10  port.o(i.spi_set_rate_low)
    uart2_init                               0x08002511   Thumb Code   218  usart2.o(i.uart2_init)
    uart_init                                0x080025fd   Thumb Code   202  usart.o(i.uart_init)
    writetospi_serial                        0x080026d9   Thumb Code   116  deca_spi.o(i.writetospi_serial)
    __aeabi_d2f                              0x08002755   Thumb Code     0  d2f.o(x$fpl$d2f)
    _d2f                                     0x08002755   Thumb Code    98  d2f.o(x$fpl$d2f)
    __aeabi_dadd                             0x080027b9   Thumb Code     0  daddsub_clz.o(x$fpl$dadd)
    _dadd                                    0x080027b9   Thumb Code   332  daddsub_clz.o(x$fpl$dadd)
    __fpl_dcmp_Inf                           0x08002909   Thumb Code    24  dcmpi.o(x$fpl$dcmpinf)
    __aeabi_ddiv                             0x08002921   Thumb Code     0  ddiv.o(x$fpl$ddiv)
    _ddiv                                    0x08002921   Thumb Code   552  ddiv.o(x$fpl$ddiv)
    __aeabi_cdcmpeq                          0x08002bd1   Thumb Code     0  deqf.o(x$fpl$deqf)
    _dcmpeq                                  0x08002bd1   Thumb Code   120  deqf.o(x$fpl$deqf)
    __aeabi_i2d                              0x08002c49   Thumb Code     0  dflt_clz.o(x$fpl$dflt)
    _dflt                                    0x08002c49   Thumb Code    46  dflt_clz.o(x$fpl$dflt)
    __aeabi_l2d                              0x08002c79   Thumb Code     0  dfltll_clz.o(x$fpl$dfltll)
    _ll_sto_d                                0x08002c79   Thumb Code   162  dfltll_clz.o(x$fpl$dfltll)
    __aeabi_ui2d                             0x08002d1b   Thumb Code     0  dflt_clz.o(x$fpl$dfltu)
    _dfltu                                   0x08002d1b   Thumb Code    38  dflt_clz.o(x$fpl$dfltu)
    __aeabi_cdcmple                          0x08002d41   Thumb Code     0  dleqf.o(x$fpl$dleqf)
    _dcmple                                  0x08002d41   Thumb Code   120  dleqf.o(x$fpl$dleqf)
    __fpl_dcmple_InfNaN                      0x08002da3   Thumb Code     0  dleqf.o(x$fpl$dleqf)
    __aeabi_dmul                             0x08002db9   Thumb Code     0  dmul.o(x$fpl$dmul)
    _dmul                                    0x08002db9   Thumb Code   332  dmul.o(x$fpl$dmul)
    __fpl_dnaninf                            0x08002f0d   Thumb Code   156  dnaninf.o(x$fpl$dnaninf)
    __fpl_dretinf                            0x08002fa9   Thumb Code    12  dretinf.o(x$fpl$dretinf)
    __aeabi_dsub                             0x08002fb5   Thumb Code     0  daddsub_clz.o(x$fpl$dsub)
    _dsub                                    0x08002fb5   Thumb Code   464  daddsub_clz.o(x$fpl$dsub)
    __aeabi_f2d                              0x08003189   Thumb Code     0  f2d.o(x$fpl$f2d)
    _f2d                                     0x08003189   Thumb Code    86  f2d.o(x$fpl$f2d)
    __aeabi_fadd                             0x080031e1   Thumb Code     0  faddsub_clz.o(x$fpl$fadd)
    _fadd                                    0x080031e1   Thumb Code   196  faddsub_clz.o(x$fpl$fadd)
    __fpl_fcmp_Inf                           0x080032a5   Thumb Code    24  fcmpi.o(x$fpl$fcmpinf)
    __aeabi_fdiv                             0x080032bd   Thumb Code     0  fdiv.o(x$fpl$fdiv)
    _fdiv                                    0x080032bd   Thumb Code   384  fdiv.o(x$fpl$fdiv)
    __aeabi_f2iz                             0x08003441   Thumb Code     0  ffix.o(x$fpl$ffix)
    _ffix                                    0x08003441   Thumb Code    54  ffix.o(x$fpl$ffix)
    __aeabi_f2uiz                            0x08003479   Thumb Code     0  ffixu.o(x$fpl$ffixu)
    _ffixu                                   0x08003479   Thumb Code    62  ffixu.o(x$fpl$ffixu)
    __aeabi_i2f                              0x080034b9   Thumb Code     0  fflt_clz.o(x$fpl$fflt)
    _fflt                                    0x080034b9   Thumb Code    48  fflt_clz.o(x$fpl$fflt)
    __aeabi_ui2f                             0x080034e9   Thumb Code     0  fflt_clz.o(x$fpl$ffltu)
    _ffltu                                   0x080034e9   Thumb Code    38  fflt_clz.o(x$fpl$ffltu)
    __aeabi_cfcmple                          0x08003511   Thumb Code     0  fleqf.o(x$fpl$fleqf)
    _fcmple                                  0x08003511   Thumb Code   104  fleqf.o(x$fpl$fleqf)
    __fpl_fcmple_InfNaN                      0x08003563   Thumb Code     0  fleqf.o(x$fpl$fleqf)
    __aeabi_fmul                             0x08003579   Thumb Code     0  fmul.o(x$fpl$fmul)
    _fmul                                    0x08003579   Thumb Code   258  fmul.o(x$fpl$fmul)
    __fpl_fnaninf                            0x0800367b   Thumb Code   140  fnaninf.o(x$fpl$fnaninf)
    __fpl_fretinf                            0x08003707   Thumb Code    10  fretinf.o(x$fpl$fretinf)
    __aeabi_cfrcmple                         0x08003711   Thumb Code     0  frleqf.o(x$fpl$frleqf)
    _frcmple                                 0x08003711   Thumb Code    98  frleqf.o(x$fpl$frleqf)
    __aeabi_frsub                            0x08003773   Thumb Code     0  faddsub_clz.o(x$fpl$frsb)
    _frsb                                    0x08003773   Thumb Code    20  faddsub_clz.o(x$fpl$frsb)
    __aeabi_fsub                             0x08003789   Thumb Code     0  faddsub_clz.o(x$fpl$fsub)
    _fsub                                    0x08003789   Thumb Code   234  faddsub_clz.o(x$fpl$fsub)
    __aeabi_d2lz                             0x08003875   Thumb Code     0  dfixll.o(x$fpl$llsfromd)
    _ll_sfrom_d                              0x08003875   Thumb Code   194  dfixll.o(x$fpl$llsfromd)
    __I$use$fp                               0x08003936   Number         0  usenofp.o(x$fpl$usenofp)
    chan_idx                                 0x08003938   Data           8  deca_params_init.o(.constdata)
    tx_config                                0x08003940   Data          24  deca_params_init.o(.constdata)
    pll2_config                              0x08003958   Data          30  deca_params_init.o(.constdata)
    rx_config                                0x08003976   Data           2  deca_params_init.o(.constdata)
    agc_config                               0x08003978   Data           8  deca_params_init.o(.constdata)
    dwnsSFDlen                               0x08003980   Data           3  deca_params_init.o(.constdata)
    sftsh                                    0x08003984   Data          12  deca_params_init.o(.constdata)
    dtune1                                   0x08003990   Data           4  deca_params_init.o(.constdata)
    digital_bb_config                        0x08003994   Data          32  deca_params_init.o(.constdata)
    lde_replicaCoeff                         0x080039b4   Data          50  deca_params_init.o(.constdata)
    Region$$Table$$Base                      0x080039e8   Number         0  anon$$obj.o(Region$$Table)
    Region$$Table$$Limit                     0x08003a08   Number         0  anon$$obj.o(Region$$Table)
    distance                                 0x20000000   Data           8  test.o(.data)
    distance1                                0x20000008   Data           8  test.o(.data)
    distance2                                0x20000010   Data           8  test.o(.data)
    Last_distance                            0x20000018   Data           8  test.o(.data)
    Last_distance1                           0x20000020   Data           8  test.o(.data)
    Last_last_distance1                      0x20000028   Data           8  test.o(.data)
    Last_distance2                           0x20000030   Data           8  test.o(.data)
    Real_dsi                                 0x20000038   Data           8  test.o(.data)
    WJY1993                                  0x20000040   Data           4  test.o(.data)
    WJY11                                    0x20000044   Data           4  test.o(.data)
    time                                     0x20000048   Data           1  test.o(.data)
    Dis                                      0x2000004a   Data           2  test.o(.data)
    rx                                       0x2000004c   Data           4  test.o(.data)
    UWB_ttyusb_1                             0x20000050   Data           4  test.o(.data)
    UWB_tty_USB_2                            0x20000054   Data           4  test.o(.data)
    _distance_G                              0x20000058   Data           4  test.o(.data)
    _distance_max_                           0x2000005c   Data           4  test.o(.data)
    _distance_min_                           0x20000060   Data           4  test.o(.data)
    _distance_L                              0x20000064   Data           4  test.o(.data)
    _distance_G1                             0x20000068   Data           4  test.o(.data)
    _distance_L1                             0x2000006c   Data           4  test.o(.data)
    _distance_G2                             0x20000070   Data           4  test.o(.data)
    _distance_L2                             0x20000074   Data           4  test.o(.data)
    Y                                        0x20000078   Data           4  test.o(.data)
    UWB_ID                                   0x2000007c   Data           4  test.o(.data)
    LED1                                     0x20000080   Data           1  test.o(.data)
    LED2                                     0x20000081   Data           1  test.o(.data)
    LED3                                     0x20000082   Data           1  test.o(.data)
    MAX_dis                                  0x20000088   Data           8  test.o(.data)
    Min_dis                                  0x20000090   Data           8  test.o(.data)
    flag_cs1                                 0x20000098   Data           4  test.o(.data)
    Yaw                                      0x2000009c   Data           2  test.o(.data)
    Pitch                                    0x2000009e   Data           2  test.o(.data)
    Roll                                     0x200000a0   Data           2  test.o(.data)
    Ya                                       0x200000a8   Data           8  test.o(.data)
    Pi                                       0x200000b0   Data           8  test.o(.data)
    Ro                                       0x200000b8   Data           8  test.o(.data)
    RSSI                                     0x200000c0   Data           8  test.o(.data)
    RSSI_N                                   0x200000c8   Data           8  test.o(.data)
    RSSI_C                                   0x200000d0   Data           8  test.o(.data)
    TEST_D                                   0x200000d8   Data           8  test.o(.data)
    testbuffer                               0x200000e0   Data           2  test.o(.data)
    test_POS                                 0x200000e8   Data           8  test.o(.data)
    real_DIS                                 0x200000f0   Data           8  test.o(.data)
    Usart_ON_Flag                            0x20000138   Data           1  usart.o(.data)
    Usart_ON_Flag1                           0x20000139   Data           1  usart.o(.data)
    Usart_Flag1                              0x2000013a   Data           1  usart.o(.data)
    __stdout                                 0x2000013c   Data           4  usart.o(.data)
    timee                                    0x20000154   Data           2  dwm1000.o(.data)
    Test_data                                0x200001b8   Data           8  dwm1000.o(.data)
    test                                     0x200001c0   Data           1  dwm1000.o(.data)
    signal_info                              0x200001c2   Data           4  dwm1000.o(.data)
    SystemCoreClock                          0x200001cc   Data           4  system_stm32f10x.o(.data)
    AHBPrescTable                            0x200001d0   Data          16  system_stm32f10x.o(.data)
    time32_incr                              0x200001e0   Data           4  stm32f10x_it.o(.data)
    U1_RX_BUF                                0x200001e4   Data          50  test.o(.bss)
    __libspace_start                         0x2000026c   Data          96  libspace.o(.bss)
    __temporary_stack_top$libspace           0x200002cc   Data           0  libspace.o(.bss)



==============================================================================

Memory Map of the image

  Image Entry point : 0x080000ed

  Load Region LR_IROM1 (Base: 0x08000000, Size: 0x00003bec, Max: 0x00020000, ABSOLUTE, COMPRESSED[0x00003a60])

    Execution Region ER_IROM1 (Base: 0x08000000, Size: 0x00003a08, Max: 0x00020000, ABSOLUTE)

    Base Addr    Size         Type   Attr      Idx    E Section Name        Object

    0x08000000   0x000000ec   Data   RO            3    RESET               startup_stm32f10x_md.o
    0x080000ec   0x00000008   Code   RO         2324  * !!!main             c_w.l(__main.o)
    0x080000f4   0x00000034   Code   RO         2562    !!!scatter          c_w.l(__scatter.o)
    0x08000128   0x0000005a   Code   RO         2560    !!dczerorl2         c_w.l(__dczerorl2.o)
    0x08000182   0x00000002   PAD
    0x08000184   0x0000001c   Code   RO         2564    !!handler_zi        c_w.l(__scatter_zi.o)
    0x080001a0   0x00000002   Code   RO         2434    .ARM.Collect$$libinit$$00000000  c_w.l(libinit.o)
    0x080001a2   0x00000000   Code   RO         2441    .ARM.Collect$$libinit$$00000002  c_w.l(libinit2.o)
    0x080001a2   0x00000000   Code   RO         2443    .ARM.Collect$$libinit$$00000004  c_w.l(libinit2.o)
    0x080001a2   0x00000000   Code   RO         2446    .ARM.Collect$$libinit$$0000000A  c_w.l(libinit2.o)
    0x080001a2   0x00000000   Code   RO         2448    .ARM.Collect$$libinit$$0000000C  c_w.l(libinit2.o)
    0x080001a2   0x00000000   Code   RO         2450    .ARM.Collect$$libinit$$0000000E  c_w.l(libinit2.o)
    0x080001a2   0x00000000   Code   RO         2453    .ARM.Collect$$libinit$$00000011  c_w.l(libinit2.o)
    0x080001a2   0x00000000   Code   RO         2455    .ARM.Collect$$libinit$$00000013  c_w.l(libinit2.o)
    0x080001a2   0x00000000   Code   RO         2457    .ARM.Collect$$libinit$$00000015  c_w.l(libinit2.o)
    0x080001a2   0x00000000   Code   RO         2459    .ARM.Collect$$libinit$$00000017  c_w.l(libinit2.o)
    0x080001a2   0x00000000   Code   RO         2461    .ARM.Collect$$libinit$$00000019  c_w.l(libinit2.o)
    0x080001a2   0x00000000   Code   RO         2463    .ARM.Collect$$libinit$$0000001B  c_w.l(libinit2.o)
    0x080001a2   0x00000000   Code   RO         2465    .ARM.Collect$$libinit$$0000001D  c_w.l(libinit2.o)
    0x080001a2   0x00000000   Code   RO         2467    .ARM.Collect$$libinit$$0000001F  c_w.l(libinit2.o)
    0x080001a2   0x00000000   Code   RO         2469    .ARM.Collect$$libinit$$00000021  c_w.l(libinit2.o)
    0x080001a2   0x00000000   Code   RO         2471    .ARM.Collect$$libinit$$00000023  c_w.l(libinit2.o)
    0x080001a2   0x00000000   Code   RO         2473    .ARM.Collect$$libinit$$00000025  c_w.l(libinit2.o)
    0x080001a2   0x00000000   Code   RO         2477    .ARM.Collect$$libinit$$0000002C  c_w.l(libinit2.o)
    0x080001a2   0x00000000   Code   RO         2479    .ARM.Collect$$libinit$$0000002E  c_w.l(libinit2.o)
    0x080001a2   0x00000000   Code   RO         2481    .ARM.Collect$$libinit$$00000030  c_w.l(libinit2.o)
    0x080001a2   0x00000000   Code   RO         2483    .ARM.Collect$$libinit$$00000032  c_w.l(libinit2.o)
    0x080001a2   0x00000002   Code   RO         2484    .ARM.Collect$$libinit$$00000033  c_w.l(libinit2.o)
    0x080001a4   0x00000002   Code   RO         2502    .ARM.Collect$$libshutdown$$00000000  c_w.l(libshutdown.o)
    0x080001a6   0x00000000   Code   RO         2512    .ARM.Collect$$libshutdown$$00000002  c_w.l(libshutdown2.o)
    0x080001a6   0x00000000   Code   RO         2514    .ARM.Collect$$libshutdown$$00000004  c_w.l(libshutdown2.o)
    0x080001a6   0x00000000   Code   RO         2517    .ARM.Collect$$libshutdown$$00000007  c_w.l(libshutdown2.o)
    0x080001a6   0x00000000   Code   RO         2520    .ARM.Collect$$libshutdown$$0000000A  c_w.l(libshutdown2.o)
    0x080001a6   0x00000000   Code   RO         2522    .ARM.Collect$$libshutdown$$0000000C  c_w.l(libshutdown2.o)
    0x080001a6   0x00000000   Code   RO         2525    .ARM.Collect$$libshutdown$$0000000F  c_w.l(libshutdown2.o)
    0x080001a6   0x00000002   Code   RO         2526    .ARM.Collect$$libshutdown$$00000010  c_w.l(libshutdown2.o)
    0x080001a8   0x00000000   Code   RO         2396    .ARM.Collect$$rtentry$$00000000  c_w.l(__rtentry.o)
    0x080001a8   0x00000000   Code   RO         2411    .ARM.Collect$$rtentry$$00000002  c_w.l(__rtentry2.o)
    0x080001a8   0x00000006   Code   RO         2423    .ARM.Collect$$rtentry$$00000004  c_w.l(__rtentry4.o)
    0x080001ae   0x00000000   Code   RO         2413    .ARM.Collect$$rtentry$$00000009  c_w.l(__rtentry2.o)
    0x080001ae   0x00000004   Code   RO         2414    .ARM.Collect$$rtentry$$0000000A  c_w.l(__rtentry2.o)
    0x080001b2   0x00000000   Code   RO         2416    .ARM.Collect$$rtentry$$0000000C  c_w.l(__rtentry2.o)
    0x080001b2   0x00000008   Code   RO         2417    .ARM.Collect$$rtentry$$0000000D  c_w.l(__rtentry2.o)
    0x080001ba   0x00000002   Code   RO         2438    .ARM.Collect$$rtexit$$00000000  c_w.l(rtexit.o)
    0x080001bc   0x00000000   Code   RO         2486    .ARM.Collect$$rtexit$$00000002  c_w.l(rtexit2.o)
    0x080001bc   0x00000004   Code   RO         2487    .ARM.Collect$$rtexit$$00000003  c_w.l(rtexit2.o)
    0x080001c0   0x00000006   Code   RO         2488    .ARM.Collect$$rtexit$$00000004  c_w.l(rtexit2.o)
    0x080001c6   0x00000002   PAD
    0x080001c8   0x00000038   Code   RO            4    .text               startup_stm32f10x_md.o
    0x08000200   0x00000002   Code   RO         2316    .text               c_w.l(use_no_semi_2.o)
    0x08000202   0x00000058   Code   RO         2318    .text               c_w.l(memcmp.o)
    0x0800025a   0x00000006   Code   RO         2322    .text               c_w.l(heapauxi.o)
    0x08000260   0x00000002   Code   RO         2394    .text               c_w.l(use_no_semi.o)
    0x08000262   0x0000004a   Code   RO         2425    .text               c_w.l(sys_stackheap_outer.o)
    0x080002ac   0x00000012   Code   RO         2427    .text               c_w.l(exit.o)
    0x080002be   0x00000002   PAD
    0x080002c0   0x00000008   Code   RO         2435    .text               c_w.l(libspace.o)
    0x080002c8   0x00000004   Code   RO         2251    i.BusFault_Handler  stm32f10x_it.o
    0x080002cc   0x0000004c   Code   RO          506    i.DWM1000_Init      dwm1000.o
    0x08000318   0x00000002   Code   RO         2252    i.DebugMon_Handler  stm32f10x_it.o
    0x0800031a   0x00000002   PAD
    0x0800031c   0x000002f8   Code   RO          507    i.Dwm1000_Respond   dwm1000.o
    0x08000614   0x0000001c   Code   RO          718    i.EXTI_GetITEnStatus  port.o
    0x08000630   0x00000116   Code   RO         1819    i.GPIO_Init         stm32f10x_gpio.o
    0x08000746   0x00000004   Code   RO         1826    i.GPIO_ResetBits    stm32f10x_gpio.o
    0x0800074a   0x00000004   Code   RO         1827    i.GPIO_SetBits      stm32f10x_gpio.o
    0x0800074e   0x00000002   PAD
    0x08000750   0x00000290   Code   RO          116    i.Gauss_Jordan      matrix.o
    0x080009e0   0x00000004   Code   RO         2253    i.HardFault_Handler  stm32f10x_it.o
    0x080009e4   0x00000174   Code   RO           76    i.KalMan_Update     kalman.o
    0x08000b58   0x00000068   Code   RO          208    i.MYRCC_DeInit      sys.o
    0x08000bc0   0x00000078   Code   RO          209    i.MY_NVIC_Init      sys.o
    0x08000c38   0x00000028   Code   RO          210    i.MY_NVIC_PriorityGroupConfig  sys.o
    0x08000c60   0x00000014   Code   RO          211    i.MY_NVIC_SetVectorTable  sys.o
    0x08000c74   0x00000034   Code   RO          117    i.MatrixAdd         matrix.o
    0x08000ca8   0x00000042   Code   RO          118    i.MatrixCal         matrix.o
    0x08000cea   0x00000034   Code   RO          121    i.MatrixMinus       matrix.o
    0x08000d1e   0x00000076   Code   RO          122    i.MatrixMul         matrix.o
    0x08000d94   0x00000030   Code   RO          123    i.MatrixTrans       matrix.o
    0x08000dc4   0x00000004   Code   RO         2254    i.MemManage_Handler  stm32f10x_it.o
    0x08000dc8   0x00000002   Code   RO         2255    i.NMI_Handler       stm32f10x_it.o
    0x08000dca   0x00000002   PAD
    0x08000dcc   0x00000028   Code   RO          721    i.NVIC_SetPriority  port.o
    0x08000df4   0x00000002   Code   RO         2256    i.PendSV_Handler    stm32f10x_it.o
    0x08000df6   0x00000002   PAD
    0x08000df8   0x00000020   Code   RO         1616    i.RCC_APB1PeriphResetCmd  stm32f10x_rcc.o
    0x08000e18   0x00000020   Code   RO         1617    i.RCC_APB2PeriphClockCmd  stm32f10x_rcc.o
    0x08000e38   0x00000020   Code   RO         1618    i.RCC_APB2PeriphResetCmd  stm32f10x_rcc.o
    0x08000e58   0x0000001c   Code   RO          724    i.SPI_ChangeRate    port.o
    0x08000e74   0x00000018   Code   RO         1470    i.SPI_Cmd           stm32f10x_spi.o
    0x08000e8c   0x000000b4   Code   RO          726    i.SPI_Configuration  port.o
    0x08000f40   0x00000058   Code   RO         1477    i.SPI_I2S_DeInit    stm32f10x_spi.o
    0x08000f98   0x00000012   Code   RO         1478    i.SPI_I2S_GetFlagStatus  stm32f10x_spi.o
    0x08000faa   0x0000003c   Code   RO         1483    i.SPI_Init          stm32f10x_spi.o
    0x08000fe6   0x00000018   Code   RO         1485    i.SPI_SSOutputCmd   stm32f10x_spi.o
    0x08000ffe   0x00000002   Code   RO         2257    i.SVC_Handler       stm32f10x_it.o
    0x08001000   0x00000090   Code   RO          212    i.Stm32_Clock_Init  sys.o
    0x08001090   0x00000054   Code   RO          727    i.SysTick_Configuration  port.o
    0x080010e4   0x00000010   Code   RO         2258    i.SysTick_Handler   stm32f10x_it.o
    0x080010f4   0x0000001c   Code   RO          285    i.UART1_Putchar     usart.o
    0x08001110   0x000000b4   Code   RO          287    i.USART1_IRQHandler  usart.o
    0x080011c4   0x0000000c   Code   RO          340    i.USART2_IRQHandler  usart2.o
    0x080011d0   0x00000004   Code   RO         2259    i.UsageFault_Handler  stm32f10x_it.o
    0x080011d4   0x00000038   Code   RO          867    i._dwt_configlde    deca_device.o
    0x0800120c   0x000000e4   Code   RO          869    i._dwt_enableclocks  deca_device.o
    0x080012f0   0x00000034   Code   RO          870    i._dwt_loaducodefromrom  deca_device.o
    0x08001324   0x0000004e   Code   RO          872    i._dwt_otpread      deca_device.o
    0x08001372   0x00000004   Code   RO          288    i._sys_exit         usart.o
    0x08001376   0x00000018   Code   RO          656    i.deca_sleep        deca_sleep.o
    0x0800138e   0x0000001c   Code   RO          594    i.decamutexoff      deca_mutex.o
    0x080013aa   0x00000002   PAD
    0x080013ac   0x00000028   Code   RO          595    i.decamutexon       deca_mutex.o
    0x080013d4   0x00000040   Code   RO          174    i.delay_init        delay.o
    0x08001414   0x0000003c   Code   RO          175    i.delay_ms          delay.o
    0x08001450   0x00000248   Code   RO          880    i.dwt_configure     deca_device.o
    0x08001698   0x00000026   Code   RO          887    i.dwt_entersleepaftertx  deca_device.o
    0x080016be   0x00000002   PAD
    0x080016c0   0x0000005c   Code   RO          888    i.dwt_forcetrxoff   deca_device.o
    0x0800171c   0x00000140   Code   RO          892    i.dwt_initialise    deca_device.o
    0x0800185c   0x0000002c   Code   RO          898    i.dwt_read16bitoffsetreg  deca_device.o
    0x08001888   0x00000038   Code   RO          899    i.dwt_read32bitoffsetreg  deca_device.o
    0x080018c0   0x0000000c   Code   RO          901    i.dwt_readdevid     deca_device.o
    0x080018cc   0x00000064   Code   RO          904    i.dwt_readfromdevice  deca_device.o
    0x08001930   0x00000016   Code   RO          905    i.dwt_readrxdata    deca_device.o
    0x08001946   0x00000012   Code   RO          906    i.dwt_readrxtimestamp  deca_device.o
    0x08001958   0x00000012   Code   RO          912    i.dwt_readtxtimestamp  deca_device.o
    0x0800196a   0x00000054   Code   RO          917    i.dwt_rxenable      deca_device.o
    0x080019be   0x00000010   Code   RO          926    i.dwt_setdelayedtrxtime  deca_device.o
    0x080019ce   0x00000024   Code   RO          932    i.dwt_setrxaftertxdelay  deca_device.o
    0x080019f2   0x00000012   Code   RO          933    i.dwt_setrxantennadelay  deca_device.o
    0x08001a04   0x0000006c   Code   RO          935    i.dwt_setrxtimeout  deca_device.o
    0x08001a70   0x00000010   Code   RO          937    i.dwt_settxantennadelay  deca_device.o
    0x08001a80   0x0000009c   Code   RO          940    i.dwt_starttx       deca_device.o
    0x08001b1c   0x00000038   Code   RO          941    i.dwt_syncrxbufptrs  deca_device.o
    0x08001b54   0x00000026   Code   RO          942    i.dwt_write16bitoffsetreg  deca_device.o
    0x08001b7a   0x00000030   Code   RO          943    i.dwt_write32bitoffsetreg  deca_device.o
    0x08001baa   0x00000068   Code   RO          944    i.dwt_writetodevice  deca_device.o
    0x08001c12   0x00000026   Code   RO          945    i.dwt_writetxdata   deca_device.o
    0x08001c38   0x00000024   Code   RO          946    i.dwt_writetxfctrl  deca_device.o
    0x08001c5c   0x00000034   Code   RO          947    i.dwt_xtaltrim      deca_device.o
    0x08001c90   0x00000020   Code   RO          510    i.final_msg_get_ts  dwm1000.o
    0x08001cb0   0x0000002c   Code   RO          511    i.get_rx_timestamp_u64  dwm1000.o
    0x08001cdc   0x0000002c   Code   RO          512    i.get_tx_timestamp_u64  dwm1000.o
    0x08001d08   0x00000700   Code   RO           10    i.main              test.o
    0x08002408   0x0000001a   Code   RO          734    i.peripherals_init  port.o
    0x08002422   0x00000002   PAD
    0x08002424   0x0000000c   Code   RO          735    i.portGetTickCnt    port.o
    0x08002430   0x00000080   Code   RO          677    i.readfromspi_serial  deca_spi.o
    0x080024b0   0x0000004c   Code   RO          736    i.reset_DW1000      port.o
    0x080024fc   0x0000000a   Code   RO          738    i.spi_set_rate_high  port.o
    0x08002506   0x0000000a   Code   RO          739    i.spi_set_rate_low  port.o
    0x08002510   0x000000ec   Code   RO          341    i.uart2_init        usart2.o
    0x080025fc   0x000000dc   Code   RO          290    i.uart_init         usart.o
    0x080026d8   0x0000007c   Code   RO          678    i.writetospi_serial  deca_spi.o
    0x08002754   0x00000062   Code   RO         2326    x$fpl$d2f           fz_ws.l(d2f.o)
    0x080027b6   0x00000002   PAD
    0x080027b8   0x00000150   Code   RO         2328    x$fpl$dadd          fz_ws.l(daddsub_clz.o)
    0x08002908   0x00000018   Code   RO         2397    x$fpl$dcmpinf       fz_ws.l(dcmpi.o)
    0x08002920   0x000002b0   Code   RO         2335    x$fpl$ddiv          fz_ws.l(ddiv.o)
    0x08002bd0   0x00000078   Code   RO         2338    x$fpl$deqf          fz_ws.l(deqf.o)
    0x08002c48   0x0000002e   Code   RO         2349    x$fpl$dflt          fz_ws.l(dflt_clz.o)
    0x08002c76   0x00000002   PAD
    0x08002c78   0x000000a2   Code   RO         2354    x$fpl$dfltll        fz_ws.l(dfltll_clz.o)
    0x08002d1a   0x00000026   Code   RO         2348    x$fpl$dfltu         fz_ws.l(dflt_clz.o)
    0x08002d40   0x00000078   Code   RO         2358    x$fpl$dleqf         fz_ws.l(dleqf.o)
    0x08002db8   0x00000154   Code   RO         2360    x$fpl$dmul          fz_ws.l(dmul.o)
    0x08002f0c   0x0000009c   Code   RO         2399    x$fpl$dnaninf       fz_ws.l(dnaninf.o)
    0x08002fa8   0x0000000c   Code   RO         2401    x$fpl$dretinf       fz_ws.l(dretinf.o)
    0x08002fb4   0x000001d4   Code   RO         2330    x$fpl$dsub          fz_ws.l(daddsub_clz.o)
    0x08003188   0x00000056   Code   RO         2362    x$fpl$f2d           fz_ws.l(f2d.o)
    0x080031de   0x00000002   PAD
    0x080031e0   0x000000c4   Code   RO         2364    x$fpl$fadd          fz_ws.l(faddsub_clz.o)
    0x080032a4   0x00000018   Code   RO         2403    x$fpl$fcmpinf       fz_ws.l(fcmpi.o)
    0x080032bc   0x00000184   Code   RO         2371    x$fpl$fdiv          fz_ws.l(fdiv.o)
    0x08003440   0x00000036   Code   RO         2374    x$fpl$ffix          fz_ws.l(ffix.o)
    0x08003476   0x00000002   PAD
    0x08003478   0x0000003e   Code   RO         2378    x$fpl$ffixu         fz_ws.l(ffixu.o)
    0x080034b6   0x00000002   PAD
    0x080034b8   0x00000030   Code   RO         2383    x$fpl$fflt          fz_ws.l(fflt_clz.o)
    0x080034e8   0x00000026   Code   RO         2382    x$fpl$ffltu         fz_ws.l(fflt_clz.o)
    0x0800350e   0x00000002   PAD
    0x08003510   0x00000068   Code   RO         2388    x$fpl$fleqf         fz_ws.l(fleqf.o)
    0x08003578   0x00000102   Code   RO         2390    x$fpl$fmul          fz_ws.l(fmul.o)
    0x0800367a   0x0000008c   Code   RO         2405    x$fpl$fnaninf       fz_ws.l(fnaninf.o)
    0x08003706   0x0000000a   Code   RO         2407    x$fpl$fretinf       fz_ws.l(fretinf.o)
    0x08003710   0x00000062   Code   RO         2392    x$fpl$frleqf        fz_ws.l(frleqf.o)
    0x08003772   0x00000014   Code   RO         2365    x$fpl$frsb          fz_ws.l(faddsub_clz.o)
    0x08003786   0x00000002   PAD
    0x08003788   0x000000ea   Code   RO         2366    x$fpl$fsub          fz_ws.l(faddsub_clz.o)
    0x08003872   0x00000002   PAD
    0x08003874   0x000000c2   Code   RO         2344    x$fpl$llsfromd      fz_ws.l(dfixll.o)
    0x08003936   0x00000000   Code   RO         2409    x$fpl$usenofp       fz_ws.l(usenofp.o)
    0x08003936   0x00000002   PAD
    0x08003938   0x000000ae   Data   RO         1387    .constdata          deca_params_init.o
    0x080039e6   0x00000002   PAD
    0x080039e8   0x00000020   Data   RO         2558    Region$$Table       anon$$obj.o


    Execution Region RW_IRAM1 (Base: 0x20000000, Size: 0x000008d0, Max: 0x00005000, ABSOLUTE, COMPRESSED[0x00000058])

    Base Addr    Size         Type   Attr      Idx    E Section Name        Object

    0x20000000   0x000000f8   Data   RW           12    .data               test.o
    0x200000f8   0x0000003c   Data   RW           77    .data               kalman.o
    0x20000134   0x00000004   Data   RW          177    .data               delay.o
    0x20000138   0x0000000c   Data   RW          292    .data               usart.o
    0x20000144   0x00000004   PAD
    0x20000148   0x00000084   Data   RW          514    .data               dwm1000.o
    0x200001cc   0x00000014   Data   RW         1428    .data               system_stm32f10x.o
    0x200001e0   0x00000004   Data   RW         2260    .data               stm32f10x_it.o
    0x200001e4   0x00000032   Zero   RW           11    .bss                test.o
    0x20000216   0x00000018   Zero   RW          513    .bss                dwm1000.o
    0x2000022e   0x00000002   PAD
    0x20000230   0x0000003c   Zero   RW          948    .bss                deca_device.o
    0x2000026c   0x00000060   Zero   RW         2436    .bss                c_w.l(libspace.o)
    0x200002cc   0x00000004   PAD
    0x200002d0   0x00000200   Zero   RW            2    HEAP                startup_stm32f10x_md.o
    0x200004d0   0x00000400   Zero   RW            1    STACK               startup_stm32f10x_md.o


==============================================================================

Image component sizes


      Code (inc. data)   RO Data    RW Data    ZI Data      Debug   Object Name

      2524         94          0          0         60      25255   deca_device.o
        68          6          0          0          0     236764   deca_mutex.o
         0          0        174          0          0       1973   deca_params_init.o
        24          0          0          0          0        613   deca_sleep.o
       252         18          0          0          0       5949   deca_spi.o
       124         12          0          4          0       1356   delay.o
       956         84          0        132         24       8388   dwm1000.o
       372         58          0         60          0     203784   kalman.o
       992          4          0          0          0       5219   matrix.o
       494         44          0          0          0      20815   port.o
        56         22        236          0       1536        816   startup_stm32f10x_md.o
       286          0          0          0          0       3336   stm32f10x_gpio.o
        40          4          0          4          0       5080   stm32f10x_it.o
        96         18          0          0          0       1923   stm32f10x_rcc.o
       214         12          0          0          0       4320   stm32f10x_spi.o
       428         44          0          0          0       3136   sys.o
         0          0          0         20          0     202632   system_stm32f10x.o
      1792        368          0        248         50     209384   test.o
       432         60          0         12          0       4515   usart.o
       248         24          0          0          0       2132   usart2.o

    ----------------------------------------------------------------------
      9412        872        444        484       1672     947390   Object Totals
         0          0         32          0          0          0   (incl. Generated)
        14          0          2          4          2          0   (incl. Padding)

    ----------------------------------------------------------------------

      Code (inc. data)   RO Data    RW Data    ZI Data      Debug   Library Member Name

        90          0          0          0          0          0   __dczerorl2.o
         8          0          0          0          0         68   __main.o
         0          0          0          0          0          0   __rtentry.o
        12          0          0          0          0          0   __rtentry2.o
         6          0          0          0          0          0   __rtentry4.o
        52          8          0          0          0          0   __scatter.o
        28          0          0          0          0          0   __scatter_zi.o
        18          0          0          0          0         80   exit.o
         6          0          0          0          0        152   heapauxi.o
         2          0          0          0          0          0   libinit.o
         2          0          0          0          0          0   libinit2.o
         2          0          0          0          0          0   libshutdown.o
         2          0          0          0          0          0   libshutdown2.o
         8          4          0          0         96         68   libspace.o
        88          0          0          0          0         76   memcmp.o
         2          0          0          0          0          0   rtexit.o
        10          0          0          0          0          0   rtexit2.o
        74          0          0          0          0         80   sys_stackheap_outer.o
         2          0          0          0          0         68   use_no_semi.o
         2          0          0          0          0         68   use_no_semi_2.o
        98          4          0          0          0         92   d2f.o
       804         16          0          0          0        272   daddsub_clz.o
        24          0          0          0          0         68   dcmpi.o
       688        140          0          0          0        208   ddiv.o
       120          4          0          0          0         92   deqf.o
       194          4          0          0          0        116   dfixll.o
        84          0          0          0          0        136   dflt_clz.o
       162          0          0          0          0         84   dfltll_clz.o
       120          4          0          0          0         92   dleqf.o
       340         12          0          0          0        104   dmul.o
       156          4          0          0          0         92   dnaninf.o
        12          0          0          0          0         68   dretinf.o
        86          4          0          0          0         84   f2d.o
       450          8          0          0          0        236   faddsub_clz.o
        24          0          0          0          0         68   fcmpi.o
       388         76          0          0          0         96   fdiv.o
        54          4          0          0          0         84   ffix.o
        62          4          0          0          0         84   ffixu.o
        86          0          0          0          0        136   fflt_clz.o
       104          4          0          0          0         84   fleqf.o
       258          4          0          0          0         84   fmul.o
       140          4          0          0          0         84   fnaninf.o
        10          0          0          0          0         68   fretinf.o
        98          0          0          0          0         68   frleqf.o
         0          0          0          0          0          0   usenofp.o

    ----------------------------------------------------------------------
      5000        308          0          0        100       3260   Library Totals
        24          0          0          0          4          0   (incl. Padding)

    ----------------------------------------------------------------------

      Code (inc. data)   RO Data    RW Data    ZI Data      Debug   Library Name

       414         12          0          0         96        660   c_w.l
      4562        296          0          0          0       2600   fz_ws.l

    ----------------------------------------------------------------------
      5000        308          0          0        100       3260   Library Totals

    ----------------------------------------------------------------------

==============================================================================


      Code (inc. data)   RO Data    RW Data    ZI Data      Debug   

     14412       1180        444        484       1772     944510   Grand Totals
     14412       1180        444         88       1772     944510   ELF Image Totals (compressed)
     14412       1180        444         88          0          0   ROM Totals

==============================================================================

    Total RO  Size (Code + RO Data)                14856 (  14.51kB)
    Total RW  Size (RW Data + ZI Data)              2256 (   2.20kB)
    Total ROM Size (Code + RO Data + RW Data)      14944 (  14.59kB)

==============================================================================

