<html>
<body>
<pre>
<h1>礦ision Build Log</h1>
<h2>Tool Versions:</h2>
IDE-Version: μVision V5.23.0.0
Copyright (C) 2017 ARM Ltd and ARM Germany GmbH. All rights reserved.
License Information: WJY WJY, wjy, LIC=BL28G-VR0T9-YDTK5-GC45Z-9KMDS-H3BYG
 
Tool Versions:
Toolchain:       MDK-ARM Professional  Version: 5.23
Toolchain Path:  C:\Keil_v5\ARM\ARMCC\Bin
C Compiler:      Armcc.exe V5.06 update 4 (build 422)
Assembler:       Armasm.exe V5.06 update 4 (build 422)
Linker/Locator:  ArmLink.exe V5.06 update 4 (build 422)
Library Manager: ArmAr.exe V5.06 update 4 (build 422)
Hex Converter:   FromElf.exe V5.06 update 4 (build 422)
CPU DLL:         SARMCM3.DLL V5.23
Dialog DLL:      DCM.DLL V1.15.0.0
Target DLL:      CMSIS_AGDI.dll V1.27.5.0
Dialog DLL:      TCM.DLL V1.27.0.0
 
<h2>Project:</h2>
C:\Users\扬州锐鹰智能科技有限公司\Desktop\跟随release\带蜂鸣器ADC灯-OK\带有卡尔曼滤波的基站\人体定位代码-基站\USER\test.uvprojx
Project File Date:  03/06/2023

<h2>Output:</h2>
*** Using Compiler 'V5.06 update 4 (build 422)', folder: 'C:\Keil_v5\ARM\ARMCC\Bin'
Build target 'Target 1'
compiling test.c...
test.c(53): warning:  #223-D: function "UART1_Putchar" declared implicitly
              UART1_Putchar(0xff);
test.c(63): warning:  #1-D: last line of file ends without a newline
  }
test.c(14): warning:  #177-D: variable "State"  was declared but never referenced
      u8 State;
test.c: 3 warnings, 0 errors
linking...
Program Size: Code=13768 RO-data=3304 RW-data=388 ZI-data=1716  
FromELF: creating hex file...
"..\OBJ\R车载端135信道16460.axf" - 0 Error(s), 3 Warning(s).

<h2>Collection of Component include folders:</h2>
  .\RTE\_Target_1
  C:\Keil_v5\ARM\PACK\Keil\STM32F1xx_DFP\2.3.0\Device\Include

<h2>Collection of Component Files used:</h2>
Build Time Elapsed:  00:00:00
</pre>
</body>
</html>
