Component: ARM Compiler 5.06 update 4 (build 422) Tool: armlink [4d35d2]

==============================================================================

Section Cross References

    startup_stm32f10x_md.o(STACK) refers (Special) to heapauxi.o(.text) for __use_two_region_memory
    startup_stm32f10x_md.o(HEAP) refers (Special) to heapauxi.o(.text) for __use_two_region_memory
    startup_stm32f10x_md.o(RESET) refers (Special) to heapauxi.o(.text) for __use_two_region_memory
    startup_stm32f10x_md.o(RESET) refers to startup_stm32f10x_md.o(STACK) for __initial_sp
    startup_stm32f10x_md.o(RESET) refers to startup_stm32f10x_md.o(.text) for Reset_Handler
    startup_stm32f10x_md.o(RESET) refers to stm32f10x_it.o(i.NMI_Handler) for NMI_Handler
    startup_stm32f10x_md.o(RESET) refers to stm32f10x_it.o(i.HardFault_Handler) for HardFault_Handler
    startup_stm32f10x_md.o(RESET) refers to stm32f10x_it.o(i.MemManage_Handler) for MemManage_Handler
    startup_stm32f10x_md.o(RESET) refers to stm32f10x_it.o(i.BusFault_Handler) for BusFault_Handler
    startup_stm32f10x_md.o(RESET) refers to stm32f10x_it.o(i.UsageFault_Handler) for UsageFault_Handler
    startup_stm32f10x_md.o(RESET) refers to stm32f10x_it.o(i.SVC_Handler) for SVC_Handler
    startup_stm32f10x_md.o(RESET) refers to stm32f10x_it.o(i.DebugMon_Handler) for DebugMon_Handler
    startup_stm32f10x_md.o(RESET) refers to stm32f10x_it.o(i.PendSV_Handler) for PendSV_Handler
    startup_stm32f10x_md.o(RESET) refers to stm32f10x_it.o(i.SysTick_Handler) for SysTick_Handler
    startup_stm32f10x_md.o(RESET) refers to usart.o(i.USART1_IRQHandler) for USART1_IRQHandler
    startup_stm32f10x_md.o(RESET) refers to usart2.o(i.USART2_IRQHandler) for USART2_IRQHandler
    startup_stm32f10x_md.o(.text) refers (Special) to heapauxi.o(.text) for __use_two_region_memory
    startup_stm32f10x_md.o(.text) refers to __main.o(!!!main) for __main
    startup_stm32f10x_md.o(.text) refers to startup_stm32f10x_md.o(HEAP) for Heap_Mem
    startup_stm32f10x_md.o(.text) refers to startup_stm32f10x_md.o(STACK) for Stack_Mem
    test.o(i.main) refers to sys.o(i.Stm32_Clock_Init) for Stm32_Clock_Init
    test.o(i.main) refers to delay.o(i.delay_init) for delay_init
    test.o(i.main) refers to usart.o(i.uart_init) for uart_init
    test.o(i.main) refers to usart2.o(i.uart2_init) for uart2_init
    test.o(i.main) refers to led.o(i.LED_Init) for LED_Init
    test.o(i.main) refers to adc.o(i.Adc_Init) for Adc_Init
    test.o(i.main) refers to oled.o(i.OLED_Init) for OLED_Init
    test.o(i.main) refers to key.o(i.KEY_Init) for KEY_Init
    test.o(i.main) refers to dwm1000.o(i.DWM1000_Init) for DWM1000_Init
    test.o(i.main) refers to delay.o(i.delay_ms) for delay_ms
    test.o(i.main) refers to dwm1000.o(i.Dwm1000_Start) for Dwm1000_Start
    test.o(i.main) refers to test.o(.data) for Distance_Station_Two
    delay.o(i.delay_init) refers to delay.o(.data) for fac_us
    delay.o(i.delay_ms) refers to delay.o(.data) for fac_ms
    delay.o(i.delay_us) refers to delay.o(.data) for fac_us
    sys.o(i.MYRCC_DeInit) refers to sys.o(i.MY_NVIC_SetVectorTable) for MY_NVIC_SetVectorTable
    sys.o(i.MY_NVIC_Init) refers to sys.o(i.MY_NVIC_PriorityGroupConfig) for MY_NVIC_PriorityGroupConfig
    sys.o(i.Stm32_Clock_Init) refers to sys.o(i.MYRCC_DeInit) for MYRCC_DeInit
    sys.o(i.Sys_Standby) refers to sys.o(i.WFI_SET) for WFI_SET
    usart.o(i.UART1_Putchar) refers (Special) to use_no_semi_2.o(.text) for __use_no_semihosting
    usart.o(i.URAT1_Putbuff) refers (Special) to use_no_semi_2.o(.text) for __use_no_semihosting
    usart.o(i.URAT1_Putbuff) refers to usart.o(i.UART1_Putchar) for UART1_Putchar
    usart.o(i.USART1_IRQHandler) refers (Special) to use_no_semi_2.o(.text) for __use_no_semihosting
    usart.o(i.USART1_IRQHandler) refers to usart.o(.data) for Usart_Receive
    usart.o(i.USART1_IRQHandler) refers to test.o(.data) for flag_cs1
    usart.o(i._sys_exit) refers (Special) to use_no_semi_2.o(.text) for __use_no_semihosting
    usart.o(i.fputc) refers (Special) to use_no_semi_2.o(.text) for __use_no_semihosting
    usart.o(i.uart_init) refers (Special) to use_no_semi_2.o(.text) for __use_no_semihosting
    usart.o(i.uart_init) refers to fflt_clz.o(x$fpl$ffltu) for __aeabi_ui2f
    usart.o(i.uart_init) refers to fdiv.o(x$fpl$fdiv) for __aeabi_fdiv
    usart.o(i.uart_init) refers to ffixu.o(x$fpl$ffixu) for __aeabi_f2uiz
    usart.o(i.uart_init) refers to faddsub_clz.o(x$fpl$frsb) for __aeabi_frsub
    usart.o(i.uart_init) refers to fmul.o(x$fpl$fmul) for __aeabi_fmul
    usart.o(i.uart_init) refers to sys.o(i.MY_NVIC_Init) for MY_NVIC_Init
    usart.o(.bss) refers (Special) to use_no_semi_2.o(.text) for __use_no_semihosting
    usart.o(.data) refers (Special) to use_no_semi_2.o(.text) for __use_no_semihosting
    usart2.o(i.URAT2_Putbuff) refers to usart2.o(i.UART2_Putchar) for UART2_Putchar
    usart2.o(i.USART2_IRQHandler) refers to oled.o(i.OLED_P8x16_Float) for OLED_P8x16_Float
[...]
    Removing stm32f10x_adc.o(i.ADC_DeInit), (92 bytes).
    Removing stm32f10x_adc.o(i.ADC_DiscModeChannelCountConfig), (24 bytes).
    Removing stm32f10x_adc.o(i.ADC_DiscModeCmd), (22 bytes).
    Removing stm32f10x_adc.o(i.ADC_ExternalTrigConvCmd), (22 bytes).
    Removing stm32f10x_adc.o(i.ADC_ExternalTrigInjectedConvCmd), (22 bytes).
    Removing stm32f10x_adc.o(i.ADC_ExternalTrigInjectedConvConfig), (16 bytes).
    Removing stm32f10x_adc.o(i.ADC_GetCalibrationStatus), (20 bytes).
    Removing stm32f10x_adc.o(i.ADC_GetConversionValue), (8 bytes).
    Removing stm32f10x_adc.o(i.ADC_GetDualModeConversionValue), (12 bytes).
    Removing stm32f10x_adc.o(i.ADC_GetFlagStatus), (18 bytes).
    Removing stm32f10x_adc.o(i.ADC_GetITStatus), (36 bytes).
    Removing stm32f10x_adc.o(i.ADC_GetInjectedConversionValue), (28 bytes).
    Removing stm32f10x_adc.o(i.ADC_GetResetCalibrationStatus), (20 bytes).
    Removing stm32f10x_adc.o(i.ADC_GetSoftwareStartConvStatus), (20 bytes).
    Removing stm32f10x_adc.o(i.ADC_GetSoftwareStartInjectedConvCmdStatus), (20 bytes).
    Removing stm32f10x_adc.o(i.ADC_ITConfig), (24 bytes).
    Removing stm32f10x_adc.o(i.ADC_Init), (80 bytes).
    Removing stm32f10x_adc.o(i.ADC_InjectedChannelConfig), (130 bytes).
    Removing stm32f10x_adc.o(i.ADC_InjectedDiscModeCmd), (22 bytes).
    Removing stm32f10x_adc.o(i.ADC_InjectedSequencerLengthConfig), (24 bytes).
    Removing stm32f10x_adc.o(i.ADC_RegularChannelConfig), (184 bytes).
    Removing stm32f10x_adc.o(i.ADC_ResetCalibration), (10 bytes).
    Removing stm32f10x_adc.o(i.ADC_SetInjectedOffset), (20 bytes).
    Removing stm32f10x_adc.o(i.ADC_SoftwareStartConvCmd), (22 bytes).
    Removing stm32f10x_adc.o(i.ADC_SoftwareStartInjectedConvCmd), (22 bytes).
    Removing stm32f10x_adc.o(i.ADC_StartCalibration), (10 bytes).
    Removing stm32f10x_adc.o(i.ADC_StructInit), (18 bytes).
    Removing stm32f10x_adc.o(i.ADC_TempSensorVrefintCmd), (36 bytes).

249 unused section(s) (total 12816 bytes) removed from the image.

==============================================================================

Image Symbol Table

    Local Symbols

    Symbol Name                              Value     Ov Type        Size  Object(Section)

    ../clib/angel/boardlib.s                 0x00000000   Number         0  boardinit2.o ABSOLUTE
    ../clib/angel/boardlib.s                 0x00000000   Number         0  boardinit1.o ABSOLUTE
    ../clib/angel/boardlib.s                 0x00000000   Number         0  boardshut.o ABSOLUTE
    ../clib/angel/boardlib.s                 0x00000000   Number         0  boardinit3.o ABSOLUTE
    ../clib/angel/dczerorl2.s                0x00000000   Number         0  __dczerorl2.o ABSOLUTE
    ../clib/angel/handlers.s                 0x00000000   Number         0  __scatter_zi.o ABSOLUTE
    ../clib/angel/kernel.s                   0x00000000   Number         0  rtexit.o ABSOLUTE
    ../clib/angel/kernel.s                   0x00000000   Number         0  __rtentry.o ABSOLUTE
    ../clib/angel/kernel.s                   0x00000000   Number         0  __rtentry4.o ABSOLUTE
    ../clib/angel/kernel.s                   0x00000000   Number         0  __rtentry2.o ABSOLUTE
    ../clib/angel/kernel.s                   0x00000000   Number         0  rtexit2.o ABSOLUTE
    ../clib/angel/rt.s                       0x00000000   Number         0  rt_raise.o ABSOLUTE
    ../clib/angel/scatter.s                  0x00000000   Number         0  __scatter.o ABSOLUTE
    ../clib/angel/startup.s                  0x00000000   Number         0  __main.o ABSOLUTE
    ../clib/angel/sys.s                      0x00000000   Number         0  use_no_semi_2.o ABSOLUTE
    ../clib/angel/sys.s                      0x00000000   Number         0  indicate_semi.o ABSOLUTE
    ../clib/angel/sys.s                      0x00000000   Number         0  libspace.o ABSOLUTE
    ../clib/angel/sys.s                      0x00000000   Number         0  use_no_semi.o ABSOLUTE
    ../clib/angel/sys.s                      0x00000000   Number         0  sys_stackheap_outer.o ABSOLUTE
    ../clib/angel/sysapp.c                   0x00000000   Number         0  sys_command.o ABSOLUTE
    ../clib/angel/sysapp.c                   0x00000000   Number         0  sys_wrch.o ABSOLUTE
    ../clib/armsys.c                         0x00000000   Number         0  no_argv.o ABSOLUTE
    ../clib/armsys.c                         0x00000000   Number         0  argv_veneer.o ABSOLUTE
    ../clib/armsys.c                         0x00000000   Number         0  _get_argv_nomalloc.o ABSOLUTE
    ../clib/armsys.c                         0x00000000   Number         0  argv_veneer.o ABSOLUTE
    ../clib/heapalloc.c                      0x00000000   Number         0  hrguard.o ABSOLUTE
    ../clib/heapaux.c                        0x00000000   Number         0  heapauxi.o ABSOLUTE
    ../clib/libinit.s                        0x00000000   Number         0  libshutdown.o ABSOLUTE
    ../clib/libinit.s                        0x00000000   Number         0  libshutdown2.o ABSOLUTE
    ../clib/libinit.s                        0x00000000   Number         0  libinit.o ABSOLUTE
    ../clib/libinit.s                        0x00000000   Number         0  libinit2.o ABSOLUTE
    ../clib/memcpset.s                       0x00000000   Number         0  rt_memcpy_w.o ABSOLUTE
    ../clib/signal.c                         0x00000000   Number         0  defsig_fpe_inner.o ABSOLUTE
    ../clib/signal.c                         0x00000000   Number         0  defsig_general.o ABSOLUTE
    ../clib/signal.c                         0x00000000   Number         0  __raise.o ABSOLUTE
    ../clib/signal.c                         0x00000000   Number         0  defsig_rtmem_inner.o ABSOLUTE
    ../clib/signal.c                         0x00000000   Number         0  defsig_rtmem_formal.o ABSOLUTE
    ../clib/signal.c                         0x00000000   Number         0  defsig_rtmem_outer.o ABSOLUTE
    ../clib/signal.c                         0x00000000   Number         0  defsig_pvfn_inner.o ABSOLUTE
    ../clib/signal.c                         0x00000000   Number         0  defsig_abrt_inner.o ABSOLUTE
    ../clib/signal.c                         0x00000000   Number         0  defsig_stak_inner.o ABSOLUTE
    ../clib/signal.c                         0x00000000   Number         0  defsig_rtred_inner.o ABSOLUTE
    ../clib/signal.c                         0x00000000   Number         0  defsig_cppl_inner.o ABSOLUTE
    ../clib/signal.c                         0x00000000   Number         0  defsig_segv_inner.o ABSOLUTE
    ../clib/signal.c                         0x00000000   Number         0  defsig_other.o ABSOLUTE
    ../clib/signal.c                         0x00000000   Number         0  defsig_exit.o ABSOLUTE
    ../clib/signal.s                         0x00000000   Number         0  defsig.o ABSOLUTE
    ../clib/stdlib.c                         0x00000000   Number         0  exit.o ABSOLUTE
    ../clib/string.c                         0x00000000   Number         0  memcmp.o ABSOLUTE
    ../fplib/dfix.s                          0x00000000   Number         0  dfix.o ABSOLUTE
    ../fplib/dmul.s                          0x00000000   Number         0  dmul.o ABSOLUTE
    ../fplib/dnaninf.s                       0x00000000   Number         0  dnaninf.o ABSOLUTE
    ../fplib/dretinf.s                       0x00000000   Number         0  dretinf.o ABSOLUTE
    ../fplib/f2d.s                           0x00000000   Number         0  f2d.o ABSOLUTE
    ../fplib/faddsub.s                       0x00000000   Number         0  faddsub_clz.o ABSOLUTE
    ../fplib/fcmpi.s                         0x00000000   Number         0  fcmpi.o ABSOLUTE
    ../fplib/fdiv.s                          0x00000000   Number         0  fdiv.o ABSOLUTE
    ../fplib/ffixu.s                         0x00000000   Number         0  ffixu.o ABSOLUTE
    ../fplib/fflt.s                          0x00000000   Number         0  fflt_clz.o ABSOLUTE
    ../fplib/fleqf.s                         0x00000000   Number         0  fleqf.o ABSOLUTE
    ../fplib/fmul.s                          0x00000000   Number         0  fmul.o ABSOLUTE
    ../fplib/fnaninf.s                       0x00000000   Number         0  fnaninf.o ABSOLUTE
    ../fplib/fpinit.s                        0x00000000   Number         0  fpinit.o ABSOLUTE
    ../fplib/fretinf.s                       0x00000000   Number         0  fretinf.o ABSOLUTE
    ../fplib/usenofp.s                       0x00000000   Number         0  usenofp.o ABSOLUTE
    ..\Library\ADC\adc.c                     0x00000000   Number         0  adc.o ABSOLUTE
    ..\Library\DWM1000\STM32F10x_StdPeriph_Driver\misc.c 0x00000000   Number         0  misc.o ABSOLUTE
    ..\Library\DWM1000\STM32F10x_StdPeriph_Driver\stm32f10x_adc.c 0x00000000   Number         0  stm32f10x_adc.o ABSOLUTE
    ..\Library\DWM1000\STM32F10x_StdPeriph_Driver\stm32f10x_bkp.c 0x00000000   Number         0  stm32f10x_bkp.o ABSOLUTE
    ..\Library\DWM1000\STM32F10x_StdPeriph_Driver\stm32f10x_exti.c 0x00000000   Number         0  stm32f10x_exti.o ABSOLUTE
    ..\Library\DWM1000\STM32F10x_StdPeriph_Driver\stm32f10x_gpio.c 0x00000000   Number         0  stm32f10x_gpio.o ABSOLUTE
    ..\Library\DWM1000\STM32F10x_StdPeriph_Driver\stm32f10x_it.c 0x00000000   Number         0  stm32f10x_it.o ABSOLUTE
    ..\Library\DWM1000\STM32F10x_StdPeriph_Driver\stm32f10x_pwr.c 0x00000000   Number         0  stm32f10x_pwr.o ABSOLUTE
    ..\Library\DWM1000\STM32F10x_StdPeriph_Driver\stm32f10x_rcc.c 0x00000000   Number         0  stm32f10x_rcc.o ABSOLUTE
    ..\Library\DWM1000\STM32F10x_StdPeriph_Driver\stm32f10x_rtc.c 0x00000000   Number         0  stm32f10x_rtc.o ABSOLUTE
    ..\Library\DWM1000\STM32F10x_StdPeriph_Driver\stm32f10x_spi.c 0x00000000   Number         0  stm32f10x_spi.o ABSOLUTE
    ..\Library\DWM1000\STM32F10x_StdPeriph_Driver\system_stm32f10x.c 0x00000000   Number         0  system_stm32f10x.o ABSOLUTE
    ..\Library\DWM1000\decadriver\deca_device.c 0x00000000   Number         0  deca_device.o ABSOLUTE
    ..\Library\DWM1000\decadriver\deca_params_init.c 0x00000000   Number         0  deca_params_init.o ABSOLUTE
    ..\Library\DWM1000\decadriver\deca_range_tables.c 0x00000000   Number         0  deca_range_tables.o ABSOLUTE
    ..\Library\DWM1000\dwm1000.c             0x00000000   Number         0  dwm1000.o ABSOLUTE
    ..\Library\DWM1000\platform\deca_mutex.c 0x00000000   Number         0  deca_mutex.o ABSOLUTE
    ..\Library\DWM1000\platform\deca_sleep.c 0x00000000   Number         0  deca_sleep.o ABSOLUTE
    ..\Library\DWM1000\platform\deca_spi.c   0x00000000   Number         0  deca_spi.o ABSOLUTE
    ..\Library\DWM1000\platform\port.c       0x00000000   Number         0  port.o ABSOLUTE
    ..\Library\KEY\key.c                     0x00000000   Number         0  key.o ABSOLUTE
    ..\Library\LED\led.c                     0x00000000   Number         0  led.o ABSOLUTE
    ..\Library\OLED\oled.c                   0x00000000   Number         0  oled.o ABSOLUTE
    ..\Library\UART2\usart2.c                0x00000000   Number         0  usart2.o ABSOLUTE
    ..\SYSTEM\delay\delay.c                  0x00000000   Number         0  delay.o ABSOLUTE
    ..\SYSTEM\sys\sys.c                      0x00000000   Number         0  sys.o ABSOLUTE
    ..\SYSTEM\usart\usart.c                  0x00000000   Number         0  usart.o ABSOLUTE
    ..\\SYSTEM\\sys\\sys.c                   0x00000000   Number         0  sys.o ABSOLUTE
    dc.s                                     0x00000000   Number         0  dc.o ABSOLUTE
    startup_stm32f10x_md.s                   0x00000000   Number         0  startup_stm32f10x_md.o ABSOLUTE
    test.c                                   0x00000000   Number         0  test.o ABSOLUTE
    RESET                                    0x08000000   Section      236  startup_stm32f10x_md.o(RESET)
    !!!main                                  0x080000ec   Section        8  __main.o(!!!main)
    !!!scatter                               0x080000f4   Section       52  __scatter.o(!!!scatter)
    !!dczerorl2                              0x08000128   Section       90  __dczerorl2.o(!!dczerorl2)
    !!handler_zi                             0x08000184   Section       28  __scatter_zi.o(!!handler_zi)
    .ARM.Collect$$libinit$$00000000          0x080001a0   Section        2  libinit.o(.ARM.Collect$$libinit$$00000000)
    .ARM.Collect$$libinit$$00000002          0x080001a2   Section        0  libinit2.o(.ARM.Collect$$libinit$$00000002)
    .ARM.Collect$$libinit$$00000004          0x080001a2   Section        0  libinit2.o(.ARM.Collect$$libinit$$00000004)
    .ARM.Collect$$libinit$$0000000A          0x080001a2   Section        0  libinit2.o(.ARM.Collect$$libinit$$0000000A)
    .ARM.Collect$$libinit$$0000000C          0x080001a2   Section        0  libinit2.o(.ARM.Collect$$libinit$$0000000C)
    .ARM.Collect$$libinit$$0000000E          0x080001a2   Section        0  libinit2.o(.ARM.Collect$$libinit$$0000000E)
    .ARM.Collect$$libinit$$00000011          0x080001a2   Section        0  libinit2.o(.ARM.Collect$$libinit$$00000011)
    .ARM.Collect$$libinit$$00000013          0x080001a2   Section        0  libinit2.o(.ARM.Collect$$libinit$$00000013)
    .ARM.Collect$$libinit$$00000015          0x080001a2   Section        0  libinit2.o(.ARM.Collect$$libinit$$00000015)
    .ARM.Collect$$libinit$$00000017          0x080001a2   Section        0  libinit2.o(.ARM.Collect$$libinit$$00000017)
    .ARM.Collect$$libinit$$00000019          0x080001a2   Section        0  libinit2.o(.ARM.Collect$$libinit$$00000019)
    .ARM.Collect$$libinit$$0000001B          0x080001a2   Section        0  libinit2.o(.ARM.Collect$$libinit$$0000001B)
    .ARM.Collect$$libinit$$0000001D          0x080001a2   Section        0  libinit2.o(.ARM.Collect$$libinit$$0000001D)
    .ARM.Collect$$libinit$$0000001F          0x080001a2   Section        0  libinit2.o(.ARM.Collect$$libinit$$0000001F)
    .ARM.Collect$$libinit$$00000021          0x080001a2   Section        0  libinit2.o(.ARM.Collect$$libinit$$00000021)
    .ARM.Collect$$libinit$$00000023          0x080001a2   Section        0  libinit2.o(.ARM.Collect$$libinit$$00000023)
    .ARM.Collect$$libinit$$00000025          0x080001a2   Section        0  libinit2.o(.ARM.Collect$$libinit$$00000025)
    .ARM.Collect$$libinit$$0000002C          0x080001a2   Section        0  libinit2.o(.ARM.Collect$$libinit$$0000002C)
    .ARM.Collect$$libinit$$0000002E          0x080001a2   Section        0  libinit2.o(.ARM.Collect$$libinit$$0000002E)
    .ARM.Collect$$libinit$$00000030          0x080001a2   Section        0  libinit2.o(.ARM.Collect$$libinit$$00000030)
    .ARM.Collect$$libinit$$00000032          0x080001a2   Section        0  libinit2.o(.ARM.Collect$$libinit$$00000032)
    .ARM.Collect$$libinit$$00000033          0x080001a2   Section        2  libinit2.o(.ARM.Collect$$libinit$$00000033)
    .ARM.Collect$$libshutdown$$00000000      0x080001a4   Section        2  libshutdown.o(.ARM.Collect$$libshutdown$$00000000)
    .ARM.Collect$$libshutdown$$00000002      0x080001a6   Section        0  libshutdown2.o(.ARM.Collect$$libshutdown$$00000002)
    .ARM.Collect$$libshutdown$$00000004      0x080001a6   Section        0  libshutdown2.o(.ARM.Collect$$libshutdown$$00000004)
    .ARM.Collect$$libshutdown$$00000007      0x080001a6   Section        0  libshutdown2.o(.ARM.Collect$$libshutdown$$00000007)
    .ARM.Collect$$libshutdown$$0000000A      0x080001a6   Section        0  libshutdown2.o(.ARM.Collect$$libshutdown$$0000000A)
    .ARM.Collect$$libshutdown$$0000000C      0x080001a6   Section        0  libshutdown2.o(.ARM.Collect$$libshutdown$$0000000C)
    .ARM.Collect$$libshutdown$$0000000F      0x080001a6   Section        0  libshutdown2.o(.ARM.Collect$$libshutdown$$0000000F)
    .ARM.Collect$$libshutdown$$00000010      0x080001a6   Section        2  libshutdown2.o(.ARM.Collect$$libshutdown$$00000010)
    .ARM.Collect$$rtentry$$00000000          0x080001a8   Section        0  __rtentry.o(.ARM.Collect$$rtentry$$00000000)
    .ARM.Collect$$rtentry$$00000002          0x080001a8   Section        0  __rtentry2.o(.ARM.Collect$$rtentry$$00000002)
    .ARM.Collect$$rtentry$$00000004          0x080001a8   Section        6  __rtentry4.o(.ARM.Collect$$rtentry$$00000004)
    .ARM.Collect$$rtentry$$00000009          0x080001ae   Section        0  __rtentry2.o(.ARM.Collect$$rtentry$$00000009)
    .ARM.Collect$$rtentry$$0000000A          0x080001ae   Section        4  __rtentry2.o(.ARM.Collect$$rtentry$$0000000A)
    .ARM.Collect$$rtentry$$0000000C          0x080001b2   Section        0  __rtentry2.o(.ARM.Collect$$rtentry$$0000000C)
    .ARM.Collect$$rtentry$$0000000D          0x080001b2   Section        8  __rtentry2.o(.ARM.Collect$$rtentry$$0000000D)
    .ARM.Collect$$rtexit$$00000000           0x080001ba   Section        2  rtexit.o(.ARM.Collect$$rtexit$$00000000)
    .ARM.Collect$$rtexit$$00000002           0x080001bc   Section        0  rtexit2.o(.ARM.Collect$$rtexit$$00000002)
    .ARM.Collect$$rtexit$$00000003           0x080001bc   Section        4  rtexit2.o(.ARM.Collect$$rtexit$$00000003)
    .ARM.Collect$$rtexit$$00000004           0x080001c0   Section        6  rtexit2.o(.ARM.Collect$$rtexit$$00000004)
    .text                                    0x080001c8   Section       56  startup_stm32f10x_md.o(.text)
    .text                                    0x08000200   Section        2  use_no_semi_2.o(.text)
    .text                                    0x08000202   Section        0  memcmp.o(.text)
    .text                                    0x0800025a   Section        0  heapauxi.o(.text)
    .text                                    0x08000260   Section        2  use_no_semi.o(.text)
    .text                                    0x08000262   Section       74  sys_stackheap_outer.o(.text)
    .text                                    0x080002ac   Section        0  exit.o(.text)
    .text                                    0x080002c0   Section        8  libspace.o(.text)
    i.Adc_Init                               0x080002c8   Section        0  adc.o(i.Adc_Init)
    i.BusFault_Handler                       0x080003f0   Section        0  stm32f10x_it.o(i.BusFault_Handler)
    i.DWM1000_Init                           0x080003f4   Section        0  dwm1000.o(i.DWM1000_Init)
    i.DebugMon_Handler                       0x08000440   Section        0  stm32f10x_it.o(i.DebugMon_Handler)
    i.Dwm1000_Start                          0x08000444   Section        0  dwm1000.o(i.Dwm1000_Start)
    i.EXTI_GetITEnStatus                     0x08000614   Section        0  port.o(i.EXTI_GetITEnStatus)
    i.GPIO_Init                              0x08000630   Section        0  stm32f10x_gpio.o(i.GPIO_Init)
    i.GPIO_ResetBits                         0x08000746   Section        0  stm32f10x_gpio.o(i.GPIO_ResetBits)
    i.GPIO_SetBits                           0x0800074a   Section        0  stm32f10x_gpio.o(i.GPIO_SetBits)
    i.HardFault_Handler                      0x0800074e   Section        0  stm32f10x_it.o(i.HardFault_Handler)
    i.KEY_Init                               0x08000754   Section        0  key.o(i.KEY_Init)
    i.LED_Init                               0x080007c8   Section        0  led.o(i.LED_Init)
    i.MYRCC_DeInit                           0x08000804   Section        0  sys.o(i.MYRCC_DeInit)
    i.MY_NVIC_Init                           0x0800086c   Section        0  sys.o(i.MY_NVIC_Init)
    i.MY_NVIC_PriorityGroupConfig            0x080008e4   Section        0  sys.o(i.MY_NVIC_PriorityGroupConfig)
    i.MY_NVIC_SetVectorTable                 0x0800090c   Section        0  sys.o(i.MY_NVIC_SetVectorTable)
    i.MemManage_Handler                      0x08000920   Section        0  stm32f10x_it.o(i.MemManage_Handler)
    i.NMI_Handler                            0x08000924   Section        0  stm32f10x_it.o(i.NMI_Handler)
    i.NVIC_SetPriority                       0x08000928   Section        0  port.o(i.NVIC_SetPriority)
    NVIC_SetPriority                         0x08000929   Thumb Code    32  port.o(i.NVIC_SetPriority)
    i.OLED_Fill                              0x08000950   Section        0  oled.o(i.OLED_Fill)
    i.OLED_HEXACSII                          0x0800098a   Section        0  oled.o(i.OLED_HEXACSII)
    i.OLED_Init                              0x080009bc   Section        0  oled.o(i.OLED_Init)
    i.OLED_P8x16_Float                       0x08000ae0   Section        0  oled.o(i.OLED_P8x16_Float)
    i.OLED_P8x16_Str                         0x08000be0   Section        0  oled.o(i.OLED_P8x16_Str)
    i.OLED_Set_Pos                           0x08000c60   Section        0  oled.o(i.OLED_Set_Pos)
    i.OLED_WrCmd                             0x08000c88   Section        0  oled.o(i.OLED_WrCmd)
    i.OLED_WrDat                             0x08000cd8   Section        0  oled.o(i.OLED_WrDat)
    i.PendSV_Handler                         0x08000d2c   Section        0  stm32f10x_it.o(i.PendSV_Handler)
    i.RCC_APB1PeriphResetCmd                 0x08000d30   Section        0  stm32f10x_rcc.o(i.RCC_APB1PeriphResetCmd)
    i.RCC_APB2PeriphClockCmd                 0x08000d50   Section        0  stm32f10x_rcc.o(i.RCC_APB2PeriphClockCmd)
    i.RCC_APB2PeriphResetCmd                 0x08000d70   Section        0  stm32f10x_rcc.o(i.RCC_APB2PeriphResetCmd)
    i.SPI_ChangeRate                         0x08000d90   Section        0  port.o(i.SPI_ChangeRate)
    i.SPI_Cmd                                0x08000dac   Section        0  stm32f10x_spi.o(i.SPI_Cmd)
    i.SPI_Configuration                      0x08000dc4   Section        0  port.o(i.SPI_Configuration)
    i.SPI_I2S_DeInit                         0x08000e78   Section        0  stm32f10x_spi.o(i.SPI_I2S_DeInit)
    i.SPI_I2S_GetFlagStatus                  0x08000ed0   Section        0  stm32f10x_spi.o(i.SPI_I2S_GetFlagStatus)
    i.SPI_Init                               0x08000ee2   Section        0  stm32f10x_spi.o(i.SPI_Init)
    i.SPI_SSOutputCmd                        0x08000f1e   Section        0  stm32f10x_spi.o(i.SPI_SSOutputCmd)
    i.SVC_Handler                            0x08000f36   Section        0  stm32f10x_it.o(i.SVC_Handler)
    i.Stm32_Clock_Init                       0x08000f38   Section        0  sys.o(i.Stm32_Clock_Init)
    i.SysTick_Configuration                  0x08000fc8   Section        0  port.o(i.SysTick_Configuration)
    i.SysTick_Handler                        0x0800101c   Section        0  stm32f10x_it.o(i.SysTick_Handler)
    i.USART1_IRQHandler                      0x0800102c   Section        0  usart.o(i.USART1_IRQHandler)
    i.USART2_IRQHandler                      0x0800105c   Section        0  usart2.o(i.USART2_IRQHandler)
    i.UsageFault_Handler                     0x08001118   Section        0  stm32f10x_it.o(i.UsageFault_Handler)
    i._dwt_configlde                         0x0800111c   Section        0  deca_device.o(i._dwt_configlde)
    i._dwt_enableclocks                      0x08001154   Section        0  deca_device.o(i._dwt_enableclocks)
    i._dwt_loaducodefromrom                  0x08001238   Section        0  deca_device.o(i._dwt_loaducodefromrom)
    i._dwt_otpread                           0x0800126c   Section        0  deca_device.o(i._dwt_otpread)
    i._sys_exit                              0x080012ba   Section        0  usart.o(i._sys_exit)
    i.deca_sleep                             0x080012be   Section        0  deca_sleep.o(i.deca_sleep)
    i.decamutexoff                           0x080012d6   Section        0  deca_mutex.o(i.decamutexoff)
    i.decamutexon                            0x080012f4   Section        0  deca_mutex.o(i.decamutexon)
    i.delay_init                             0x0800131c   Section        0  delay.o(i.delay_init)
    i.delay_ms                               0x0800135c   Section        0  delay.o(i.delay_ms)
    i.dwt_configure                          0x08001398   Section        0  deca_device.o(i.dwt_configure)
    i.dwt_entersleepaftertx                  0x080015e0   Section        0  deca_device.o(i.dwt_entersleepaftertx)
    i.dwt_initialise                         0x08001608   Section        0  deca_device.o(i.dwt_initialise)
    i.dwt_read16bitoffsetreg                 0x08001748   Section        0  deca_device.o(i.dwt_read16bitoffsetreg)
    i.dwt_read32bitoffsetreg                 0x08001774   Section        0  deca_device.o(i.dwt_read32bitoffsetreg)
    i.dwt_readdevid                          0x080017ac   Section        0  deca_device.o(i.dwt_readdevid)
    i.dwt_readfromdevice                     0x080017b8   Section        0  deca_device.o(i.dwt_readfromdevice)
    i.dwt_readrxdata                         0x0800181c   Section        0  deca_device.o(i.dwt_readrxdata)
    i.dwt_readrxtimestamp                    0x08001832   Section        0  deca_device.o(i.dwt_readrxtimestamp)
    i.dwt_readtxtimestamp                    0x08001844   Section        0  deca_device.o(i.dwt_readtxtimestamp)
    i.dwt_setdelayedtrxtime                  0x08001856   Section        0  deca_device.o(i.dwt_setdelayedtrxtime)
    i.dwt_setrxaftertxdelay                  0x08001866   Section        0  deca_device.o(i.dwt_setrxaftertxdelay)
    i.dwt_setrxantennadelay                  0x0800188a   Section        0  deca_device.o(i.dwt_setrxantennadelay)
    i.dwt_setrxtimeout                       0x0800189c   Section        0  deca_device.o(i.dwt_setrxtimeout)
    i.dwt_settxantennadelay                  0x08001908   Section        0  deca_device.o(i.dwt_settxantennadelay)
    i.dwt_starttx                            0x08001918   Section        0  deca_device.o(i.dwt_starttx)
    i.dwt_write16bitoffsetreg                0x080019b4   Section        0  deca_device.o(i.dwt_write16bitoffsetreg)
    i.dwt_write32bitoffsetreg                0x080019da   Section        0  deca_device.o(i.dwt_write32bitoffsetreg)
    i.dwt_writetodevice                      0x08001a0a   Section        0  deca_device.o(i.dwt_writetodevice)
    i.dwt_writetxdata                        0x08001a72   Section        0  deca_device.o(i.dwt_writetxdata)
    i.dwt_writetxfctrl                       0x08001a98   Section        0  deca_device.o(i.dwt_writetxfctrl)
    i.dwt_xtaltrim                           0x08001abc   Section        0  deca_device.o(i.dwt_xtaltrim)
    i.final_msg_set_ts                       0x08001af0   Section        0  dwm1000.o(i.final_msg_set_ts)
    final_msg_set_ts                         0x08001af1   Thumb Code    26  dwm1000.o(i.final_msg_set_ts)
    i.get_rx_timestamp_u64                   0x08001b0a   Section        0  dwm1000.o(i.get_rx_timestamp_u64)
    get_rx_timestamp_u64                     0x08001b0b   Thumb Code    44  dwm1000.o(i.get_rx_timestamp_u64)
    i.get_tx_timestamp_u64                   0x08001b36   Section        0  dwm1000.o(i.get_tx_timestamp_u64)
    get_tx_timestamp_u64                     0x08001b37   Thumb Code    44  dwm1000.o(i.get_tx_timestamp_u64)
    i.main                                   0x08001b64   Section        0  test.o(i.main)
    i.peripherals_init                       0x08001c40   Section        0  port.o(i.peripherals_init)
    i.portGetTickCnt                         0x08001c5c   Section        0  port.o(i.portGetTickCnt)
    i.readfromspi_serial                     0x08001c68   Section        0  deca_spi.o(i.readfromspi_serial)
    i.reset_DW1000                           0x08001ce8   Section        0  port.o(i.reset_DW1000)
    i.spi_set_rate_high                      0x08001d34   Section        0  port.o(i.spi_set_rate_high)
    i.spi_set_rate_low                       0x08001d3e   Section        0  port.o(i.spi_set_rate_low)
    i.uart2_init                             0x08001d48   Section        0  usart2.o(i.uart2_init)
    i.uart_init                              0x08001e34   Section        0  usart.o(i.uart_init)
    i.writetospi_serial                      0x08001f10   Section        0  deca_spi.o(i.writetospi_serial)
    x$fpl$fadd                               0x08001f8c   Section      196  faddsub_clz.o(x$fpl$fadd)
    _fadd1                                   0x08001f9b   Thumb Code     0  faddsub_clz.o(x$fpl$fadd)
    x$fpl$fcmpinf                            0x08002050   Section       24  fcmpi.o(x$fpl$fcmpinf)
    x$fpl$fdiv                               0x08002068   Section      388  fdiv.o(x$fpl$fdiv)
    _fdiv1                                   0x08002069   Thumb Code     0  fdiv.o(x$fpl$fdiv)
    x$fpl$ffixu                              0x080021ec   Section       62  ffixu.o(x$fpl$ffixu)
    x$fpl$ffltu                              0x0800222c   Section       38  fflt_clz.o(x$fpl$ffltu)
    x$fpl$fleqf                              0x08002254   Section      104  fleqf.o(x$fpl$fleqf)
    x$fpl$fmul                               0x080022bc   Section      258  fmul.o(x$fpl$fmul)
    x$fpl$fnaninf                            0x080023be   Section      140  fnaninf.o(x$fpl$fnaninf)
    x$fpl$fretinf                            0x0800244a   Section       10  fretinf.o(x$fpl$fretinf)
    x$fpl$frsb                               0x08002454   Section       20  faddsub_clz.o(x$fpl$frsb)
    x$fpl$fsub                               0x08002468   Section      234  faddsub_clz.o(x$fpl$fsub)
    _fsub1                                   0x08002477   Thumb Code     0  faddsub_clz.o(x$fpl$fsub)
    x$fpl$usenofp                            0x08002552   Section        0  usenofp.o(x$fpl$usenofp)
    .constdata                               0x08002554   Section     2508  oled.o(.constdata)
    .constdata                               0x08002f20   Section      174  deca_params_init.o(.constdata)
    .data                                    0x20000000   Section      304  test.o(.data)
    .data                                    0x20000130   Section        4  delay.o(.data)
    fac_us                                   0x20000130   Data           1  delay.o(.data)
    fac_ms                                   0x20000132   Data           2  delay.o(.data)
    .data                                    0x20000134   Section       12  usart.o(.data)
    .data                                    0x20000140   Section        4  usart2.o(.data)
    count4                                   0x20000140   Data           1  usart2.o(.data)
    last_data4                               0x20000141   Data           1  usart2.o(.data)
    last_last_data4                          0x20000142   Data           1  usart2.o(.data)
    Usart_ON_Count4                          0x20000143   Data           1  usart2.o(.data)
    .data                                    0x20000144   Section      128  oled.o(.data)
    .data                                    0x200001c8   Section      100  dwm1000.o(.data)
    config                                   0x200001c8   Data          11  dwm1000.o(.data)
    tx_poll_msg                              0x200001d3   Data          12  dwm1000.o(.data)
    rx_resp_msg                              0x200001df   Data          15  dwm1000.o(.data)
    tx_final_msg                             0x200001ee   Data          24  dwm1000.o(.data)
    frame_seq_nb                             0x20000206   Data           1  dwm1000.o(.data)
    status_reg                               0x20000208   Data           4  dwm1000.o(.data)
    poll_tx_ts                               0x20000210   Data           8  dwm1000.o(.data)
    resp_rx_ts                               0x20000218   Data           8  dwm1000.o(.data)
    final_tx_ts                              0x20000220   Data           8  dwm1000.o(.data)
    frame_len                                0x20000228   Data           4  dwm1000.o(.data)
    .data                                    0x2000022c   Section       20  system_stm32f10x.o(.data)
    .data                                    0x20000240   Section        4  stm32f10x_it.o(.data)
    .bss                                     0x20000244   Section       30  test.o(.bss)
    .bss                                     0x20000262   Section       24  dwm1000.o(.bss)
    rx_buffer                                0x20000262   Data          24  dwm1000.o(.bss)
    .bss                                     0x2000027c   Section       64  deca_device.o(.bss)
    dw1000local                              0x2000027c   Data          64  deca_device.o(.bss)
    .bss                                     0x200002bc   Section       96  libspace.o(.bss)
    HEAP                                     0x20000320   Section      512  startup_stm32f10x_md.o(HEAP)
    Heap_Mem                                 0x20000320   Data         512  startup_stm32f10x_md.o(HEAP)
    STACK                                    0x20000520   Section     1024  startup_stm32f10x_md.o(STACK)
    Stack_Mem                                0x20000520   Data        1024  startup_stm32f10x_md.o(STACK)
    __initial_sp                             0x20000920   Data           0  startup_stm32f10x_md.o(STACK)

    Global Symbols

    Symbol Name                              Value     Ov Type        Size  Object(Section)

    BuildAttributes$$THM_ISAv4$P$D$K$B$S$PE$A:L22UL41UL21$X:L11$S22US41US21$IEEE1$IW$USESV6$~STKCKD$USESV7$~SHL$OSPACE$ROPI$EBA8$UX$STANDARDLIB$REQ8$PRES8$EABIv2 0x00000000   Number         0  anon$$obj.o ABSOLUTE
    __ARM_use_no_argv                        0x00000000   Number         0  test.o ABSOLUTE
    __ARM_exceptions_init                     - Undefined Weak Reference
    __alloca_initialize                       - Undefined Weak Reference
    __arm_preinit_                            - Undefined Weak Reference
    __cpp_initialize__aeabi_                  - Undefined Weak Reference
    __cxa_finalize                            - Undefined Weak Reference
    __rt_locale                               - Undefined Weak Reference
    __sigvec_lookup                           - Undefined Weak Reference
    _atexit_init                              - Undefined Weak Reference
    _call_atexit_fns                          - Undefined Weak Reference
    _clock_init                               - Undefined Weak Reference
    _fp_trap_init                             - Undefined Weak Reference
    _fp_trap_shutdown                         - Undefined Weak Reference
    _get_lc_collate                           - Undefined Weak Reference
    _get_lc_ctype                             - Undefined Weak Reference
    _get_lc_monetary                          - Undefined Weak Reference
    _get_lc_numeric                           - Undefined Weak Reference
    _get_lc_time                              - Undefined Weak Reference
    _getenv_init                              - Undefined Weak Reference
    _handle_redirection                       - Undefined Weak Reference
    _init_alloc                               - Undefined Weak Reference
    _init_user_alloc                          - Undefined Weak Reference
    _initio                                   - Undefined Weak Reference
    _rand_init                                - Undefined Weak Reference
    _signal_finish                            - Undefined Weak Reference
    _signal_init                              - Undefined Weak Reference
    _terminate_alloc                          - Undefined Weak Reference
    _terminate_user_alloc                     - Undefined Weak Reference
    _terminateio                              - Undefined Weak Reference
    __Vectors_Size                           0x000000ec   Number         0  startup_stm32f10x_md.o ABSOLUTE
    __Vectors                                0x08000000   Data           4  startup_stm32f10x_md.o(RESET)
    __Vectors_End                            0x080000ec   Data           0  startup_stm32f10x_md.o(RESET)
    __main                                   0x080000ed   Thumb Code     8  __main.o(!!!main)
    __scatterload                            0x080000f5   Thumb Code     0  __scatter.o(!!!scatter)
    __scatterload_rt2                        0x080000f5   Thumb Code    44  __scatter.o(!!!scatter)
    __scatterload_rt2_thumb_only             0x080000f5   Thumb Code     0  __scatter.o(!!!scatter)
    __scatterload_null                       0x08000103   Thumb Code     0  __scatter.o(!!!scatter)
    __decompress                             0x08000129   Thumb Code    90  __dczerorl2.o(!!dczerorl2)
    __decompress1                            0x08000129   Thumb Code     0  __dczerorl2.o(!!dczerorl2)
    __scatterload_zeroinit                   0x08000185   Thumb Code    28  __scatter_zi.o(!!handler_zi)
    __rt_lib_init                            0x080001a1   Thumb Code     0  libinit.o(.ARM.Collect$$libinit$$00000000)
    __rt_lib_init_alloca_1                   0x080001a3   Thumb Code     0  libinit2.o(.ARM.Collect$$libinit$$0000002E)
    __rt_lib_init_argv_1                     0x080001a3   Thumb Code     0  libinit2.o(.ARM.Collect$$libinit$$0000002C)
    __rt_lib_init_atexit_1                   0x080001a3   Thumb Code     0  libinit2.o(.ARM.Collect$$libinit$$0000001B)
    __rt_lib_init_clock_1                    0x080001a3   Thumb Code     0  libinit2.o(.ARM.Collect$$libinit$$00000021)
    __rt_lib_init_cpp_1                      0x080001a3   Thumb Code     0  libinit2.o(.ARM.Collect$$libinit$$00000032)
    __rt_lib_init_exceptions_1               0x080001a3   Thumb Code     0  libinit2.o(.ARM.Collect$$libinit$$00000030)
    __rt_lib_init_fp_1                       0x080001a3   Thumb Code     0  libinit2.o(.ARM.Collect$$libinit$$00000002)
    __rt_lib_init_fp_trap_1                  0x080001a3   Thumb Code     0  libinit2.o(.ARM.Collect$$libinit$$0000001F)
    __rt_lib_init_getenv_1                   0x080001a3   Thumb Code     0  libinit2.o(.ARM.Collect$$libinit$$00000023)
    __rt_lib_init_heap_1                     0x080001a3   Thumb Code     0  libinit2.o(.ARM.Collect$$libinit$$0000000A)
    __rt_lib_init_lc_collate_1               0x080001a3   Thumb Code     0  libinit2.o(.ARM.Collect$$libinit$$00000011)
    __rt_lib_init_lc_ctype_1                 0x080001a3   Thumb Code     0  libinit2.o(.ARM.Collect$$libinit$$00000013)
    __rt_lib_init_lc_monetary_1              0x080001a3   Thumb Code     0  libinit2.o(.ARM.Collect$$libinit$$00000015)
    __rt_lib_init_lc_numeric_1               0x080001a3   Thumb Code     0  libinit2.o(.ARM.Collect$$libinit$$00000017)
    __rt_lib_init_lc_time_1                  0x080001a3   Thumb Code     0  libinit2.o(.ARM.Collect$$libinit$$00000019)
    __rt_lib_init_preinit_1                  0x080001a3   Thumb Code     0  libinit2.o(.ARM.Collect$$libinit$$00000004)
    __rt_lib_init_rand_1                     0x080001a3   Thumb Code     0  libinit2.o(.ARM.Collect$$libinit$$0000000E)
    __rt_lib_init_return                     0x080001a3   Thumb Code     0  libinit2.o(.ARM.Collect$$libinit$$00000033)
    __rt_lib_init_signal_1                   0x080001a3   Thumb Code     0  libinit2.o(.ARM.Collect$$libinit$$0000001D)
    __rt_lib_init_stdio_1                    0x080001a3   Thumb Code     0  libinit2.o(.ARM.Collect$$libinit$$00000025)
    __rt_lib_init_user_alloc_1               0x080001a3   Thumb Code     0  libinit2.o(.ARM.Collect$$libinit$$0000000C)
    __rt_lib_shutdown                        0x080001a5   Thumb Code     0  libshutdown.o(.ARM.Collect$$libshutdown$$00000000)
    __rt_lib_shutdown_cpp_1                  0x080001a7   Thumb Code     0  libshutdown2.o(.ARM.Collect$$libshutdown$$00000002)
    __rt_lib_shutdown_fp_trap_1              0x080001a7   Thumb Code     0  libshutdown2.o(.ARM.Collect$$libshutdown$$00000007)
    __rt_lib_shutdown_heap_1                 0x080001a7   Thumb Code     0  libshutdown2.o(.ARM.Collect$$libshutdown$$0000000F)
    __rt_lib_shutdown_return                 0x080001a7   Thumb Code     0  libshutdown2.o(.ARM.Collect$$libshutdown$$00000010)
    __rt_lib_shutdown_signal_1               0x080001a7   Thumb Code     0  libshutdown2.o(.ARM.Collect$$libshutdown$$0000000A)
    __rt_lib_shutdown_stdio_1                0x080001a7   Thumb Code     0  libshutdown2.o(.ARM.Collect$$libshutdown$$00000004)
    __rt_lib_shutdown_user_alloc_1           0x080001a7   Thumb Code     0  libshutdown2.o(.ARM.Collect$$libshutdown$$0000000C)
    __rt_entry                               0x080001a9   Thumb Code     0  __rtentry.o(.ARM.Collect$$rtentry$$00000000)
    __rt_entry_presh_1                       0x080001a9   Thumb Code     0  __rtentry2.o(.ARM.Collect$$rtentry$$00000002)
    __rt_entry_sh                            0x080001a9   Thumb Code     0  __rtentry4.o(.ARM.Collect$$rtentry$$00000004)
    __rt_entry_li                            0x080001af   Thumb Code     0  __rtentry2.o(.ARM.Collect$$rtentry$$0000000A)
    __rt_entry_postsh_1                      0x080001af   Thumb Code     0  __rtentry2.o(.ARM.Collect$$rtentry$$00000009)
    __rt_entry_main                          0x080001b3   Thumb Code     0  __rtentry2.o(.ARM.Collect$$rtentry$$0000000D)
    __rt_entry_postli_1                      0x080001b3   Thumb Code     0  __rtentry2.o(.ARM.Collect$$rtentry$$0000000C)
    __rt_exit                                0x080001bb   Thumb Code     0  rtexit.o(.ARM.Collect$$rtexit$$00000000)
    __rt_exit_ls                             0x080001bd   Thumb Code     0  rtexit2.o(.ARM.Collect$$rtexit$$00000003)
    __rt_exit_prels_1                        0x080001bd   Thumb Code     0  rtexit2.o(.ARM.Collect$$rtexit$$00000002)
    __rt_exit_exit                           0x080001c1   Thumb Code     0  rtexit2.o(.ARM.Collect$$rtexit$$00000004)
    Reset_Handler                            0x080001c9   Thumb Code     4  startup_stm32f10x_md.o(.text)
    ADC1_2_IRQHandler                        0x080001df   Thumb Code     0  startup_stm32f10x_md.o(.text)
    CAN1_RX1_IRQHandler                      0x080001df   Thumb Code     0  startup_stm32f10x_md.o(.text)
    CAN1_SCE_IRQHandler                      0x080001df   Thumb Code     0  startup_stm32f10x_md.o(.text)
    DMA1_Channel1_IRQHandler                 0x080001df   Thumb Code     0  startup_stm32f10x_md.o(.text)
    DMA1_Channel2_IRQHandler                 0x080001df   Thumb Code     0  startup_stm32f10x_md.o(.text)
    DMA1_Channel3_IRQHandler                 0x080001df   Thumb Code     0  startup_stm32f10x_md.o(.text)
    DMA1_Channel4_IRQHandler                 0x080001df   Thumb Code     0  startup_stm32f10x_md.o(.text)
    DMA1_Channel5_IRQHandler                 0x080001df   Thumb Code     0  startup_stm32f10x_md.o(.text)
    DMA1_Channel6_IRQHandler                 0x080001df   Thumb Code     0  startup_stm32f10x_md.o(.text)
    DMA1_Channel7_IRQHandler                 0x080001df   Thumb Code     0  startup_stm32f10x_md.o(.text)
    EXTI0_IRQHandler                         0x080001df   Thumb Code     0  startup_stm32f10x_md.o(.text)
    EXTI15_10_IRQHandler                     0x080001df   Thumb Code     0  startup_stm32f10x_md.o(.text)
    EXTI1_IRQHandler                         0x080001df   Thumb Code     0  startup_stm32f10x_md.o(.text)
    EXTI2_IRQHandler                         0x080001df   Thumb Code     0  startup_stm32f10x_md.o(.text)
    EXTI3_IRQHandler                         0x080001df   Thumb Code     0  startup_stm32f10x_md.o(.text)
    EXTI4_IRQHandler                         0x080001df   Thumb Code     0  startup_stm32f10x_md.o(.text)
    EXTI9_5_IRQHandler                       0x080001df   Thumb Code     0  startup_stm32f10x_md.o(.text)
    FLASH_IRQHandler                         0x080001df   Thumb Code     0  startup_stm32f10x_md.o(.text)
    I2C1_ER_IRQHandler                       0x080001df   Thumb Code     0  startup_stm32f10x_md.o(.text)
    I2C1_EV_IRQHandler                       0x080001df   Thumb Code     0  startup_stm32f10x_md.o(.text)
    I2C2_ER_IRQHandler                       0x080001df   Thumb Code     0  startup_stm32f10x_md.o(.text)
    I2C2_EV_IRQHandler                       0x080001df   Thumb Code     0  startup_stm32f10x_md.o(.text)
    PVD_IRQHandler                           0x080001df   Thumb Code     0  startup_stm32f10x_md.o(.text)
    RCC_IRQHandler                           0x080001df   Thumb Code     0  startup_stm32f10x_md.o(.text)
    RTCAlarm_IRQHandler                      0x080001df   Thumb Code     0  startup_stm32f10x_md.o(.text)
    RTC_IRQHandler                           0x080001df   Thumb Code     0  startup_stm32f10x_md.o(.text)
    SPI1_IRQHandler                          0x080001df   Thumb Code     0  startup_stm32f10x_md.o(.text)
    SPI2_IRQHandler                          0x080001df   Thumb Code     0  startup_stm32f10x_md.o(.text)
    TAMPER_IRQHandler                        0x080001df   Thumb Code     0  startup_stm32f10x_md.o(.text)
    TIM1_BRK_IRQHandler                      0x080001df   Thumb Code     0  startup_stm32f10x_md.o(.text)
    TIM1_CC_IRQHandler                       0x080001df   Thumb Code     0  startup_stm32f10x_md.o(.text)
    TIM1_TRG_COM_IRQHandler                  0x080001df   Thumb Code     0  startup_stm32f10x_md.o(.text)
    TIM1_UP_IRQHandler                       0x080001df   Thumb Code     0  startup_stm32f10x_md.o(.text)
    TIM2_IRQHandler                          0x080001df   Thumb Code     0  startup_stm32f10x_md.o(.text)
    TIM3_IRQHandler                          0x080001df   Thumb Code     0  startup_stm32f10x_md.o(.text)
    TIM4_IRQHandler                          0x080001df   Thumb Code     0  startup_stm32f10x_md.o(.text)
    USART3_IRQHandler                        0x080001df   Thumb Code     0  startup_stm32f10x_md.o(.text)
    USBWakeUp_IRQHandler                     0x080001df   Thumb Code     0  startup_stm32f10x_md.o(.text)
    USB_HP_CAN1_TX_IRQHandler                0x080001df   Thumb Code     0  startup_stm32f10x_md.o(.text)
    USB_LP_CAN1_RX0_IRQHandler               0x080001df   Thumb Code     0  startup_stm32f10x_md.o(.text)
    WWDG_IRQHandler                          0x080001df   Thumb Code     0  startup_stm32f10x_md.o(.text)
    __user_initial_stackheap                 0x080001e1   Thumb Code     0  startup_stm32f10x_md.o(.text)
    __use_no_semihosting                     0x08000201   Thumb Code     2  use_no_semi_2.o(.text)
    memcmp                                   0x08000203   Thumb Code    88  memcmp.o(.text)
    __use_two_region_memory                  0x0800025b   Thumb Code     2  heapauxi.o(.text)
    __rt_heap_escrow$2region                 0x0800025d   Thumb Code     2  heapauxi.o(.text)
    __rt_heap_expand$2region                 0x0800025f   Thumb Code     2  heapauxi.o(.text)
    __I$use$semihosting                      0x08000261   Thumb Code     0  use_no_semi.o(.text)
    __use_no_semihosting_swi                 0x08000261   Thumb Code     2  use_no_semi.o(.text)
    __user_setup_stackheap                   0x08000263   Thumb Code    74  sys_stackheap_outer.o(.text)
    exit                                     0x080002ad   Thumb Code    18  exit.o(.text)
    __user_libspace                          0x080002c1   Thumb Code     8  libspace.o(.text)
    __user_perproc_libspace                  0x080002c1   Thumb Code     0  libspace.o(.text)
    __user_perthread_libspace                0x080002c1   Thumb Code     0  libspace.o(.text)
    Adc_Init                                 0x080002c9   Thumb Code   280  adc.o(i.Adc_Init)
    BusFault_Handler                         0x080003f1   Thumb Code     4  stm32f10x_it.o(i.BusFault_Handler)
    DWM1000_Init                             0x080003f5   Thumb Code    70  dwm1000.o(i.DWM1000_Init)
    DebugMon_Handler                         0x08000441   Thumb Code     2  stm32f10x_it.o(i.DebugMon_Handler)
    Dwm1000_Start                            0x08000445   Thumb Code   408  dwm1000.o(i.Dwm1000_Start)
    EXTI_GetITEnStatus                       0x08000615   Thumb Code    24  port.o(i.EXTI_GetITEnStatus)
    GPIO_Init                                0x08000631   Thumb Code   278  stm32f10x_gpio.o(i.GPIO_Init)
    GPIO_ResetBits                           0x08000747   Thumb Code     4  stm32f10x_gpio.o(i.GPIO_ResetBits)
    GPIO_SetBits                             0x0800074b   Thumb Code     4  stm32f10x_gpio.o(i.GPIO_SetBits)
    HardFault_Handler                        0x0800074f   Thumb Code     4  stm32f10x_it.o(i.HardFault_Handler)
    KEY_Init                                 0x08000755   Thumb Code    98  key.o(i.KEY_Init)
    LED_Init                                 0x080007c9   Thumb Code    52  led.o(i.LED_Init)
    MYRCC_DeInit                             0x08000805   Thumb Code    90  sys.o(i.MYRCC_DeInit)
    MY_NVIC_Init                             0x0800086d   Thumb Code   116  sys.o(i.MY_NVIC_Init)
    MY_NVIC_PriorityGroupConfig              0x080008e5   Thumb Code    32  sys.o(i.MY_NVIC_PriorityGroupConfig)
    MY_NVIC_SetVectorTable                   0x0800090d   Thumb Code    12  sys.o(i.MY_NVIC_SetVectorTable)
    MemManage_Handler                        0x08000921   Thumb Code     4  stm32f10x_it.o(i.MemManage_Handler)
    NMI_Handler                              0x08000925   Thumb Code     2  stm32f10x_it.o(i.NMI_Handler)
    OLED_Fill                                0x08000951   Thumb Code    58  oled.o(i.OLED_Fill)
    OLED_HEXACSII                            0x0800098b   Thumb Code    48  oled.o(i.OLED_HEXACSII)
    OLED_Init                                0x080009bd   Thumb Code   266  oled.o(i.OLED_Init)
    OLED_P8x16_Float                         0x08000ae1   Thumb Code   240  oled.o(i.OLED_P8x16_Float)
    OLED_P8x16_Str                           0x08000be1   Thumb Code   124  oled.o(i.OLED_P8x16_Str)
    OLED_Set_Pos                             0x08000c61   Thumb Code    40  oled.o(i.OLED_Set_Pos)
    OLED_WrCmd                               0x08000c89   Thumb Code    72  oled.o(i.OLED_WrCmd)
    OLED_WrDat                               0x08000cd9   Thumb Code    74  oled.o(i.OLED_WrDat)
    PendSV_Handler                           0x08000d2d   Thumb Code     2  stm32f10x_it.o(i.PendSV_Handler)
    RCC_APB1PeriphResetCmd                   0x08000d31   Thumb Code    26  stm32f10x_rcc.o(i.RCC_APB1PeriphResetCmd)
    RCC_APB2PeriphClockCmd                   0x08000d51   Thumb Code    26  stm32f10x_rcc.o(i.RCC_APB2PeriphClockCmd)
    RCC_APB2PeriphResetCmd                   0x08000d71   Thumb Code    26  stm32f10x_rcc.o(i.RCC_APB2PeriphResetCmd)
    SPI_ChangeRate                           0x08000d91   Thumb Code    22  port.o(i.SPI_ChangeRate)
    SPI_Cmd                                  0x08000dad   Thumb Code    24  stm32f10x_spi.o(i.SPI_Cmd)
    SPI_Configuration                        0x08000dc5   Thumb Code   172  port.o(i.SPI_Configuration)
    SPI_I2S_DeInit                           0x08000e79   Thumb Code    76  stm32f10x_spi.o(i.SPI_I2S_DeInit)
    SPI_I2S_GetFlagStatus                    0x08000ed1   Thumb Code    18  stm32f10x_spi.o(i.SPI_I2S_GetFlagStatus)
    SPI_Init                                 0x08000ee3   Thumb Code    60  stm32f10x_spi.o(i.SPI_Init)
    SPI_SSOutputCmd                          0x08000f1f   Thumb Code    24  stm32f10x_spi.o(i.SPI_SSOutputCmd)
    SVC_Handler                              0x08000f37   Thumb Code     2  stm32f10x_it.o(i.SVC_Handler)
    Stm32_Clock_Init                         0x08000f39   Thumb Code   134  sys.o(i.Stm32_Clock_Init)
    SysTick_Configuration                    0x08000fc9   Thumb Code    78  port.o(i.SysTick_Configuration)
    SysTick_Handler                          0x0800101d   Thumb Code    12  stm32f10x_it.o(i.SysTick_Handler)
    USART1_IRQHandler                        0x0800102d   Thumb Code    36  usart.o(i.USART1_IRQHandler)
    USART2_IRQHandler                        0x0800105d   Thumb Code   150  usart2.o(i.USART2_IRQHandler)
    UsageFault_Handler                       0x08001119   Thumb Code     4  stm32f10x_it.o(i.UsageFault_Handler)
    _dwt_configlde                           0x0800111d   Thumb Code    56  deca_device.o(i._dwt_configlde)
    _dwt_enableclocks                        0x08001155   Thumb Code   228  deca_device.o(i._dwt_enableclocks)
    _dwt_loaducodefromrom                    0x08001239   Thumb Code    52  deca_device.o(i._dwt_loaducodefromrom)
    _dwt_otpread                             0x0800126d   Thumb Code    78  deca_device.o(i._dwt_otpread)
    _sys_exit                                0x080012bb   Thumb Code     4  usart.o(i._sys_exit)
    deca_sleep                               0x080012bf   Thumb Code    24  deca_sleep.o(i.deca_sleep)
    decamutexoff                             0x080012d7   Thumb Code    28  deca_mutex.o(i.decamutexoff)
    decamutexon                              0x080012f5   Thumb Code    34  deca_mutex.o(i.decamutexon)
    delay_init                               0x0800131d   Thumb Code    56  delay.o(i.delay_init)
    delay_ms                                 0x0800135d   Thumb Code    56  delay.o(i.delay_ms)
    dwt_configure                            0x08001399   Thumb Code   540  deca_device.o(i.dwt_configure)
    dwt_entersleepaftertx                    0x080015e1   Thumb Code    38  deca_device.o(i.dwt_entersleepaftertx)
    dwt_initialise                           0x08001609   Thumb Code   310  deca_device.o(i.dwt_initialise)
    dwt_read16bitoffsetreg                   0x08001749   Thumb Code    44  deca_device.o(i.dwt_read16bitoffsetreg)
    dwt_read32bitoffsetreg                   0x08001775   Thumb Code    56  deca_device.o(i.dwt_read32bitoffsetreg)
    dwt_readdevid                            0x080017ad   Thumb Code    12  deca_device.o(i.dwt_readdevid)
    dwt_readfromdevice                       0x080017b9   Thumb Code   100  deca_device.o(i.dwt_readfromdevice)
    dwt_readrxdata                           0x0800181d   Thumb Code    22  deca_device.o(i.dwt_readrxdata)
    dwt_readrxtimestamp                      0x08001833   Thumb Code    18  deca_device.o(i.dwt_readrxtimestamp)
    dwt_readtxtimestamp                      0x08001845   Thumb Code    18  deca_device.o(i.dwt_readtxtimestamp)
    dwt_setdelayedtrxtime                    0x08001857   Thumb Code    16  deca_device.o(i.dwt_setdelayedtrxtime)
    dwt_setrxaftertxdelay                    0x08001867   Thumb Code    36  deca_device.o(i.dwt_setrxaftertxdelay)
    dwt_setrxantennadelay                    0x0800188b   Thumb Code    18  deca_device.o(i.dwt_setrxantennadelay)
    dwt_setrxtimeout                         0x0800189d   Thumb Code   102  deca_device.o(i.dwt_setrxtimeout)
    dwt_settxantennadelay                    0x08001909   Thumb Code    16  deca_device.o(i.dwt_settxantennadelay)
    dwt_starttx                              0x08001919   Thumb Code   150  deca_device.o(i.dwt_starttx)
    dwt_write16bitoffsetreg                  0x080019b5   Thumb Code    38  deca_device.o(i.dwt_write16bitoffsetreg)
    dwt_write32bitoffsetreg                  0x080019db   Thumb Code    48  deca_device.o(i.dwt_write32bitoffsetreg)
    dwt_writetodevice                        0x08001a0b   Thumb Code   104  deca_device.o(i.dwt_writetodevice)
    dwt_writetxdata                          0x08001a73   Thumb Code    38  deca_device.o(i.dwt_writetxdata)
    dwt_writetxfctrl                         0x08001a99   Thumb Code    30  deca_device.o(i.dwt_writetxfctrl)
    dwt_xtaltrim                             0x08001abd   Thumb Code    52  deca_device.o(i.dwt_xtaltrim)
    main                                     0x08001b65   Thumb Code   182  test.o(i.main)
    peripherals_init                         0x08001c41   Thumb Code    26  port.o(i.peripherals_init)
    portGetTickCnt                           0x08001c5d   Thumb Code     6  port.o(i.portGetTickCnt)
    readfromspi_serial                       0x08001c69   Thumb Code   118  deca_spi.o(i.readfromspi_serial)
    reset_DW1000                             0x08001ce9   Thumb Code    70  port.o(i.reset_DW1000)
    spi_set_rate_high                        0x08001d35   Thumb Code    10  port.o(i.spi_set_rate_high)
    spi_set_rate_low                         0x08001d3f   Thumb Code    10  port.o(i.spi_set_rate_low)
    uart2_init                               0x08001d49   Thumb Code   218  usart2.o(i.uart2_init)
    uart_init                                0x08001e35   Thumb Code   202  usart.o(i.uart_init)
    writetospi_serial                        0x08001f11   Thumb Code   116  deca_spi.o(i.writetospi_serial)
    __aeabi_fadd                             0x08001f8d   Thumb Code     0  faddsub_clz.o(x$fpl$fadd)
    _fadd                                    0x08001f8d   Thumb Code   196  faddsub_clz.o(x$fpl$fadd)
    __fpl_fcmp_Inf                           0x08002051   Thumb Code    24  fcmpi.o(x$fpl$fcmpinf)
    __aeabi_fdiv                             0x08002069   Thumb Code     0  fdiv.o(x$fpl$fdiv)
    _fdiv                                    0x08002069   Thumb Code   384  fdiv.o(x$fpl$fdiv)
    __aeabi_f2uiz                            0x080021ed   Thumb Code     0  ffixu.o(x$fpl$ffixu)
    _ffixu                                   0x080021ed   Thumb Code    62  ffixu.o(x$fpl$ffixu)
    __aeabi_ui2f                             0x0800222d   Thumb Code     0  fflt_clz.o(x$fpl$ffltu)
    _ffltu                                   0x0800222d   Thumb Code    38  fflt_clz.o(x$fpl$ffltu)
    __aeabi_cfcmple                          0x08002255   Thumb Code     0  fleqf.o(x$fpl$fleqf)
    _fcmple                                  0x08002255   Thumb Code   104  fleqf.o(x$fpl$fleqf)
    __fpl_fcmple_InfNaN                      0x080022a7   Thumb Code     0  fleqf.o(x$fpl$fleqf)
    __aeabi_fmul                             0x080022bd   Thumb Code     0  fmul.o(x$fpl$fmul)
    _fmul                                    0x080022bd   Thumb Code   258  fmul.o(x$fpl$fmul)
    __fpl_fnaninf                            0x080023bf   Thumb Code   140  fnaninf.o(x$fpl$fnaninf)
    __fpl_fretinf                            0x0800244b   Thumb Code    10  fretinf.o(x$fpl$fretinf)
    __aeabi_frsub                            0x08002455   Thumb Code     0  faddsub_clz.o(x$fpl$frsb)
    _frsb                                    0x08002455   Thumb Code    20  faddsub_clz.o(x$fpl$frsb)
    __aeabi_fsub                             0x08002469   Thumb Code     0  faddsub_clz.o(x$fpl$fsub)
    _fsub                                    0x08002469   Thumb Code   234  faddsub_clz.o(x$fpl$fsub)
    __I$use$fp                               0x08002552   Number         0  usenofp.o(x$fpl$usenofp)
    F6x8                                     0x08002554   Data         552  oled.o(.constdata)
    F8X16                                    0x0800277c   Data        1520  oled.o(.constdata)
    F16x16                                   0x08002d6c   Data         416  oled.o(.constdata)
    chan_idx                                 0x08002f20   Data           8  deca_params_init.o(.constdata)
    tx_config                                0x08002f28   Data          24  deca_params_init.o(.constdata)
    pll2_config                              0x08002f40   Data          30  deca_params_init.o(.constdata)
    rx_config                                0x08002f5e   Data           2  deca_params_init.o(.constdata)
    agc_config                               0x08002f60   Data           8  deca_params_init.o(.constdata)
    dwnsSFDlen                               0x08002f68   Data           3  deca_params_init.o(.constdata)
    sftsh                                    0x08002f6c   Data          12  deca_params_init.o(.constdata)
    dtune1                                   0x08002f78   Data           4  deca_params_init.o(.constdata)
    digital_bb_config                        0x08002f7c   Data          32  deca_params_init.o(.constdata)
    lde_replicaCoeff                         0x08002f9c   Data          50  deca_params_init.o(.constdata)
    Region$$Table$$Base                      0x08002fd0   Number         0  anon$$obj.o(Region$$Table)
    Region$$Table$$Limit                     0x08002ff0   Number         0  anon$$obj.o(Region$$Table)
    Distance_Station_One                     0x20000000   Data           2  test.o(.data)
    Distance_Station_Two                     0x20000002   Data           2  test.o(.data)
    Distance_Station_Three                   0x20000004   Data           2  test.o(.data)
    Distance_Station_Four                    0x20000006   Data           2  test.o(.data)
    Distance_Station_Five                    0x20000008   Data           2  test.o(.data)
    Distance_Station_Six                     0x2000000a   Data           2  test.o(.data)
    d_7                                      0x2000000c   Data           2  test.o(.data)
    d_8                                      0x2000000e   Data           2  test.o(.data)
    d_9                                      0x20000010   Data           2  test.o(.data)
    d_10                                     0x20000012   Data           2  test.o(.data)
    d_11                                     0x20000014   Data           2  test.o(.data)
    d_12                                     0x20000016   Data           2  test.o(.data)
    d_13                                     0x20000018   Data           2  test.o(.data)
    d_14                                     0x2000001a   Data           2  test.o(.data)
    D_1                                      0x2000001c   Data           2  test.o(.data)
    D_2                                      0x2000001e   Data           2  test.o(.data)
    D_3                                      0x20000020   Data           2  test.o(.data)
    D_4                                      0x20000022   Data           2  test.o(.data)
    D_5                                      0x20000024   Data           2  test.o(.data)
    D_6                                      0x20000026   Data           2  test.o(.data)
    D_7                                      0x20000028   Data           2  test.o(.data)
    D_8                                      0x2000002a   Data           2  test.o(.data)
    D_9                                      0x2000002c   Data           2  test.o(.data)
    D_10                                     0x2000002e   Data           2  test.o(.data)
    D_11                                     0x20000030   Data           2  test.o(.data)
    D_12                                     0x20000032   Data           2  test.o(.data)
    D_13                                     0x20000034   Data           2  test.o(.data)
    D_14                                     0x20000036   Data           2  test.o(.data)
    D_15                                     0x20000038   Data           2  test.o(.data)
    D_16                                     0x2000003a   Data           2  test.o(.data)
    D_17                                     0x2000003c   Data           2  test.o(.data)
    D_18                                     0x2000003e   Data           2  test.o(.data)
    D_19                                     0x20000040   Data           2  test.o(.data)
    D_20                                     0x20000042   Data           2  test.o(.data)
    D_21                                     0x20000044   Data           2  test.o(.data)
    D_22                                     0x20000046   Data           2  test.o(.data)
    D_23                                     0x20000048   Data           2  test.o(.data)
    D_24                                     0x2000004a   Data           2  test.o(.data)
    TAG_ID                                   0x2000004c   Data           1  test.o(.data)
    ANCHOR_ID                                0x2000004d   Data           1  test.o(.data)
    jumptime                                 0x2000004e   Data           1  test.o(.data)
    x1                                       0x20000050   Data           4  test.o(.data)
    y1                                       0x20000054   Data           4  test.o(.data)
    x2                                       0x20000058   Data           4  test.o(.data)
    y2                                       0x2000005c   Data           4  test.o(.data)
    x3                                       0x20000060   Data           4  test.o(.data)
    y3                                       0x20000064   Data           4  test.o(.data)
    flag_bz                                  0x20000068   Data           4  test.o(.data)
    r1                                       0x2000006c   Data           4  test.o(.data)
    r2                                       0x20000070   Data           4  test.o(.data)
    r3                                       0x20000074   Data           4  test.o(.data)
    r4                                       0x20000078   Data           4  test.o(.data)
    r5                                       0x2000007c   Data           4  test.o(.data)
    r6                                       0x20000080   Data           4  test.o(.data)
    L12                                      0x20000084   Data           4  test.o(.data)
    L23                                      0x20000088   Data           4  test.o(.data)
    L34                                      0x2000008c   Data           4  test.o(.data)
    L45                                      0x20000090   Data           4  test.o(.data)
    L13                                      0x20000094   Data           4  test.o(.data)
    L14                                      0x20000098   Data           4  test.o(.data)
    L15                                      0x2000009c   Data           4  test.o(.data)
    L24                                      0x200000a0   Data           4  test.o(.data)
    L25                                      0x200000a4   Data           4  test.o(.data)
    L35                                      0x200000a8   Data           4  test.o(.data)
    H                                        0x200000ac   Data           4  test.o(.data)
    jd                                       0x200000b0   Data           8  test.o(.data)
    jd_v                                     0x200000b8   Data           8  test.o(.data)
    flag_cs1                                 0x200000c0   Data           4  test.o(.data)
    flag_cs2                                 0x200000c4   Data           4  test.o(.data)
    flag_cs                                  0x200000c8   Data           4  test.o(.data)
    jd_R                                     0x200000cc   Data           2  test.o(.data)
    rx                                       0x200000ce   Data           4  test.o(.data)
    rx_num1                                  0x200000d2   Data           1  test.o(.data)
    NUM                                      0x200000d3   Data           1  test.o(.data)
    flag                                     0x200000d4   Data           1  test.o(.data)
    flag_y                                   0x200000d5   Data           1  test.o(.data)
    flag_x                                   0x200000d6   Data           1  test.o(.data)
    iii                                      0x200000d7   Data           1  test.o(.data)
    flag_over                                0x200000d8   Data           1  test.o(.data)
    flag_over1                               0x200000d9   Data           1  test.o(.data)
    Usart_Flag4                              0x200000da   Data           1  test.o(.data)
    Usart_ON_Flag4                           0x200000db   Data           1  test.o(.data)
    b                                        0x200000dc   Data           4  test.o(.data)
    theta1                                   0x200000e0   Data           4  test.o(.data)
    theta2                                   0x200000e4   Data           4  test.o(.data)
    X                                        0x200000e8   Data           4  test.o(.data)
    Y                                        0x200000ec   Data           4  test.o(.data)
    X1                                       0x200000f0   Data           4  test.o(.data)
    Y1                                       0x200000f4   Data           4  test.o(.data)
    Y2                                       0x200000f8   Data           4  test.o(.data)
    X2                                       0x200000fc   Data           4  test.o(.data)
    xyd1                                     0x20000100   Data           8  test.o(.data)
    xyd2                                     0x20000108   Data           8  test.o(.data)
    max1                                     0x20000110   Data           4  test.o(.data)
    max2                                     0x20000114   Data           4  test.o(.data)
    max3                                     0x20000118   Data           4  test.o(.data)
    min1                                     0x2000011c   Data           4  test.o(.data)
    min2                                     0x20000120   Data           4  test.o(.data)
    min3                                     0x20000124   Data           4  test.o(.data)
    time                                     0x20000128   Data           4  test.o(.data)
    wjyqq                                    0x2000012c   Data           4  test.o(.data)
    ii                                       0x20000134   Data           1  usart.o(.data)
    rx_num                                   0x20000135   Data           1  usart.o(.data)
    rx_flag                                  0x20000136   Data           1  usart.o(.data)
    __stdout                                 0x20000138   Data           4  usart.o(.data)
    Usart_Receive                            0x2000013c   Data           4  usart.o(.data)
    BMP1                                     0x20000144   Data          16  oled.o(.data)
    BMP2                                     0x20000154   Data          16  oled.o(.data)
    BMP3                                     0x20000164   Data          16  oled.o(.data)
    BMP4                                     0x20000174   Data          16  oled.o(.data)
    BMP5                                     0x20000184   Data          64  oled.o(.data)
    SystemCoreClock                          0x2000022c   Data           4  system_stm32f10x.o(.data)
    AHBPrescTable                            0x20000230   Data          16  system_stm32f10x.o(.data)
    time32_incr                              0x20000240   Data           4  stm32f10x_it.o(.data)
    jd_x                                     0x20000244   Data          10  test.o(.bss)
    jd_y                                     0x2000024e   Data          10  test.o(.bss)
    U4_RX_BUF                                0x20000258   Data          10  test.o(.bss)
    __libspace_start                         0x200002bc   Data          96  libspace.o(.bss)
    __temporary_stack_top$libspace           0x2000031c   Data           0  libspace.o(.bss)



==============================================================================

Memory Map of the image

  Image Entry point : 0x080000ed

  Load Region LR_IROM1 (Base: 0x08000000, Size: 0x00003234, Max: 0x00010000, ABSOLUTE, COMPRESSED[0x00003070])

    Execution Region ER_IROM1 (Base: 0x08000000, Size: 0x00002ff0, Max: 0x00010000, ABSOLUTE)

    Base Addr    Size         Type   Attr      Idx    E Section Name        Object

    0x08000000   0x000000ec   Data   RO            3    RESET               startup_stm32f10x_md.o
    0x080000ec   0x00000008   Code   RO         2478  * !!!main             c_w.l(__main.o)
    0x080000f4   0x00000034   Code   RO         2678    !!!scatter          c_w.l(__scatter.o)
    0x08000128   0x0000005a   Code   RO         2676    !!dczerorl2         c_w.l(__dczerorl2.o)
    0x08000182   0x00000002   PAD
    0x08000184   0x0000001c   Code   RO         2680    !!handler_zi        c_w.l(__scatter_zi.o)
    0x080001a0   0x00000002   Code   RO         2550    .ARM.Collect$$libinit$$00000000  c_w.l(libinit.o)
    0x080001a2   0x00000000   Code   RO         2557    .ARM.Collect$$libinit$$00000002  c_w.l(libinit2.o)
    0x080001a2   0x00000000   Code   RO         2559    .ARM.Collect$$libinit$$00000004  c_w.l(libinit2.o)
    0x080001a2   0x00000000   Code   RO         2562    .ARM.Collect$$libinit$$0000000A  c_w.l(libinit2.o)
    0x080001a2   0x00000000   Code   RO         2564    .ARM.Collect$$libinit$$0000000C  c_w.l(libinit2.o)
    0x080001a2   0x00000000   Code   RO         2566    .ARM.Collect$$libinit$$0000000E  c_w.l(libinit2.o)
    0x080001a2   0x00000000   Code   RO         2569    .ARM.Collect$$libinit$$00000011  c_w.l(libinit2.o)
    0x080001a2   0x00000000   Code   RO         2571    .ARM.Collect$$libinit$$00000013  c_w.l(libinit2.o)
    0x080001a2   0x00000000   Code   RO         2573    .ARM.Collect$$libinit$$00000015  c_w.l(libinit2.o)
    0x080001a2   0x00000000   Code   RO         2575    .ARM.Collect$$libinit$$00000017  c_w.l(libinit2.o)
    0x080001a2   0x00000000   Code   RO         2577    .ARM.Collect$$libinit$$00000019  c_w.l(libinit2.o)
    0x080001a2   0x00000000   Code   RO         2579    .ARM.Collect$$libinit$$0000001B  c_w.l(libinit2.o)
    0x080001a2   0x00000000   Code   RO         2581    .ARM.Collect$$libinit$$0000001D  c_w.l(libinit2.o)
    0x080001a2   0x00000000   Code   RO         2583    .ARM.Collect$$libinit$$0000001F  c_w.l(libinit2.o)
    0x080001a2   0x00000000   Code   RO         2585    .ARM.Collect$$libinit$$00000021  c_w.l(libinit2.o)
    0x080001a2   0x00000000   Code   RO         2587    .ARM.Collect$$libinit$$00000023  c_w.l(libinit2.o)
    0x080001a2   0x00000000   Code   RO         2589    .ARM.Collect$$libinit$$00000025  c_w.l(libinit2.o)
    0x080001a2   0x00000000   Code   RO         2593    .ARM.Collect$$libinit$$0000002C  c_w.l(libinit2.o)
    0x080001a2   0x00000000   Code   RO         2595    .ARM.Collect$$libinit$$0000002E  c_w.l(libinit2.o)
    0x080001a2   0x00000000   Code   RO         2597    .ARM.Collect$$libinit$$00000030  c_w.l(libinit2.o)
    0x080001a2   0x00000000   Code   RO         2599    .ARM.Collect$$libinit$$00000032  c_w.l(libinit2.o)
    0x080001a2   0x00000002   Code   RO         2600    .ARM.Collect$$libinit$$00000033  c_w.l(libinit2.o)
    0x080001a4   0x00000002   Code   RO         2618    .ARM.Collect$$libshutdown$$00000000  c_w.l(libshutdown.o)
    0x080001a6   0x00000000   Code   RO         2628    .ARM.Collect$$libshutdown$$00000002  c_w.l(libshutdown2.o)
    0x080001a6   0x00000000   Code   RO         2630    .ARM.Collect$$libshutdown$$00000004  c_w.l(libshutdown2.o)
    0x080001a6   0x00000000   Code   RO         2633    .ARM.Collect$$libshutdown$$00000007  c_w.l(libshutdown2.o)
    0x080001a6   0x00000000   Code   RO         2636    .ARM.Collect$$libshutdown$$0000000A  c_w.l(libshutdown2.o)
    0x080001a6   0x00000000   Code   RO         2638    .ARM.Collect$$libshutdown$$0000000C  c_w.l(libshutdown2.o)
    0x080001a6   0x00000000   Code   RO         2641    .ARM.Collect$$libshutdown$$0000000F  c_w.l(libshutdown2.o)
    0x080001a6   0x00000002   Code   RO         2642    .ARM.Collect$$libshutdown$$00000010  c_w.l(libshutdown2.o)
    0x080001a8   0x00000000   Code   RO         2514    .ARM.Collect$$rtentry$$00000000  c_w.l(__rtentry.o)
    0x080001a8   0x00000000   Code   RO         2527    .ARM.Collect$$rtentry$$00000002  c_w.l(__rtentry2.o)
    0x080001a8   0x00000006   Code   RO         2539    .ARM.Collect$$rtentry$$00000004  c_w.l(__rtentry4.o)
    0x080001ae   0x00000000   Code   RO         2529    .ARM.Collect$$rtentry$$00000009  c_w.l(__rtentry2.o)
    0x080001ae   0x00000004   Code   RO         2530    .ARM.Collect$$rtentry$$0000000A  c_w.l(__rtentry2.o)
    0x080001b2   0x00000000   Code   RO         2532    .ARM.Collect$$rtentry$$0000000C  c_w.l(__rtentry2.o)
    0x080001b2   0x00000008   Code   RO         2533    .ARM.Collect$$rtentry$$0000000D  c_w.l(__rtentry2.o)
    0x080001ba   0x00000002   Code   RO         2554    .ARM.Collect$$rtexit$$00000000  c_w.l(rtexit.o)
    0x080001bc   0x00000000   Code   RO         2602    .ARM.Collect$$rtexit$$00000002  c_w.l(rtexit2.o)
    0x080001bc   0x00000004   Code   RO         2603    .ARM.Collect$$rtexit$$00000003  c_w.l(rtexit2.o)
    0x080001c0   0x00000006   Code   RO         2604    .ARM.Collect$$rtexit$$00000004  c_w.l(rtexit2.o)
    0x080001c6   0x00000002   PAD
    0x080001c8   0x00000038   Code   RO            4    .text               startup_stm32f10x_md.o
    0x08000200   0x00000002   Code   RO         2470    .text               c_w.l(use_no_semi_2.o)
    0x08000202   0x00000058   Code   RO         2472    .text               c_w.l(memcmp.o)
    0x0800025a   0x00000006   Code   RO         2476    .text               c_w.l(heapauxi.o)
    0x08000260   0x00000002   Code   RO         2512    .text               c_w.l(use_no_semi.o)
    0x08000262   0x0000004a   Code   RO         2541    .text               c_w.l(sys_stackheap_outer.o)
    0x080002ac   0x00000012   Code   RO         2543    .text               c_w.l(exit.o)
    0x080002be   0x00000002   PAD
    0x080002c0   0x00000008   Code   RO         2551    .text               c_w.l(libspace.o)
    0x080002c8   0x00000128   Code   RO          332    i.Adc_Init          adc.o
    0x080003f0   0x00000004   Code   RO         2180    i.BusFault_Handler  stm32f10x_it.o
    0x080003f4   0x0000004c   Code   RO          456    i.DWM1000_Init      dwm1000.o
    0x08000440   0x00000002   Code   RO         2181    i.DebugMon_Handler  stm32f10x_it.o
    0x08000442   0x00000002   PAD
    0x08000444   0x000001d0   Code   RO          457    i.Dwm1000_Start     dwm1000.o
    0x08000614   0x0000001c   Code   RO          647    i.EXTI_GetITEnStatus  port.o
    0x08000630   0x00000116   Code   RO         1748    i.GPIO_Init         stm32f10x_gpio.o
    0x08000746   0x00000004   Code   RO         1755    i.GPIO_ResetBits    stm32f10x_gpio.o
    0x0800074a   0x00000004   Code   RO         1756    i.GPIO_SetBits      stm32f10x_gpio.o
    0x0800074e   0x00000004   Code   RO         2182    i.HardFault_Handler  stm32f10x_it.o
    0x08000752   0x00000002   PAD
    0x08000754   0x00000074   Code   RO          314    i.KEY_Init          key.o
    0x080007c8   0x0000003c   Code   RO          302    i.LED_Init          led.o
    0x08000804   0x00000068   Code   RO          129    i.MYRCC_DeInit      sys.o
    0x0800086c   0x00000078   Code   RO          130    i.MY_NVIC_Init      sys.o
    0x080008e4   0x00000028   Code   RO          131    i.MY_NVIC_PriorityGroupConfig  sys.o
    0x0800090c   0x00000014   Code   RO          132    i.MY_NVIC_SetVectorTable  sys.o
    0x08000920   0x00000004   Code   RO         2183    i.MemManage_Handler  stm32f10x_it.o
    0x08000924   0x00000002   Code   RO         2184    i.NMI_Handler       stm32f10x_it.o
    0x08000926   0x00000002   PAD
    0x08000928   0x00000028   Code   RO          650    i.NVIC_SetPriority  port.o
    0x08000950   0x0000003a   Code   RO          360    i.OLED_Fill         oled.o
    0x0800098a   0x00000030   Code   RO          361    i.OLED_HEXACSII     oled.o
    0x080009ba   0x00000002   PAD
    0x080009bc   0x00000124   Code   RO          362    i.OLED_Init         oled.o
    0x08000ae0   0x00000100   Code   RO          367    i.OLED_P8x16_Float  oled.o
    0x08000be0   0x00000080   Code   RO          369    i.OLED_P8x16_Str    oled.o
    0x08000c60   0x00000028   Code   RO          370    i.OLED_Set_Pos      oled.o
    0x08000c88   0x00000050   Code   RO          371    i.OLED_WrCmd        oled.o
    0x08000cd8   0x00000054   Code   RO          372    i.OLED_WrDat        oled.o
    0x08000d2c   0x00000002   Code   RO         2185    i.PendSV_Handler    stm32f10x_it.o
    0x08000d2e   0x00000002   PAD
    0x08000d30   0x00000020   Code   RO         1545    i.RCC_APB1PeriphResetCmd  stm32f10x_rcc.o
    0x08000d50   0x00000020   Code   RO         1546    i.RCC_APB2PeriphClockCmd  stm32f10x_rcc.o
    0x08000d70   0x00000020   Code   RO         1547    i.RCC_APB2PeriphResetCmd  stm32f10x_rcc.o
    0x08000d90   0x0000001c   Code   RO          653    i.SPI_ChangeRate    port.o
    0x08000dac   0x00000018   Code   RO         1399    i.SPI_Cmd           stm32f10x_spi.o
    0x08000dc4   0x000000b4   Code   RO          655    i.SPI_Configuration  port.o
    0x08000e78   0x00000058   Code   RO         1406    i.SPI_I2S_DeInit    stm32f10x_spi.o
    0x08000ed0   0x00000012   Code   RO         1407    i.SPI_I2S_GetFlagStatus  stm32f10x_spi.o
    0x08000ee2   0x0000003c   Code   RO         1412    i.SPI_Init          stm32f10x_spi.o
    0x08000f1e   0x00000018   Code   RO         1414    i.SPI_SSOutputCmd   stm32f10x_spi.o
    0x08000f36   0x00000002   Code   RO         2186    i.SVC_Handler       stm32f10x_it.o
    0x08000f38   0x00000090   Code   RO          133    i.Stm32_Clock_Init  sys.o
    0x08000fc8   0x00000054   Code   RO          656    i.SysTick_Configuration  port.o
    0x0800101c   0x00000010   Code   RO         2187    i.SysTick_Handler   stm32f10x_it.o
    0x0800102c   0x00000030   Code   RO          208    i.USART1_IRQHandler  usart.o
    0x0800105c   0x000000bc   Code   RO          262    i.USART2_IRQHandler  usart2.o
    0x08001118   0x00000004   Code   RO         2188    i.UsageFault_Handler  stm32f10x_it.o
    0x0800111c   0x00000038   Code   RO          796    i._dwt_configlde    deca_device.o
    0x08001154   0x000000e4   Code   RO          798    i._dwt_enableclocks  deca_device.o
    0x08001238   0x00000034   Code   RO          799    i._dwt_loaducodefromrom  deca_device.o
    0x0800126c   0x0000004e   Code   RO          801    i._dwt_otpread      deca_device.o
    0x080012ba   0x00000004   Code   RO          209    i._sys_exit         usart.o
    0x080012be   0x00000018   Code   RO          589    i.deca_sleep        deca_sleep.o
    0x080012d6   0x0000001c   Code   RO          534    i.decamutexoff      deca_mutex.o
    0x080012f2   0x00000002   PAD
    0x080012f4   0x00000028   Code   RO          535    i.decamutexon       deca_mutex.o
    0x0800131c   0x00000040   Code   RO           80    i.delay_init        delay.o
    0x0800135c   0x0000003c   Code   RO           81    i.delay_ms          delay.o
    0x08001398   0x00000248   Code   RO          809    i.dwt_configure     deca_device.o
    0x080015e0   0x00000026   Code   RO          816    i.dwt_entersleepaftertx  deca_device.o
    0x08001606   0x00000002   PAD
    0x08001608   0x00000140   Code   RO          821    i.dwt_initialise    deca_device.o
    0x08001748   0x0000002c   Code   RO          827    i.dwt_read16bitoffsetreg  deca_device.o
    0x08001774   0x00000038   Code   RO          828    i.dwt_read32bitoffsetreg  deca_device.o
    0x080017ac   0x0000000c   Code   RO          830    i.dwt_readdevid     deca_device.o
    0x080017b8   0x00000064   Code   RO          833    i.dwt_readfromdevice  deca_device.o
    0x0800181c   0x00000016   Code   RO          834    i.dwt_readrxdata    deca_device.o
    0x08001832   0x00000012   Code   RO          835    i.dwt_readrxtimestamp  deca_device.o
    0x08001844   0x00000012   Code   RO          841    i.dwt_readtxtimestamp  deca_device.o
    0x08001856   0x00000010   Code   RO          855    i.dwt_setdelayedtrxtime  deca_device.o
    0x08001866   0x00000024   Code   RO          861    i.dwt_setrxaftertxdelay  deca_device.o
    0x0800188a   0x00000012   Code   RO          862    i.dwt_setrxantennadelay  deca_device.o
    0x0800189c   0x0000006c   Code   RO          864    i.dwt_setrxtimeout  deca_device.o
    0x08001908   0x00000010   Code   RO          866    i.dwt_settxantennadelay  deca_device.o
    0x08001918   0x0000009c   Code   RO          869    i.dwt_starttx       deca_device.o
    0x080019b4   0x00000026   Code   RO          871    i.dwt_write16bitoffsetreg  deca_device.o
    0x080019da   0x00000030   Code   RO          872    i.dwt_write32bitoffsetreg  deca_device.o
    0x08001a0a   0x00000068   Code   RO          873    i.dwt_writetodevice  deca_device.o
    0x08001a72   0x00000026   Code   RO          874    i.dwt_writetxdata   deca_device.o
    0x08001a98   0x00000024   Code   RO          875    i.dwt_writetxfctrl  deca_device.o
    0x08001abc   0x00000034   Code   RO          876    i.dwt_xtaltrim      deca_device.o
    0x08001af0   0x0000001a   Code   RO          458    i.final_msg_set_ts  dwm1000.o
    0x08001b0a   0x0000002c   Code   RO          459    i.get_rx_timestamp_u64  dwm1000.o
    0x08001b36   0x0000002c   Code   RO          460    i.get_tx_timestamp_u64  dwm1000.o
    0x08001b62   0x00000002   PAD
    0x08001b64   0x000000dc   Code   RO           10    i.main              test.o
    0x08001c40   0x0000001a   Code   RO          663    i.peripherals_init  port.o
    0x08001c5a   0x00000002   PAD
    0x08001c5c   0x0000000c   Code   RO          664    i.portGetTickCnt    port.o
    0x08001c68   0x00000080   Code   RO          606    i.readfromspi_serial  deca_spi.o
    0x08001ce8   0x0000004c   Code   RO          665    i.reset_DW1000      port.o
    0x08001d34   0x0000000a   Code   RO          667    i.spi_set_rate_high  port.o
    0x08001d3e   0x0000000a   Code   RO          668    i.spi_set_rate_low  port.o
    0x08001d48   0x000000ec   Code   RO          263    i.uart2_init        usart2.o
    0x08001e34   0x000000dc   Code   RO          211    i.uart_init         usart.o
    0x08001f10   0x0000007c   Code   RO          607    i.writetospi_serial  deca_spi.o
    0x08001f8c   0x000000c4   Code   RO         2488    x$fpl$fadd          fz_ws.l(faddsub_clz.o)
    0x08002050   0x00000018   Code   RO         2519    x$fpl$fcmpinf       fz_ws.l(fcmpi.o)
    0x08002068   0x00000184   Code   RO         2495    x$fpl$fdiv          fz_ws.l(fdiv.o)
    0x080021ec   0x0000003e   Code   RO         2498    x$fpl$ffixu         fz_ws.l(ffixu.o)
    0x0800222a   0x00000002   PAD
    0x0800222c   0x00000026   Code   RO         2502    x$fpl$ffltu         fz_ws.l(fflt_clz.o)
    0x08002252   0x00000002   PAD
    0x08002254   0x00000068   Code   RO         2508    x$fpl$fleqf         fz_ws.l(fleqf.o)
    0x080022bc   0x00000102   Code   RO         2510    x$fpl$fmul          fz_ws.l(fmul.o)
    0x080023be   0x0000008c   Code   RO         2521    x$fpl$fnaninf       fz_ws.l(fnaninf.o)
    0x0800244a   0x0000000a   Code   RO         2523    x$fpl$fretinf       fz_ws.l(fretinf.o)
    0x08002454   0x00000014   Code   RO         2489    x$fpl$frsb          fz_ws.l(faddsub_clz.o)
    0x08002468   0x000000ea   Code   RO         2490    x$fpl$fsub          fz_ws.l(faddsub_clz.o)
    0x08002552   0x00000000   Code   RO         2525    x$fpl$usenofp       fz_ws.l(usenofp.o)
    0x08002552   0x00000002   PAD
    0x08002554   0x000009cc   Data   RO          373    .constdata          oled.o
    0x08002f20   0x000000ae   Data   RO         1310    .constdata          deca_params_init.o
    0x08002fce   0x00000002   PAD
    0x08002fd0   0x00000020   Data   RO         2674    Region$$Table       anon$$obj.o


    Execution Region RW_IRAM1 (Base: 0x20000000, Size: 0x00000920, Max: 0x00005000, ABSOLUTE, COMPRESSED[0x00000080])

    Base Addr    Size         Type   Attr      Idx    E Section Name        Object

    0x20000000   0x00000130   Data   RW           12    .data               test.o
    0x20000130   0x00000004   Data   RW           83    .data               delay.o
    0x20000134   0x0000000c   Data   RW          213    .data               usart.o
    0x20000140   0x00000004   Data   RW          264    .data               usart2.o
    0x20000144   0x00000080   Data   RW          374    .data               oled.o
    0x200001c4   0x00000004   PAD
    0x200001c8   0x00000064   Data   RW          462    .data               dwm1000.o
    0x2000022c   0x00000014   Data   RW         1357    .data               system_stm32f10x.o
    0x20000240   0x00000004   Data   RW         2189    .data               stm32f10x_it.o
    0x20000244   0x0000001e   Zero   RW           11    .bss                test.o
    0x20000262   0x00000018   Zero   RW          461    .bss                dwm1000.o
    0x2000027a   0x00000002   PAD
    0x2000027c   0x00000040   Zero   RW          877    .bss                deca_device.o
    0x200002bc   0x00000060   Zero   RW         2552    .bss                c_w.l(libspace.o)
    0x2000031c   0x00000004   PAD
    0x20000320   0x00000200   Zero   RW            2    HEAP                startup_stm32f10x_md.o
    0x20000520   0x00000400   Zero   RW            1    STACK               startup_stm32f10x_md.o


==============================================================================

Image component sizes


      Code (inc. data)   RO Data    RW Data    ZI Data      Debug   Object Name

       296         16          0          0          0        607   adc.o
      2292         86          0          0         64      24878   deca_device.o
        68          6          0          0          0      35456   deca_mutex.o
         0          0        174          0          0       2165   deca_params_init.o
        24          0          0          0          0        677   deca_sleep.o
       252         18          0          0          0       6273   deca_spi.o
       124         12          0          4          0     203228   delay.o
       654         62          0        100         24       7719   dwm1000.o
       116         18          0          0          0        515   key.o
        60          8          0          0          0        503   led.o
       986         64       2508        128          0       6930   oled.o
       494         44          0          0          0      21515   port.o
        56         22        236          0       1536        868   startup_stm32f10x_md.o
       286          0          0          0          0       3588   stm32f10x_gpio.o
        40          4          0          4          0       5704   stm32f10x_it.o
        96         18          0          0          0       2115   stm32f10x_rcc.o
       214         12          0          0          0       4696   stm32f10x_spi.o
       428         44          0          0          0       3320   sys.o
         0          0          0         20          0     202820   system_stm32f10x.o
       220         38          0        304         30     211563   test.o
       272         30          0         12          0       3962   usart.o
       424         56          0          4          0       1581   usart2.o

    ----------------------------------------------------------------------
      7420        558       2952        580       1656     750683   Object Totals
         0          0         32          0          0          0   (incl. Generated)
        18          0          2          4          2          0   (incl. Padding)

    ----------------------------------------------------------------------

      Code (inc. data)   RO Data    RW Data    ZI Data      Debug   Library Member Name

        90          0          0          0          0          0   __dczerorl2.o
         8          0          0          0          0         68   __main.o
         0          0          0          0          0          0   __rtentry.o
        12          0          0          0          0          0   __rtentry2.o
         6          0          0          0          0          0   __rtentry4.o
        52          8          0          0          0          0   __scatter.o
        28          0          0          0          0          0   __scatter_zi.o
        18          0          0          0          0         80   exit.o
         6          0          0          0          0        152   heapauxi.o
         2          0          0          0          0          0   libinit.o
         2          0          0          0          0          0   libinit2.o
         2          0          0          0          0          0   libshutdown.o
         2          0          0          0          0          0   libshutdown2.o
         8          4          0          0         96         68   libspace.o
        88          0          0          0          0         76   memcmp.o
         2          0          0          0          0          0   rtexit.o
        10          0          0          0          0          0   rtexit2.o
        74          0          0          0          0         80   sys_stackheap_outer.o
         2          0          0          0          0         68   use_no_semi.o
         2          0          0          0          0         68   use_no_semi_2.o
       450          8          0          0          0        236   faddsub_clz.o
        24          0          0          0          0         68   fcmpi.o
       388         76          0          0          0         96   fdiv.o
        62          4          0          0          0         84   ffixu.o
        38          0          0          0          0         68   fflt_clz.o
       104          4          0          0          0         84   fleqf.o
       258          4          0          0          0         84   fmul.o
       140          4          0          0          0         84   fnaninf.o
        10          0          0          0          0         68   fretinf.o
         0          0          0          0          0          0   usenofp.o

    ----------------------------------------------------------------------
      1900        112          0          0        100       1532   Library Totals
        12          0          0          0          4          0   (incl. Padding)

    ----------------------------------------------------------------------

      Code (inc. data)   RO Data    RW Data    ZI Data      Debug   Library Name

       414         12          0          0         96        660   c_w.l
      1474        100          0          0          0        872   fz_ws.l

    ----------------------------------------------------------------------
      1900        112          0          0        100       1532   Library Totals

    ----------------------------------------------------------------------

==============================================================================


      Code (inc. data)   RO Data    RW Data    ZI Data      Debug   

      9320        670       2952        580       1756     747011   Grand Totals
      9320        670       2952        128       1756     747011   ELF Image Totals (compressed)
      9320        670       2952        128          0          0   ROM Totals

==============================================================================

    Total RO  Size (Code + RO Data)                12272 (  11.98kB)
    Total RW  Size (RW Data + ZI Data)              2336 (   2.28kB)
    Total ROM Size (Code + RO Data + RW Data)      12400 (  12.11kB)

==============================================================================

